Component: ARM Compiler 5.06 update 1 (build 61) Tool: armlink [4d35a8]

==============================================================================

Section Cross References

    main.o(.text) refers to misc.o(.text) for NVIC_PriorityGroupConfig
    main.o(.text) refers to delay.o(.text) for delay_init
    main.o(.text) refers to usart.o(.text) for uart_init
    main.o(.text) refers to usart3.o(.text) for USART3_Init
    main.o(.text) refers to usart2.o(.text) for USART2_Init
    main.o(.text) refers to led.o(.text) for To_Pi_Init
    main.o(.text) refers to lcd.o(.text) for LCD_Init
    main.o(.text) refers to key.o(.text) for KEY_Init
    main.o(.text) refers to w25qxx.o(.text) for W25QXX_Init
    main.o(.text) refers to exti.o(.text) for EXTIX_Init
    main.o(.text) refers to timer.o(.text) for TIM3_Int_Init
    main.o(.text) refers to sram.o(.text) for FSMC_SRAM_Init
    main.o(.text) refers to malloc.o(.text) for my_mem_init
    main.o(.text) refers to exfuns.o(.text) for exfuns_init
    main.o(.text) refers to piclib.o(.text) for piclib_init
    main.o(.text) refers to rng.o(.text) for RNG_Init
    main.o(.text) refers to rtc.o(.text) for RTC_Set_WakeUp
    main.o(.text) refers to ff.o(.text) for f_mount
    main.o(.text) refers to fontupd.o(.text) for font_init
    main.o(.text) refers to sdio_sdcard.o(.text) for SD_Init
    main.o(.text) refers to interface.o(.text) for ShowBagin
    main.o(.text) refers to voice.o(.text) for voice
    main.o(.text) refers to stm32f4xx_usart.o(.text) for USART_ReceiveData
    main.o(.text) refers to csnake.o(.text) for RunSnake
    main.o(.text) refers to tetris.o(.text) for RunTetris
    main.o(.text) refers to stm32f4xx_gpio.o(.text) for GPIO_SetBits
    main.o(.text) refers to show_badapple.o(.text) for Show_Bad_Apple
    main.o(.text) refers to show_aoligei.o(.text) for Show_Aligei
    main.o(.text) refers to usmart_config.o(.data) for usmart_dev
    main.o(.text) refers to exfuns.o(.data) for fs
    main.o(.text) refers to main.o(.data) for g_key
    main.o(.text) refers to tetris.o(.data) for g_uFlag
    system_stm32f4xx.o(.text) refers to system_stm32f4xx.o(.data) for SystemCoreClock
    led.o(.text) refers to stm32f4xx_rcc.o(.text) for RCC_AHB1PeriphClockCmd
    led.o(.text) refers to stm32f4xx_gpio.o(.text) for GPIO_Init
    lcd.o(.text) refers to delay.o(.text) for delay_us
    lcd.o(.text) refers to lcd.o(.bss) for lcddev
    lcd.o(.text) refers to lcd.o(.data) for POINT_COLOR
    lcd.o(.text) refers to dfltui.o(.text) for __aeabi_ui2d
    lcd.o(.text) refers to dmul.o(.text) for __aeabi_dmul
    lcd.o(.text) refers to dfixui.o(.text) for __aeabi_d2uiz
    lcd.o(.text) refers to stm32f4xx_rcc.o(.text) for RCC_AHB1PeriphClockCmd
    lcd.o(.text) refers to stm32f4xx_gpio.o(.text) for GPIO_Init
    lcd.o(.text) refers to stm32f4xx_fsmc.o(.text) for FSMC_NORSRAMInit
    lcd.o(.text) refers to printf8.o(i.__0printf$8) for __2printf
    lcd.o(.text) refers to lcd.o(.constdata) for asc2_1206
    key.o(.text) refers to stm32f4xx_rcc.o(.text) for RCC_AHB1PeriphClockCmd
    key.o(.text) refers to stm32f4xx_gpio.o(.text) for GPIO_Init
    key.o(.text) refers to delay.o(.text) for delay_ms
    key.o(.text) refers to key.o(.data) for key_up
    spi.o(.text) refers to stm32f4xx_spi.o(.text) for SPI_I2S_GetFlagStatus
    spi.o(.text) refers to stm32f4xx_rcc.o(.text) for RCC_AHB1PeriphClockCmd
    spi.o(.text) refers to stm32f4xx_gpio.o(.text) for GPIO_Init
    w25qxx.o(.text) refers to spi.o(.text) for SPI1_ReadWriteByte
    w25qxx.o(.text) refers to stm32f4xx_rcc.o(.text) for RCC_AHB1PeriphClockCmd
    w25qxx.o(.text) refers to stm32f4xx_gpio.o(.text) for GPIO_Init
    w25qxx.o(.text) refers to printf8.o(i.__0printf$8) for __2printf
    w25qxx.o(.text) refers to delay.o(.text) for delay_us
    w25qxx.o(.text) refers to w25qxx.o(.data) for W25QXX_TYPE
    w25qxx.o(.text) refers to w25qxx.o(.bss) for W25QXX_BUFFER
    sdio_sdcard.o(.text) refers to stm32f4xx_sdio.o(.text) for SDIO_GetFlagStatus
    sdio_sdcard.o(.text) refers to sdio_sdcard.o(.data) for DeviceMode
    sdio_sdcard.o(.text) refers to sdio_sdcard.o(.bss) for SDIO_CmdInitStructure
    sdio_sdcard.o(.text) refers to stm32f4xx_rcc.o(.text) for RCC_AHB1PeriphClockCmd
    sdio_sdcard.o(.text) refers to stm32f4xx_gpio.o(.text) for GPIO_Init
    sdio_sdcard.o(.text) refers to misc.o(.text) for NVIC_Init
    sdio_sdcard.o(.text) refers to stm32f4xx_dma.o(.text) for DMA_GetCmdStatus
    sdio_sdcard.o(.text) refers to sys.o(.emb_text) for INTX_DISABLE
    sdio_sdcard.o(.text) refers to memcpya.o(.text) for __aeabi_memcpy
    sram.o(.text) refers to stm32f4xx_rcc.o(.text) for RCC_AHB1PeriphClockCmd
    sram.o(.text) refers to stm32f4xx_gpio.o(.text) for GPIO_Init
    sram.o(.text) refers to stm32f4xx_fsmc.o(.text) for FSMC_NORSRAMInit
    timer.o(.text) refers to stm32f4xx_rcc.o(.text) for RCC_APB1PeriphClockCmd
    timer.o(.text) refers to stm32f4xx_tim.o(.text) for TIM_TimeBaseInit
[...]
    CAN1_RX1_IRQHandler                      0x08009aef   Thumb Code     0  startup_stm32f40_41xxx.o(.text)
    CAN1_SCE_IRQHandler                      0x08009aef   Thumb Code     0  startup_stm32f40_41xxx.o(.text)
    CAN1_TX_IRQHandler                       0x08009aef   Thumb Code     0  startup_stm32f40_41xxx.o(.text)
    CAN2_RX0_IRQHandler                      0x08009aef   Thumb Code     0  startup_stm32f40_41xxx.o(.text)
    CAN2_RX1_IRQHandler                      0x08009aef   Thumb Code     0  startup_stm32f40_41xxx.o(.text)
    CAN2_SCE_IRQHandler                      0x08009aef   Thumb Code     0  startup_stm32f40_41xxx.o(.text)
    CAN2_TX_IRQHandler                       0x08009aef   Thumb Code     0  startup_stm32f40_41xxx.o(.text)
    CRYP_IRQHandler                          0x08009aef   Thumb Code     0  startup_stm32f40_41xxx.o(.text)
    DCMI_IRQHandler                          0x08009aef   Thumb Code     0  startup_stm32f40_41xxx.o(.text)
    DMA1_Stream0_IRQHandler                  0x08009aef   Thumb Code     0  startup_stm32f40_41xxx.o(.text)
    DMA1_Stream1_IRQHandler                  0x08009aef   Thumb Code     0  startup_stm32f40_41xxx.o(.text)
    DMA1_Stream2_IRQHandler                  0x08009aef   Thumb Code     0  startup_stm32f40_41xxx.o(.text)
    DMA1_Stream3_IRQHandler                  0x08009aef   Thumb Code     0  startup_stm32f40_41xxx.o(.text)
    DMA1_Stream4_IRQHandler                  0x08009aef   Thumb Code     0  startup_stm32f40_41xxx.o(.text)
    DMA1_Stream5_IRQHandler                  0x08009aef   Thumb Code     0  startup_stm32f40_41xxx.o(.text)
    DMA1_Stream6_IRQHandler                  0x08009aef   Thumb Code     0  startup_stm32f40_41xxx.o(.text)
    DMA1_Stream7_IRQHandler                  0x08009aef   Thumb Code     0  startup_stm32f40_41xxx.o(.text)
    DMA2_Stream0_IRQHandler                  0x08009aef   Thumb Code     0  startup_stm32f40_41xxx.o(.text)
    DMA2_Stream1_IRQHandler                  0x08009aef   Thumb Code     0  startup_stm32f40_41xxx.o(.text)
    DMA2_Stream2_IRQHandler                  0x08009aef   Thumb Code     0  startup_stm32f40_41xxx.o(.text)
    DMA2_Stream3_IRQHandler                  0x08009aef   Thumb Code     0  startup_stm32f40_41xxx.o(.text)
    DMA2_Stream4_IRQHandler                  0x08009aef   Thumb Code     0  startup_stm32f40_41xxx.o(.text)
    DMA2_Stream5_IRQHandler                  0x08009aef   Thumb Code     0  startup_stm32f40_41xxx.o(.text)
    DMA2_Stream6_IRQHandler                  0x08009aef   Thumb Code     0  startup_stm32f40_41xxx.o(.text)
    DMA2_Stream7_IRQHandler                  0x08009aef   Thumb Code     0  startup_stm32f40_41xxx.o(.text)
    ETH_IRQHandler                           0x08009aef   Thumb Code     0  startup_stm32f40_41xxx.o(.text)
    ETH_WKUP_IRQHandler                      0x08009aef   Thumb Code     0  startup_stm32f40_41xxx.o(.text)
    EXTI0_IRQHandler                         0x08009aef   Thumb Code     0  startup_stm32f40_41xxx.o(.text)
    EXTI15_10_IRQHandler                     0x08009aef   Thumb Code     0  startup_stm32f40_41xxx.o(.text)
    EXTI1_IRQHandler                         0x08009aef   Thumb Code     0  startup_stm32f40_41xxx.o(.text)
    EXTI2_IRQHandler                         0x08009aef   Thumb Code     0  startup_stm32f40_41xxx.o(.text)
    EXTI3_IRQHandler                         0x08009aef   Thumb Code     0  startup_stm32f40_41xxx.o(.text)
    EXTI4_IRQHandler                         0x08009aef   Thumb Code     0  startup_stm32f40_41xxx.o(.text)
    EXTI9_5_IRQHandler                       0x08009aef   Thumb Code     0  startup_stm32f40_41xxx.o(.text)
    FLASH_IRQHandler                         0x08009aef   Thumb Code     0  startup_stm32f40_41xxx.o(.text)
    FPU_IRQHandler                           0x08009aef   Thumb Code     0  startup_stm32f40_41xxx.o(.text)
    FSMC_IRQHandler                          0x08009aef   Thumb Code     0  startup_stm32f40_41xxx.o(.text)
    HASH_RNG_IRQHandler                      0x08009aef   Thumb Code     0  startup_stm32f40_41xxx.o(.text)
    I2C1_ER_IRQHandler                       0x08009aef   Thumb Code     0  startup_stm32f40_41xxx.o(.text)
    I2C1_EV_IRQHandler                       0x08009aef   Thumb Code     0  startup_stm32f40_41xxx.o(.text)
    I2C2_ER_IRQHandler                       0x08009aef   Thumb Code     0  startup_stm32f40_41xxx.o(.text)
    I2C2_EV_IRQHandler                       0x08009aef   Thumb Code     0  startup_stm32f40_41xxx.o(.text)
    I2C3_ER_IRQHandler                       0x08009aef   Thumb Code     0  startup_stm32f40_41xxx.o(.text)
    I2C3_EV_IRQHandler                       0x08009aef   Thumb Code     0  startup_stm32f40_41xxx.o(.text)
    OTG_FS_IRQHandler                        0x08009aef   Thumb Code     0  startup_stm32f40_41xxx.o(.text)
    OTG_FS_WKUP_IRQHandler                   0x08009aef   Thumb Code     0  startup_stm32f40_41xxx.o(.text)
    OTG_HS_EP1_IN_IRQHandler                 0x08009aef   Thumb Code     0  startup_stm32f40_41xxx.o(.text)
    OTG_HS_EP1_OUT_IRQHandler                0x08009aef   Thumb Code     0  startup_stm32f40_41xxx.o(.text)
    OTG_HS_IRQHandler                        0x08009aef   Thumb Code     0  startup_stm32f40_41xxx.o(.text)
    OTG_HS_WKUP_IRQHandler                   0x08009aef   Thumb Code     0  startup_stm32f40_41xxx.o(.text)
    PVD_IRQHandler                           0x08009aef   Thumb Code     0  startup_stm32f40_41xxx.o(.text)
    RCC_IRQHandler                           0x08009aef   Thumb Code     0  startup_stm32f40_41xxx.o(.text)
    SPI1_IRQHandler                          0x08009aef   Thumb Code     0  startup_stm32f40_41xxx.o(.text)
    SPI2_IRQHandler                          0x08009aef   Thumb Code     0  startup_stm32f40_41xxx.o(.text)
    SPI3_IRQHandler                          0x08009aef   Thumb Code     0  startup_stm32f40_41xxx.o(.text)
    TAMP_STAMP_IRQHandler                    0x08009aef   Thumb Code     0  startup_stm32f40_41xxx.o(.text)
    TIM1_BRK_TIM9_IRQHandler                 0x08009aef   Thumb Code     0  startup_stm32f40_41xxx.o(.text)
    TIM1_CC_IRQHandler                       0x08009aef   Thumb Code     0  startup_stm32f40_41xxx.o(.text)
    TIM1_TRG_COM_TIM11_IRQHandler            0x08009aef   Thumb Code     0  startup_stm32f40_41xxx.o(.text)
    TIM1_UP_TIM10_IRQHandler                 0x08009aef   Thumb Code     0  startup_stm32f40_41xxx.o(.text)
    TIM2_IRQHandler                          0x08009aef   Thumb Code     0  startup_stm32f40_41xxx.o(.text)
    TIM5_IRQHandler                          0x08009aef   Thumb Code     0  startup_stm32f40_41xxx.o(.text)
    TIM6_DAC_IRQHandler                      0x08009aef   Thumb Code     0  startup_stm32f40_41xxx.o(.text)
    TIM7_IRQHandler                          0x08009aef   Thumb Code     0  startup_stm32f40_41xxx.o(.text)
    TIM8_BRK_TIM12_IRQHandler                0x08009aef   Thumb Code     0  startup_stm32f40_41xxx.o(.text)
    TIM8_CC_IRQHandler                       0x08009aef   Thumb Code     0  startup_stm32f40_41xxx.o(.text)
    TIM8_TRG_COM_TIM14_IRQHandler            0x08009aef   Thumb Code     0  startup_stm32f40_41xxx.o(.text)
    TIM8_UP_TIM13_IRQHandler                 0x08009aef   Thumb Code     0  startup_stm32f40_41xxx.o(.text)
    UART4_IRQHandler                         0x08009aef   Thumb Code     0  startup_stm32f40_41xxx.o(.text)
    UART5_IRQHandler                         0x08009aef   Thumb Code     0  startup_stm32f40_41xxx.o(.text)
    USART6_IRQHandler                        0x08009aef   Thumb Code     0  startup_stm32f40_41xxx.o(.text)
    WWDG_IRQHandler                          0x08009aef   Thumb Code     0  startup_stm32f40_41xxx.o(.text)
    NVIC_PriorityGroupConfig                 0x08009af9   Thumb Code    10  misc.o(.text)
    NVIC_Init                                0x08009b03   Thumb Code   106  misc.o(.text)
    NVIC_SetVectorTable                      0x08009b6d   Thumb Code    14  misc.o(.text)
    NVIC_SystemLPConfig                      0x08009b7b   Thumb Code    34  misc.o(.text)
    SysTick_CLKSourceConfig                  0x08009b9d   Thumb Code    40  misc.o(.text)
    GPIO_DeInit                              0x08009bd9   Thumb Code   268  stm32f4xx_gpio.o(.text)
    GPIO_Init                                0x08009ce5   Thumb Code   144  stm32f4xx_gpio.o(.text)
    GPIO_StructInit                          0x08009d75   Thumb Code    18  stm32f4xx_gpio.o(.text)
    GPIO_PinLockConfig                       0x08009d87   Thumb Code    34  stm32f4xx_gpio.o(.text)
    GPIO_ReadInputDataBit                    0x08009da9   Thumb Code    18  stm32f4xx_gpio.o(.text)
    GPIO_ReadInputData                       0x08009dbb   Thumb Code     8  stm32f4xx_gpio.o(.text)
    GPIO_ReadOutputDataBit                   0x08009dc3   Thumb Code    18  stm32f4xx_gpio.o(.text)
    GPIO_ReadOutputData                      0x08009dd5   Thumb Code     8  stm32f4xx_gpio.o(.text)
    GPIO_SetBits                             0x08009ddd   Thumb Code     4  stm32f4xx_gpio.o(.text)
    GPIO_ResetBits                           0x08009de1   Thumb Code     4  stm32f4xx_gpio.o(.text)
    GPIO_WriteBit                            0x08009de5   Thumb Code    10  stm32f4xx_gpio.o(.text)
    GPIO_Write                               0x08009def   Thumb Code     4  stm32f4xx_gpio.o(.text)
    GPIO_ToggleBits                          0x08009df3   Thumb Code     8  stm32f4xx_gpio.o(.text)
    GPIO_PinAFConfig                         0x08009dfb   Thumb Code    70  stm32f4xx_gpio.o(.text)
    FSMC_NORSRAMDeInit                       0x08009e6d   Thumb Code    54  stm32f4xx_fsmc.o(.text)
    FSMC_NORSRAMInit                         0x08009ea3   Thumb Code   230  stm32f4xx_fsmc.o(.text)
    FSMC_NORSRAMStructInit                   0x08009f89   Thumb Code    48  stm32f4xx_fsmc.o(.text)
    FSMC_NORSRAMCmd                          0x08009fb9   Thumb Code    46  stm32f4xx_fsmc.o(.text)
    FSMC_NANDDeInit                          0x08009fe7   Thumb Code    62  stm32f4xx_fsmc.o(.text)
    FSMC_NANDInit                            0x0800a025   Thumb Code   132  stm32f4xx_fsmc.o(.text)
    FSMC_NANDStructInit                      0x0800a0a9   Thumb Code    54  stm32f4xx_fsmc.o(.text)
    FSMC_NANDCmd                             0x0800a0df   Thumb Code    86  stm32f4xx_fsmc.o(.text)
    FSMC_NANDECCCmd                          0x0800a135   Thumb Code    86  stm32f4xx_fsmc.o(.text)
    FSMC_GetECC                              0x0800a18b   Thumb Code    24  stm32f4xx_fsmc.o(.text)
    FSMC_PCCARDDeInit                        0x0800a1a3   Thumb Code    36  stm32f4xx_fsmc.o(.text)
    FSMC_PCCARDInit                          0x0800a1c7   Thumb Code   130  stm32f4xx_fsmc.o(.text)
    FSMC_PCCARDStructInit                    0x0800a249   Thumb Code    60  stm32f4xx_fsmc.o(.text)
    FSMC_PCCARDCmd                           0x0800a285   Thumb Code    44  stm32f4xx_fsmc.o(.text)
    FSMC_ITConfig                            0x0800a2b1   Thumb Code   128  stm32f4xx_fsmc.o(.text)
    FSMC_GetFlagStatus                       0x0800a331   Thumb Code    54  stm32f4xx_fsmc.o(.text)
    FSMC_ClearFlag                           0x0800a367   Thumb Code    74  stm32f4xx_fsmc.o(.text)
    FSMC_GetITStatus                         0x0800a3b1   Thumb Code    62  stm32f4xx_fsmc.o(.text)
    FSMC_ClearITPendingBit                   0x0800a3ef   Thumb Code    66  stm32f4xx_fsmc.o(.text)
    RCC_DeInit                               0x0800a435   Thumb Code    82  stm32f4xx_rcc.o(.text)
    RCC_HSEConfig                            0x0800a487   Thumb Code    14  stm32f4xx_rcc.o(.text)
    RCC_GetFlagStatus                        0x0800a495   Thumb Code    60  stm32f4xx_rcc.o(.text)
    RCC_WaitForHSEStartUp                    0x0800a4d1   Thumb Code    56  stm32f4xx_rcc.o(.text)
    RCC_AdjustHSICalibrationValue            0x0800a509   Thumb Code    20  stm32f4xx_rcc.o(.text)
    RCC_HSICmd                               0x0800a51d   Thumb Code     6  stm32f4xx_rcc.o(.text)
    RCC_LSEConfig                            0x0800a523   Thumb Code    46  stm32f4xx_rcc.o(.text)
    RCC_LSICmd                               0x0800a551   Thumb Code     6  stm32f4xx_rcc.o(.text)
    RCC_PLLConfig                            0x0800a557   Thumb Code    32  stm32f4xx_rcc.o(.text)
    RCC_PLLCmd                               0x0800a577   Thumb Code     6  stm32f4xx_rcc.o(.text)
    RCC_PLLI2SConfig                         0x0800a57d   Thumb Code    14  stm32f4xx_rcc.o(.text)
    RCC_PLLI2SCmd                            0x0800a58b   Thumb Code     6  stm32f4xx_rcc.o(.text)
    RCC_PLLSAIConfig                         0x0800a591   Thumb Code    20  stm32f4xx_rcc.o(.text)
    RCC_PLLSAICmd                            0x0800a5a5   Thumb Code     6  stm32f4xx_rcc.o(.text)
    RCC_ClockSecuritySystemCmd               0x0800a5ab   Thumb Code     6  stm32f4xx_rcc.o(.text)
    RCC_MCO1Config                           0x0800a5b1   Thumb Code    28  stm32f4xx_rcc.o(.text)
    RCC_MCO2Config                           0x0800a5cd   Thumb Code    28  stm32f4xx_rcc.o(.text)
    RCC_SYSCLKConfig                         0x0800a5e9   Thumb Code    20  stm32f4xx_rcc.o(.text)
    RCC_GetSYSCLKSource                      0x0800a5fd   Thumb Code    12  stm32f4xx_rcc.o(.text)
    RCC_HCLKConfig                           0x0800a609   Thumb Code    20  stm32f4xx_rcc.o(.text)
    RCC_PCLK1Config                          0x0800a61d   Thumb Code    20  stm32f4xx_rcc.o(.text)
    RCC_PCLK2Config                          0x0800a631   Thumb Code    22  stm32f4xx_rcc.o(.text)
    RCC_GetClocksFreq                        0x0800a647   Thumb Code   222  stm32f4xx_rcc.o(.text)
    RCC_RTCCLKConfig                         0x0800a725   Thumb Code    54  stm32f4xx_rcc.o(.text)
    RCC_RTCCLKCmd                            0x0800a75b   Thumb Code     8  stm32f4xx_rcc.o(.text)
    RCC_BackupResetCmd                       0x0800a763   Thumb Code     8  stm32f4xx_rcc.o(.text)
    RCC_I2SCLKConfig                         0x0800a76b   Thumb Code     6  stm32f4xx_rcc.o(.text)
    RCC_SAIPLLI2SClkDivConfig                0x0800a771   Thumb Code    26  stm32f4xx_rcc.o(.text)
    RCC_SAIPLLSAIClkDivConfig                0x0800a78b   Thumb Code    28  stm32f4xx_rcc.o(.text)
    RCC_SAIBlockACLKConfig                   0x0800a7a7   Thumb Code    20  stm32f4xx_rcc.o(.text)
    RCC_SAIBlockBCLKConfig                   0x0800a7bb   Thumb Code    20  stm32f4xx_rcc.o(.text)
    RCC_LTDCCLKDivConfig                     0x0800a7cf   Thumb Code    20  stm32f4xx_rcc.o(.text)
    RCC_TIMCLKPresConfig                     0x0800a7e3   Thumb Code     6  stm32f4xx_rcc.o(.text)
    RCC_AHB1PeriphClockCmd                   0x0800a7e9   Thumb Code    34  stm32f4xx_rcc.o(.text)
    RCC_AHB2PeriphClockCmd                   0x0800a80b   Thumb Code    78  stm32f4xx_rcc.o(.text)
    RCC_AHB3PeriphClockCmd                   0x0800a859   Thumb Code    34  stm32f4xx_rcc.o(.text)
    RCC_APB1PeriphClockCmd                   0x0800a87b   Thumb Code    34  stm32f4xx_rcc.o(.text)
    RCC_APB2PeriphClockCmd                   0x0800a89d   Thumb Code    34  stm32f4xx_rcc.o(.text)
    RCC_AHB1PeriphResetCmd                   0x0800a8bf   Thumb Code    34  stm32f4xx_rcc.o(.text)
    RCC_AHB2PeriphResetCmd                   0x0800a8e1   Thumb Code    34  stm32f4xx_rcc.o(.text)
    RCC_AHB3PeriphResetCmd                   0x0800a903   Thumb Code    34  stm32f4xx_rcc.o(.text)
    RCC_APB1PeriphResetCmd                   0x0800a925   Thumb Code    34  stm32f4xx_rcc.o(.text)
    RCC_APB2PeriphResetCmd                   0x0800a947   Thumb Code    34  stm32f4xx_rcc.o(.text)
    RCC_AHB1PeriphClockLPModeCmd             0x0800a969   Thumb Code    34  stm32f4xx_rcc.o(.text)
    RCC_AHB2PeriphClockLPModeCmd             0x0800a98b   Thumb Code    34  stm32f4xx_rcc.o(.text)
    RCC_AHB3PeriphClockLPModeCmd             0x0800a9ad   Thumb Code    34  stm32f4xx_rcc.o(.text)
    RCC_APB1PeriphClockLPModeCmd             0x0800a9cf   Thumb Code    34  stm32f4xx_rcc.o(.text)
    RCC_APB2PeriphClockLPModeCmd             0x0800a9f1   Thumb Code    34  stm32f4xx_rcc.o(.text)
    RCC_LSEModeConfig                        0x0800aa13   Thumb Code    40  stm32f4xx_rcc.o(.text)
    RCC_ITConfig                             0x0800aa3b   Thumb Code    34  stm32f4xx_rcc.o(.text)
    RCC_ClearFlag                            0x0800aa5d   Thumb Code    18  stm32f4xx_rcc.o(.text)
    RCC_GetITStatus                          0x0800aa6f   Thumb Code    22  stm32f4xx_rcc.o(.text)
    RCC_ClearITPendingBit                    0x0800aa85   Thumb Code     8  stm32f4xx_rcc.o(.text)
    USART_DeInit                             0x0800aa91   Thumb Code   206  stm32f4xx_usart.o(.text)
    USART_Init                               0x0800ab5f   Thumb Code   204  stm32f4xx_usart.o(.text)
    USART_StructInit                         0x0800ac2b   Thumb Code    24  stm32f4xx_usart.o(.text)
    USART_ClockInit                          0x0800ac43   Thumb Code    32  stm32f4xx_usart.o(.text)
    USART_ClockStructInit                    0x0800ac63   Thumb Code    12  stm32f4xx_usart.o(.text)
    USART_Cmd                                0x0800ac6f   Thumb Code    24  stm32f4xx_usart.o(.text)
    USART_SetPrescaler                       0x0800ac87   Thumb Code    16  stm32f4xx_usart.o(.text)
    USART_OverSampling8Cmd                   0x0800ac97   Thumb Code    22  stm32f4xx_usart.o(.text)
    USART_OneBitMethodCmd                    0x0800acad   Thumb Code    24  stm32f4xx_usart.o(.text)
    USART_SendData                           0x0800acc5   Thumb Code     8  stm32f4xx_usart.o(.text)
    USART_ReceiveData                        0x0800accd   Thumb Code    10  stm32f4xx_usart.o(.text)
    USART_SetAddress                         0x0800acd7   Thumb Code    18  stm32f4xx_usart.o(.text)
    USART_ReceiverWakeUpCmd                  0x0800ace9   Thumb Code    24  stm32f4xx_usart.o(.text)
    USART_WakeUpConfig                       0x0800ad01   Thumb Code    18  stm32f4xx_usart.o(.text)
    USART_LINBreakDetectLengthConfig         0x0800ad13   Thumb Code    18  stm32f4xx_usart.o(.text)
    USART_LINCmd                             0x0800ad25   Thumb Code    24  stm32f4xx_usart.o(.text)
    USART_SendBreak                          0x0800ad3d   Thumb Code    10  stm32f4xx_usart.o(.text)
    USART_HalfDuplexCmd                      0x0800ad47   Thumb Code    24  stm32f4xx_usart.o(.text)
    USART_SetGuardTime                       0x0800ad5f   Thumb Code    16  stm32f4xx_usart.o(.text)
    USART_SmartCardCmd                       0x0800ad6f   Thumb Code    24  stm32f4xx_usart.o(.text)
    USART_SmartCardNACKCmd                   0x0800ad87   Thumb Code    24  stm32f4xx_usart.o(.text)
    USART_IrDAConfig                         0x0800ad9f   Thumb Code    18  stm32f4xx_usart.o(.text)
    USART_IrDACmd                            0x0800adb1   Thumb Code    24  stm32f4xx_usart.o(.text)
    USART_DMACmd                             0x0800adc9   Thumb Code    18  stm32f4xx_usart.o(.text)
    USART_ITConfig                           0x0800addb   Thumb Code    74  stm32f4xx_usart.o(.text)
    USART_GetFlagStatus                      0x0800ae25   Thumb Code    26  stm32f4xx_usart.o(.text)
    USART_ClearFlag                          0x0800ae3f   Thumb Code    18  stm32f4xx_usart.o(.text)
    USART_GetITStatus                        0x0800ae51   Thumb Code   118  stm32f4xx_usart.o(.text)
    USART_ClearITPendingBit                  0x0800aec7   Thumb Code    30  stm32f4xx_usart.o(.text)
    TIM_DeInit                               0x0800aee5   Thumb Code   346  stm32f4xx_tim.o(.text)
    TIM_TimeBaseInit                         0x0800b03f   Thumb Code   104  stm32f4xx_tim.o(.text)
    TIM_TimeBaseStructInit                   0x0800b0a7   Thumb Code    18  stm32f4xx_tim.o(.text)
    TIM_PrescalerConfig                      0x0800b0b9   Thumb Code     6  stm32f4xx_tim.o(.text)
    TIM_CounterModeConfig                    0x0800b0bf   Thumb Code    18  stm32f4xx_tim.o(.text)
    TIM_SetCounter                           0x0800b0d1   Thumb Code     4  stm32f4xx_tim.o(.text)
    TIM_SetAutoreload                        0x0800b0d5   Thumb Code     4  stm32f4xx_tim.o(.text)
    TIM_GetCounter                           0x0800b0d9   Thumb Code     6  stm32f4xx_tim.o(.text)
    TIM_GetPrescaler                         0x0800b0df   Thumb Code     6  stm32f4xx_tim.o(.text)
    TIM_UpdateDisableConfig                  0x0800b0e5   Thumb Code    24  stm32f4xx_tim.o(.text)
    TIM_UpdateRequestConfig                  0x0800b0fd   Thumb Code    24  stm32f4xx_tim.o(.text)
    TIM_ARRPreloadConfig                     0x0800b115   Thumb Code    24  stm32f4xx_tim.o(.text)
    TIM_SelectOnePulseMode                   0x0800b12d   Thumb Code    18  stm32f4xx_tim.o(.text)
    TIM_SetClockDivision                     0x0800b13f   Thumb Code    18  stm32f4xx_tim.o(.text)
    TIM_Cmd                                  0x0800b151   Thumb Code    24  stm32f4xx_tim.o(.text)
    TIM_OC1Init                              0x0800b169   Thumb Code   114  stm32f4xx_tim.o(.text)
    TIM_OC2Init                              0x0800b1db   Thumb Code   154  stm32f4xx_tim.o(.text)
    TIM_OC3Init                              0x0800b275   Thumb Code   204  stm32f4xx_tim.o(.text)
    TIM_OC4Init                              0x0800b341   Thumb Code   112  stm32f4xx_tim.o(.text)
    TIM_OCStructInit                         0x0800b3b1   Thumb Code    20  stm32f4xx_tim.o(.text)
    TIM_SelectOCxM                           0x0800b3c5   Thumb Code    86  stm32f4xx_tim.o(.text)
    TIM_SetCompare1                          0x0800b41b   Thumb Code     4  stm32f4xx_tim.o(.text)
    TIM_SetCompare2                          0x0800b41f   Thumb Code     4  stm32f4xx_tim.o(.text)
    TIM_SetCompare3                          0x0800b423   Thumb Code     4  stm32f4xx_tim.o(.text)
    TIM_SetCompare4                          0x0800b427   Thumb Code     4  stm32f4xx_tim.o(.text)
    TIM_ForcedOC1Config                      0x0800b42b   Thumb Code    18  stm32f4xx_tim.o(.text)
    TIM_ForcedOC2Config                      0x0800b43d   Thumb Code    26  stm32f4xx_tim.o(.text)
    TIM_ForcedOC3Config                      0x0800b457   Thumb Code    18  stm32f4xx_tim.o(.text)
    TIM_ForcedOC4Config                      0x0800b469   Thumb Code    26  stm32f4xx_tim.o(.text)
    TIM_OC1PreloadConfig                     0x0800b483   Thumb Code    18  stm32f4xx_tim.o(.text)
    TIM_OC2PreloadConfig                     0x0800b495   Thumb Code    26  stm32f4xx_tim.o(.text)
    TIM_OC3PreloadConfig                     0x0800b4af   Thumb Code    18  stm32f4xx_tim.o(.text)
    TIM_OC4PreloadConfig                     0x0800b4c1   Thumb Code    26  stm32f4xx_tim.o(.text)
    TIM_OC1FastConfig                        0x0800b4db   Thumb Code    18  stm32f4xx_tim.o(.text)
    TIM_OC2FastConfig                        0x0800b4ed   Thumb Code    26  stm32f4xx_tim.o(.text)
    TIM_OC3FastConfig                        0x0800b507   Thumb Code    18  stm32f4xx_tim.o(.text)
    TIM_OC4FastConfig                        0x0800b519   Thumb Code    26  stm32f4xx_tim.o(.text)
    TIM_ClearOC1Ref                          0x0800b533   Thumb Code    18  stm32f4xx_tim.o(.text)
    TIM_ClearOC2Ref                          0x0800b545   Thumb Code    24  stm32f4xx_tim.o(.text)
    TIM_ClearOC3Ref                          0x0800b55d   Thumb Code    18  stm32f4xx_tim.o(.text)
    TIM_ClearOC4Ref                          0x0800b56f   Thumb Code    24  stm32f4xx_tim.o(.text)
    TIM_OC1PolarityConfig                    0x0800b587   Thumb Code    18  stm32f4xx_tim.o(.text)
    TIM_OC1NPolarityConfig                   0x0800b599   Thumb Code    18  stm32f4xx_tim.o(.text)
    TIM_OC2PolarityConfig                    0x0800b5ab   Thumb Code    26  stm32f4xx_tim.o(.text)
    TIM_OC2NPolarityConfig                   0x0800b5c5   Thumb Code    26  stm32f4xx_tim.o(.text)
    TIM_OC3PolarityConfig                    0x0800b5df   Thumb Code    26  stm32f4xx_tim.o(.text)
    TIM_OC3NPolarityConfig                   0x0800b5f9   Thumb Code    26  stm32f4xx_tim.o(.text)
    TIM_OC4PolarityConfig                    0x0800b613   Thumb Code    26  stm32f4xx_tim.o(.text)
    TIM_CCxCmd                               0x0800b62d   Thumb Code    30  stm32f4xx_tim.o(.text)
    TIM_CCxNCmd                              0x0800b64b   Thumb Code    30  stm32f4xx_tim.o(.text)
    TIM_SetIC4Prescaler                      0x0800b669   Thumb Code    26  stm32f4xx_tim.o(.text)
    TIM_SetIC3Prescaler                      0x0800b6d3   Thumb Code    18  stm32f4xx_tim.o(.text)
    TIM_SetIC2Prescaler                      0x0800b72d   Thumb Code    26  stm32f4xx_tim.o(.text)
    TIM_SetIC1Prescaler                      0x0800b7a1   Thumb Code    18  stm32f4xx_tim.o(.text)
    TIM_ICInit                               0x0800b7ed   Thumb Code   110  stm32f4xx_tim.o(.text)
    TIM_ICStructInit                         0x0800b85b   Thumb Code    18  stm32f4xx_tim.o(.text)
    TIM_PWMIConfig                           0x0800b86d   Thumb Code   124  stm32f4xx_tim.o(.text)
    TIM_GetCapture1                          0x0800b8e9   Thumb Code     6  stm32f4xx_tim.o(.text)
    TIM_GetCapture2                          0x0800b8ef   Thumb Code     6  stm32f4xx_tim.o(.text)
    TIM_GetCapture3                          0x0800b8f5   Thumb Code     6  stm32f4xx_tim.o(.text)
    TIM_GetCapture4                          0x0800b8fb   Thumb Code     6  stm32f4xx_tim.o(.text)
    TIM_BDTRConfig                           0x0800b901   Thumb Code    32  stm32f4xx_tim.o(.text)
    TIM_BDTRStructInit                       0x0800b921   Thumb Code    18  stm32f4xx_tim.o(.text)
    TIM_CtrlPWMOutputs                       0x0800b933   Thumb Code    30  stm32f4xx_tim.o(.text)
    TIM_SelectCOM                            0x0800b951   Thumb Code    24  stm32f4xx_tim.o(.text)
    TIM_CCPreloadControl                     0x0800b969   Thumb Code    24  stm32f4xx_tim.o(.text)
    TIM_ITConfig                             0x0800b981   Thumb Code    18  stm32f4xx_tim.o(.text)
    TIM_GenerateEvent                        0x0800b993   Thumb Code     4  stm32f4xx_tim.o(.text)
    TIM_GetFlagStatus                        0x0800b997   Thumb Code    18  stm32f4xx_tim.o(.text)
    TIM_ClearFlag                            0x0800b9a9   Thumb Code     6  stm32f4xx_tim.o(.text)
    TIM_GetITStatus                          0x0800b9af   Thumb Code    34  stm32f4xx_tim.o(.text)
    TIM_ClearITPendingBit                    0x0800b9d1   Thumb Code     6  stm32f4xx_tim.o(.text)
    TIM_DMAConfig                            0x0800b9d7   Thumb Code    10  stm32f4xx_tim.o(.text)
    TIM_DMACmd                               0x0800b9e1   Thumb Code    18  stm32f4xx_tim.o(.text)
    TIM_SelectCCDMA                          0x0800b9f3   Thumb Code    24  stm32f4xx_tim.o(.text)
    TIM_InternalClockConfig                  0x0800ba0b   Thumb Code    12  stm32f4xx_tim.o(.text)
    TIM_SelectInputTrigger                   0x0800ba17   Thumb Code    18  stm32f4xx_tim.o(.text)
    TIM_ITRxExternalClockConfig              0x0800ba29   Thumb Code    24  stm32f4xx_tim.o(.text)
    TIM_TIxExternalClockConfig               0x0800ba41   Thumb Code    62  stm32f4xx_tim.o(.text)
    TIM_ETRConfig                            0x0800ba7f   Thumb Code    28  stm32f4xx_tim.o(.text)
    TIM_ETRClockMode1Config                  0x0800ba9b   Thumb Code    54  stm32f4xx_tim.o(.text)
    TIM_ETRClockMode2Config                  0x0800bad1   Thumb Code    32  stm32f4xx_tim.o(.text)
    TIM_SelectOutputTrigger                  0x0800baf1   Thumb Code    18  stm32f4xx_tim.o(.text)
    TIM_SelectSlaveMode                      0x0800bb03   Thumb Code    18  stm32f4xx_tim.o(.text)
    TIM_SelectMasterSlaveMode                0x0800bb15   Thumb Code    18  stm32f4xx_tim.o(.text)
    TIM_EncoderInterfaceConfig               0x0800bb27   Thumb Code    66  stm32f4xx_tim.o(.text)
    TIM_SelectHallSensor                     0x0800bb69   Thumb Code    24  stm32f4xx_tim.o(.text)
    TIM_RemapConfig                          0x0800bb81   Thumb Code     6  stm32f4xx_tim.o(.text)
    SYSCFG_DeInit                            0x0800bb89   Thumb Code    22  stm32f4xx_syscfg.o(.text)
    SYSCFG_MemoryRemapConfig                 0x0800bb9f   Thumb Code     6  stm32f4xx_syscfg.o(.text)
    SYSCFG_MemorySwappingBank                0x0800bba5   Thumb Code     6  stm32f4xx_syscfg.o(.text)
    SYSCFG_EXTILineConfig                    0x0800bbab   Thumb Code    66  stm32f4xx_syscfg.o(.text)
    SYSCFG_ETH_MediaInterfaceConfig          0x0800bbed   Thumb Code     8  stm32f4xx_syscfg.o(.text)
    SYSCFG_CompensationCellCmd               0x0800bbf5   Thumb Code     6  stm32f4xx_syscfg.o(.text)
    SYSCFG_GetCompensationCellStatus         0x0800bbfb   Thumb Code    22  stm32f4xx_syscfg.o(.text)
    SPI_I2S_DeInit                           0x0800bc1d   Thumb Code   152  stm32f4xx_spi.o(.text)
    SPI_Init                                 0x0800bcb5   Thumb Code    60  stm32f4xx_spi.o(.text)
    I2S_Init                                 0x0800bcf1   Thumb Code   396  stm32f4xx_spi.o(.text)
    SPI_StructInit                           0x0800be7d   Thumb Code    24  stm32f4xx_spi.o(.text)
    I2S_StructInit                           0x0800be95   Thumb Code    20  stm32f4xx_spi.o(.text)
    SPI_Cmd                                  0x0800bea9   Thumb Code    24  stm32f4xx_spi.o(.text)
    I2S_Cmd                                  0x0800bec1   Thumb Code    24  stm32f4xx_spi.o(.text)
    SPI_DataSizeConfig                       0x0800bed9   Thumb Code    18  stm32f4xx_spi.o(.text)
    SPI_BiDirectionalLineConfig              0x0800beeb   Thumb Code    28  stm32f4xx_spi.o(.text)
    SPI_NSSInternalSoftwareConfig            0x0800bf07   Thumb Code    30  stm32f4xx_spi.o(.text)
    SPI_SSOutputCmd                          0x0800bf25   Thumb Code    24  stm32f4xx_spi.o(.text)
    SPI_TIModeCmd                            0x0800bf3d   Thumb Code    24  stm32f4xx_spi.o(.text)
    I2S_FullDuplexConfig                     0x0800bf55   Thumb Code    80  stm32f4xx_spi.o(.text)
    SPI_I2S_ReceiveData                      0x0800bfa5   Thumb Code     6  stm32f4xx_spi.o(.text)
    SPI_I2S_SendData                         0x0800bfab   Thumb Code     4  stm32f4xx_spi.o(.text)
    SPI_CalculateCRC                         0x0800bfaf   Thumb Code    24  stm32f4xx_spi.o(.text)
    SPI_TransmitCRC                          0x0800bfc7   Thumb Code    10  stm32f4xx_spi.o(.text)
    SPI_GetCRC                               0x0800bfd1   Thumb Code    16  stm32f4xx_spi.o(.text)
    SPI_GetCRCPolynomial                     0x0800bfe1   Thumb Code     6  stm32f4xx_spi.o(.text)
    SPI_I2S_DMACmd                           0x0800bfe7   Thumb Code    18  stm32f4xx_spi.o(.text)
    SPI_I2S_ITConfig                         0x0800bff9   Thumb Code    68  stm32f4xx_spi.o(.text)
    SPI_I2S_GetFlagStatus                    0x0800c03d   Thumb Code    18  stm32f4xx_spi.o(.text)
    SPI_I2S_ClearFlag                        0x0800c04f   Thumb Code     6  stm32f4xx_spi.o(.text)
    SPI_I2S_GetITStatus                      0x0800c055   Thumb Code    52  stm32f4xx_spi.o(.text)
    SPI_I2S_ClearITPendingBit                0x0800c089   Thumb Code    20  stm32f4xx_spi.o(.text)
    SDIO_DeInit                              0x0800c09d   Thumb Code    22  stm32f4xx_sdio.o(.text)
    SDIO_Init                                0x0800c0b3   Thumb Code    42  stm32f4xx_sdio.o(.text)
    SDIO_StructInit                          0x0800c0dd   Thumb Code    16  stm32f4xx_sdio.o(.text)
    SDIO_ClockCmd                            0x0800c0ed   Thumb Code     6  stm32f4xx_sdio.o(.text)
    SDIO_SetPowerState                       0x0800c0f3   Thumb Code     8  stm32f4xx_sdio.o(.text)
    SDIO_GetPowerState                       0x0800c0fb   Thumb Code    12  stm32f4xx_sdio.o(.text)
    SDIO_SendCommand                         0x0800c107   Thumb Code    42  stm32f4xx_sdio.o(.text)
    SDIO_CmdStructInit                       0x0800c131   Thumb Code    14  stm32f4xx_sdio.o(.text)
    SDIO_GetCommandResponse                  0x0800c13f   Thumb Code    10  stm32f4xx_sdio.o(.text)
    SDIO_GetResponse                         0x0800c149   Thumb Code    22  stm32f4xx_sdio.o(.text)
    SDIO_DataConfig                          0x0800c15f   Thumb Code    48  stm32f4xx_sdio.o(.text)
    SDIO_DataStructInit                      0x0800c18f   Thumb Code    20  stm32f4xx_sdio.o(.text)
    SDIO_GetDataCounter                      0x0800c1a3   Thumb Code     8  stm32f4xx_sdio.o(.text)
    SDIO_ReadData                            0x0800c1ab   Thumb Code     8  stm32f4xx_sdio.o(.text)
    SDIO_WriteData                           0x0800c1b3   Thumb Code     8  stm32f4xx_sdio.o(.text)
    SDIO_GetFIFOCount                        0x0800c1bb   Thumb Code     8  stm32f4xx_sdio.o(.text)
    SDIO_StartSDIOReadWait                   0x0800c1c3   Thumb Code     6  stm32f4xx_sdio.o(.text)
    SDIO_StopSDIOReadWait                    0x0800c1c9   Thumb Code     8  stm32f4xx_sdio.o(.text)
    SDIO_SetSDIOReadWaitMode                 0x0800c1d1   Thumb Code     8  stm32f4xx_sdio.o(.text)
    SDIO_SetSDIOOperation                    0x0800c1d9   Thumb Code     8  stm32f4xx_sdio.o(.text)
    SDIO_SendSDIOSuspendCmd                  0x0800c1e1   Thumb Code     6  stm32f4xx_sdio.o(.text)
    SDIO_CommandCompletionCmd                0x0800c1e7   Thumb Code     8  stm32f4xx_sdio.o(.text)
    SDIO_CEATAITCmd                          0x0800c1ef   Thumb Code    12  stm32f4xx_sdio.o(.text)
    SDIO_SendCEATACmd                        0x0800c1fb   Thumb Code     8  stm32f4xx_sdio.o(.text)
    SDIO_DMACmd                              0x0800c203   Thumb Code     8  stm32f4xx_sdio.o(.text)
    SDIO_ITConfig                            0x0800c20b   Thumb Code    34  stm32f4xx_sdio.o(.text)
    SDIO_GetFlagStatus                       0x0800c22d   Thumb Code    22  stm32f4xx_sdio.o(.text)
    SDIO_ClearFlag                           0x0800c243   Thumb Code     8  stm32f4xx_sdio.o(.text)
    SDIO_GetITStatus                         0x0800c24b   Thumb Code    22  stm32f4xx_sdio.o(.text)
    SDIO_ClearITPendingBit                   0x0800c261   Thumb Code     8  stm32f4xx_sdio.o(.text)
    DMA_DeInit                               0x0800c279   Thumb Code   324  stm32f4xx_dma.o(.text)
    DMA_Init                                 0x0800c3bd   Thumb Code    82  stm32f4xx_dma.o(.text)
    DMA_StructInit                           0x0800c40f   Thumb Code    34  stm32f4xx_dma.o(.text)
    DMA_Cmd                                  0x0800c431   Thumb Code    22  stm32f4xx_dma.o(.text)
    DMA_PeriphIncOffsetSizeConfig            0x0800c447   Thumb Code    22  stm32f4xx_dma.o(.text)
    DMA_FlowControllerConfig                 0x0800c45d   Thumb Code    22  stm32f4xx_dma.o(.text)
    DMA_SetCurrDataCounter                   0x0800c473   Thumb Code     4  stm32f4xx_dma.o(.text)
    DMA_GetCurrDataCounter                   0x0800c477   Thumb Code     8  stm32f4xx_dma.o(.text)
    DMA_DoubleBufferModeConfig               0x0800c47f   Thumb Code    24  stm32f4xx_dma.o(.text)
    DMA_DoubleBufferModeCmd                  0x0800c497   Thumb Code    22  stm32f4xx_dma.o(.text)
    DMA_MemoryTargetConfig                   0x0800c4ad   Thumb Code    10  stm32f4xx_dma.o(.text)
    DMA_GetCurrentMemoryTarget               0x0800c4b7   Thumb Code    20  stm32f4xx_dma.o(.text)
    DMA_GetCmdStatus                         0x0800c4cb   Thumb Code    20  stm32f4xx_dma.o(.text)
    DMA_GetFIFOStatus                        0x0800c4df   Thumb Code    12  stm32f4xx_dma.o(.text)
    DMA_GetFlagStatus                        0x0800c4eb   Thumb Code    56  stm32f4xx_dma.o(.text)
    DMA_ClearFlag                            0x0800c523   Thumb Code    40  stm32f4xx_dma.o(.text)
    DMA_ITConfig                             0x0800c54b   Thumb Code    58  stm32f4xx_dma.o(.text)
    DMA_GetITStatus                          0x0800c585   Thumb Code    84  stm32f4xx_dma.o(.text)
    DMA_ClearITPendingBit                    0x0800c5d9   Thumb Code    40  stm32f4xx_dma.o(.text)
    EXTI_DeInit                              0x0800c621   Thumb Code    28  stm32f4xx_exti.o(.text)
    EXTI_Init                                0x0800c63d   Thumb Code   142  stm32f4xx_exti.o(.text)
    EXTI_StructInit                          0x0800c6cb   Thumb Code    16  stm32f4xx_exti.o(.text)
    EXTI_GenerateSWInterrupt                 0x0800c6db   Thumb Code    16  stm32f4xx_exti.o(.text)
    EXTI_GetFlagStatus                       0x0800c6eb   Thumb Code    22  stm32f4xx_exti.o(.text)
    EXTI_ClearFlag                           0x0800c701   Thumb Code     8  stm32f4xx_exti.o(.text)
    EXTI_GetITStatus                         0x0800c709   Thumb Code    22  stm32f4xx_exti.o(.text)
    EXTI_ClearITPendingBit                   0x0800c71f   Thumb Code     8  stm32f4xx_exti.o(.text)
    RTC_WaitForSynchro                       0x0800c731   Thumb Code    92  stm32f4xx_rtc.o(.text)
    RTC_EnterInitMode                        0x0800c78d   Thumb Code    84  stm32f4xx_rtc.o(.text)
    RTC_DeInit                               0x0800c7e1   Thumb Code   204  stm32f4xx_rtc.o(.text)
    RTC_ExitInitMode                         0x0800c8ad   Thumb Code    18  stm32f4xx_rtc.o(.text)
    RTC_Init                                 0x0800c8bf   Thumb Code    94  stm32f4xx_rtc.o(.text)
    RTC_StructInit                           0x0800c91d   Thumb Code    14  stm32f4xx_rtc.o(.text)
    RTC_WriteProtectionCmd                   0x0800c92b   Thumb Code    22  stm32f4xx_rtc.o(.text)
    RTC_RefClockCmd                          0x0800c941   Thumb Code    76  stm32f4xx_rtc.o(.text)
    RTC_BypassShadowCmd                      0x0800c98d   Thumb Code    54  stm32f4xx_rtc.o(.text)
    RTC_SetTime                              0x0800c9f5   Thumb Code   200  stm32f4xx_rtc.o(.text)
    RTC_TimeStructInit                       0x0800cabd   Thumb Code    12  stm32f4xx_rtc.o(.text)
    RTC_GetTime                              0x0800cac9   Thumb Code    74  stm32f4xx_rtc.o(.text)
    RTC_GetSubSecond                         0x0800cb13   Thumb Code    30  stm32f4xx_rtc.o(.text)
    RTC_SetDate                              0x0800cb31   Thumb Code   190  stm32f4xx_rtc.o(.text)
    RTC_DateStructInit                       0x0800cbef   Thumb Code    14  stm32f4xx_rtc.o(.text)
    RTC_GetDate                              0x0800cbfd   Thumb Code    70  stm32f4xx_rtc.o(.text)
    RTC_SetAlarm                             0x0800cc43   Thumb Code   230  stm32f4xx_rtc.o(.text)
    RTC_AlarmStructInit                      0x0800cd29   Thumb Code    22  stm32f4xx_rtc.o(.text)
    RTC_GetAlarm                             0x0800cd3f   Thumb Code   114  stm32f4xx_rtc.o(.text)
    RTC_AlarmCmd                             0x0800cdb1   Thumb Code   112  stm32f4xx_rtc.o(.text)
    RTC_AlarmSubSecondConfig                 0x0800ce21   Thumb Code    46  stm32f4xx_rtc.o(.text)
    RTC_GetAlarmSubSecond                    0x0800ce4f   Thumb Code    34  stm32f4xx_rtc.o(.text)
    RTC_WakeUpClockConfig                    0x0800ce71   Thumb Code    42  stm32f4xx_rtc.o(.text)
    RTC_SetWakeUpCounter                     0x0800ce9b   Thumb Code    22  stm32f4xx_rtc.o(.text)
    RTC_GetWakeUpCounter                     0x0800ceb1   Thumb Code    10  stm32f4xx_rtc.o(.text)
    RTC_WakeUpCmd                            0x0800cebb   Thumb Code   116  stm32f4xx_rtc.o(.text)
    RTC_DayLightSavingConfig                 0x0800cf2f   Thumb Code    50  stm32f4xx_rtc.o(.text)
    RTC_GetStoreOperation                    0x0800cf61   Thumb Code    12  stm32f4xx_rtc.o(.text)
    RTC_OutputConfig                         0x0800cf6d   Thumb Code    60  stm32f4xx_rtc.o(.text)
    RTC_CoarseCalibConfig                    0x0800cfa9   Thumb Code    52  stm32f4xx_rtc.o(.text)
    RTC_CoarseCalibCmd                       0x0800cfdd   Thumb Code    76  stm32f4xx_rtc.o(.text)
    RTC_CalibOutputCmd                       0x0800d029   Thumb Code    54  stm32f4xx_rtc.o(.text)
    RTC_CalibOutputConfig                    0x0800d05f   Thumb Code    42  stm32f4xx_rtc.o(.text)
    RTC_SmoothCalibConfig                    0x0800d089   Thumb Code    90  stm32f4xx_rtc.o(.text)
    RTC_TimeStampCmd                         0x0800d0e3   Thumb Code    54  stm32f4xx_rtc.o(.text)
    RTC_GetTimeStamp                         0x0800d119   Thumb Code   144  stm32f4xx_rtc.o(.text)
    RTC_GetTimeStampSubSecond                0x0800d1a9   Thumb Code     8  stm32f4xx_rtc.o(.text)
    RTC_TamperTriggerConfig                  0x0800d1b1   Thumb Code    38  stm32f4xx_rtc.o(.text)
    RTC_TamperCmd                            0x0800d1d7   Thumb Code    34  stm32f4xx_rtc.o(.text)
    RTC_TamperFilterConfig                   0x0800d1f9   Thumb Code    26  stm32f4xx_rtc.o(.text)
    RTC_TamperSamplingFreqConfig             0x0800d213   Thumb Code    26  stm32f4xx_rtc.o(.text)
    RTC_TamperPinsPrechargeDuration          0x0800d22d   Thumb Code    26  stm32f4xx_rtc.o(.text)
    RTC_TimeStampOnTamperDetectionCmd        0x0800d247   Thumb Code    38  stm32f4xx_rtc.o(.text)
    RTC_TamperPullUpCmd                      0x0800d26d   Thumb Code    38  stm32f4xx_rtc.o(.text)
    RTC_WriteBackupRegister                  0x0800d293   Thumb Code    26  stm32f4xx_rtc.o(.text)
    RTC_ReadBackupRegister                   0x0800d2ad   Thumb Code    28  stm32f4xx_rtc.o(.text)
    RTC_TamperPinSelection                   0x0800d2c9   Thumb Code    26  stm32f4xx_rtc.o(.text)
    RTC_TimeStampPinSelection                0x0800d2e3   Thumb Code    26  stm32f4xx_rtc.o(.text)
    RTC_OutputTypeConfig                     0x0800d2fd   Thumb Code    26  stm32f4xx_rtc.o(.text)
    RTC_SynchroShiftConfig                   0x0800d317   Thumb Code   130  stm32f4xx_rtc.o(.text)
    RTC_ITConfig                             0x0800d399   Thumb Code    94  stm32f4xx_rtc.o(.text)
    RTC_GetFlagStatus                        0x0800d3f7   Thumb Code    34  stm32f4xx_rtc.o(.text)
    RTC_ClearFlag                            0x0800d419   Thumb Code    28  stm32f4xx_rtc.o(.text)
    RTC_GetITStatus                          0x0800d435   Thumb Code    60  stm32f4xx_rtc.o(.text)
    RTC_ClearITPendingBit                    0x0800d471   Thumb Code    32  stm32f4xx_rtc.o(.text)
    PWR_DeInit                               0x0800d499   Thumb Code    22  stm32f4xx_pwr.o(.text)
    PWR_BackupAccessCmd                      0x0800d4af   Thumb Code     6  stm32f4xx_pwr.o(.text)
    PWR_PVDLevelConfig                       0x0800d4b5   Thumb Code    18  stm32f4xx_pwr.o(.text)
    PWR_PVDCmd                               0x0800d4c7   Thumb Code     6  stm32f4xx_pwr.o(.text)
    PWR_WakeUpPinCmd                         0x0800d4cd   Thumb Code     8  stm32f4xx_pwr.o(.text)
    PWR_BackupRegulatorCmd                   0x0800d4d5   Thumb Code     8  stm32f4xx_pwr.o(.text)
    PWR_MainRegulatorModeConfig              0x0800d4dd   Thumb Code    18  stm32f4xx_pwr.o(.text)
    PWR_OverDriveCmd                         0x0800d4ef   Thumb Code     6  stm32f4xx_pwr.o(.text)
    PWR_OverDriveSWCmd                       0x0800d4f5   Thumb Code     6  stm32f4xx_pwr.o(.text)
    PWR_UnderDriveCmd                        0x0800d4fb   Thumb Code    30  stm32f4xx_pwr.o(.text)
    PWR_MainRegulatorLowVoltageCmd           0x0800d519   Thumb Code    18  stm32f4xx_pwr.o(.text)
    PWR_LowRegulatorLowVoltageCmd            0x0800d52b   Thumb Code    18  stm32f4xx_pwr.o(.text)
    PWR_FlashPowerDownCmd                    0x0800d53d   Thumb Code     6  stm32f4xx_pwr.o(.text)
    PWR_EnterSTOPMode                        0x0800d543   Thumb Code    58  stm32f4xx_pwr.o(.text)
    PWR_EnterUnderDriveSTOPMode              0x0800d57d   Thumb Code    58  stm32f4xx_pwr.o(.text)
    PWR_EnterSTANDBYMode                     0x0800d5b7   Thumb Code    32  stm32f4xx_pwr.o(.text)
    PWR_GetFlagStatus                        0x0800d5d7   Thumb Code    20  stm32f4xx_pwr.o(.text)
    PWR_ClearFlag                            0x0800d5eb   Thumb Code    14  stm32f4xx_pwr.o(.text)
    RNG_DeInit                               0x0800d605   Thumb Code    20  stm32f4xx_rng.o(.text)
    RNG_Cmd                                  0x0800d619   Thumb Code    30  stm32f4xx_rng.o(.text)
    RNG_GetRandomNumber                      0x0800d637   Thumb Code     8  stm32f4xx_rng.o(.text)
    RNG_ITConfig                             0x0800d63f   Thumb Code    30  stm32f4xx_rng.o(.text)
    RNG_GetFlagStatus                        0x0800d65d   Thumb Code    22  stm32f4xx_rng.o(.text)
    RNG_ClearFlag                            0x0800d673   Thumb Code    12  stm32f4xx_rng.o(.text)
    RNG_GetITStatus                          0x0800d67f   Thumb Code    22  stm32f4xx_rng.o(.text)
    RNG_ClearITPendingBit                    0x0800d695   Thumb Code    12  stm32f4xx_rng.o(.text)
    mymemcpy                                 0x0800d6a5   Thumb Code    26  malloc.o(.text)
    mymemset                                 0x0800d6bf   Thumb Code    20  malloc.o(.text)
    my_mem_init                              0x0800d6d3   Thumb Code    54  malloc.o(.text)
    my_mem_perused                           0x0800d709   Thumb Code    54  malloc.o(.text)
    my_mem_malloc                            0x0800d73f   Thumb Code   154  malloc.o(.text)
    my_mem_free                              0x0800d7d9   Thumb Code    94  malloc.o(.text)
    myfree                                   0x0800d837   Thumb Code    32  malloc.o(.text)
    mymalloc                                 0x0800d857   Thumb Code    36  malloc.o(.text)
    myrealloc                                0x0800d87b   Thumb Code    68  malloc.o(.text)
    usmart_sys_cmd_exe                       0x0800d8d1   Thumb Code  1554  usmart.o(.text)
    usmart_reset_runtime                     0x0800dee3   Thumb Code    38  usmart.o(.text)
    usmart_get_runtime                       0x0800df09   Thumb Code    60  usmart.o(.text)
    TIM4_IRQHandler                          0x0800df45   Thumb Code    46  usmart.o(.text)
    Timer4_Init                              0x0800df73   Thumb Code    86  usmart.o(.text)
    usmart_init                              0x0800dfc9   Thumb Code    36  usmart.o(.text)
    usmart_cmd_rec                           0x0800dfed   Thumb Code   170  usmart.o(.text)
    usmart_exe                               0x0800e097   Thumb Code   868  usmart.o(.text)
    usmart_scan                              0x0800e3fb   Thumb Code   120  usmart.o(.text)
    read_addr                                0x0800e473   Thumb Code     6  usmart.o(.text)
    write_addr                               0x0800e479   Thumb Code     4  usmart.o(.text)
    usmart_strcmp                            0x0800e505   Thumb Code    34  usmart_str.o(.text)
    usmart_strcopy                           0x0800e527   Thumb Code    22  usmart_str.o(.text)
    usmart_strlen                            0x0800e53d   Thumb Code    24  usmart_str.o(.text)
    usmart_pow                               0x0800e555   Thumb Code    22  usmart_str.o(.text)
    usmart_str2num                           0x0800e56b   Thumb Code   202  usmart_str.o(.text)
    usmart_get_cmdname                       0x0800e635   Thumb Code    54  usmart_str.o(.text)
    usmart_search_nextc                      0x0800e66b   Thumb Code    22  usmart_str.o(.text)
    usmart_get_fname                         0x0800e681   Thumb Code   440  usmart_str.o(.text)
    usmart_get_aparm                         0x0800e839   Thumb Code   200  usmart_str.o(.text)
    usmart_get_parmpos                       0x0800e901   Thumb Code    26  usmart_str.o(.text)
    usmart_get_fparam                        0x0800e91b   Thumb Code   262  usmart_str.o(.text)
    disk_initialize                          0x0800ea2d   Thumb Code    52  diskio.o(.text)
    disk_status                              0x0800ea61   Thumb Code     6  diskio.o(.text)
    disk_read                                0x0800ea67   Thumb Code    98  diskio.o(.text)
    disk_write                               0x0800eac9   Thumb Code    98  diskio.o(.text)
    disk_ioctl                               0x0800eb2b   Thumb Code   170  diskio.o(.text)
    get_fattime                              0x0800ebd5   Thumb Code     4  diskio.o(.text)
    ff_memalloc                              0x0800ebd9   Thumb Code    14  diskio.o(.text)
    ff_memfree                               0x0800ebe7   Thumb Code    14  diskio.o(.text)
    clust2sect                               0x0800edab   Thumb Code    26  ff.o(.text)
    get_fat                                  0x0800edc5   Thumb Code   232  ff.o(.text)
    put_fat                                  0x0800eead   Thumb Code   310  ff.o(.text)
    f_mount                                  0x080101bf   Thumb Code    86  ff.o(.text)
    f_open                                   0x08010215   Thumb Code   384  ff.o(.text)
    f_read                                   0x08010395   Thumb Code   450  ff.o(.text)
    f_write                                  0x08010557   Thumb Code   498  ff.o(.text)
    f_sync                                   0x08010749   Thumb Code   176  ff.o(.text)
    f_close                                  0x080107f9   Thumb Code    32  ff.o(.text)
    f_lseek                                  0x08010819   Thumb Code   654  ff.o(.text)
    f_opendir                                0x08010aa7   Thumb Code   136  ff.o(.text)
    f_closedir                               0x08010b2f   Thumb Code    22  ff.o(.text)
    f_readdir                                0x08010b45   Thumb Code   114  ff.o(.text)
    f_stat                                   0x08010bb7   Thumb Code    84  ff.o(.text)
    f_getfree                                0x08010c0b   Thumb Code   258  ff.o(.text)
    f_truncate                               0x08010d0d   Thumb Code   184  ff.o(.text)
    f_unlink                                 0x08010dc5   Thumb Code   194  ff.o(.text)
    f_mkdir                                  0x08010e87   Thumb Code   380  ff.o(.text)
    f_chmod                                  0x08011003   Thumb Code   112  ff.o(.text)
    f_utime                                  0x08011073   Thumb Code   110  ff.o(.text)
    f_rename                                 0x080110e1   Thumb Code   314  ff.o(.text)
    f_getlabel                               0x0801121b   Thumb Code   190  ff.o(.text)
    f_setlabel                               0x080112d9   Thumb Code   470  ff.o(.text)
    f_mkfs                                   0x080114af   Thumb Code  1570  ff.o(.text)
    f_gets                                   0x08011ad1   Thumb Code    82  ff.o(.text)
    f_putc                                   0x08011b67   Thumb Code    64  ff.o(.text)
    f_puts                                   0x08011ba7   Thumb Code    74  ff.o(.text)
    f_printf                                 0x08011bf1   Thumb Code   674  ff.o(.text)
    exfuns_init                              0x08011e95   Thumb Code   110  exfuns.o(.text)
    char_upper                               0x08011f03   Thumb Code    26  exfuns.o(.text)
    f_typetell                               0x08011f1d   Thumb Code   188  exfuns.o(.text)
    exf_getfree                              0x08011fd9   Thumb Code    74  exfuns.o(.text)
    mf_mount                                 0x08012039   Thumb Code    20  fattester.o(.text)
    mf_open                                  0x0801204d   Thumb Code    24  fattester.o(.text)
    mf_close                                 0x08012065   Thumb Code    14  fattester.o(.text)
    mf_read                                  0x08012073   Thumb Code   224  fattester.o(.text)
    mf_write                                 0x08012153   Thumb Code    68  fattester.o(.text)
    mf_opendir                               0x08012197   Thumb Code    14  fattester.o(.text)
    mf_closedir                              0x080121a5   Thumb Code    10  fattester.o(.text)
    mf_readdir                               0x080121af   Thumb Code   204  fattester.o(.text)
    mf_scan_files                            0x0801227b   Thumb Code   120  fattester.o(.text)
    mf_showfree                              0x080122f3   Thumb Code    88  fattester.o(.text)
    mf_lseek                                 0x0801234b   Thumb Code    16  fattester.o(.text)
    mf_tell                                  0x0801235b   Thumb Code     8  fattester.o(.text)
    mf_size                                  0x08012363   Thumb Code     8  fattester.o(.text)
    mf_mkdir                                 0x0801236b   Thumb Code    12  fattester.o(.text)
    mf_fmkfs                                 0x08012377   Thumb Code    20  fattester.o(.text)
    mf_unlink                                0x0801238b   Thumb Code    12  fattester.o(.text)
    mf_rename                                0x08012397   Thumb Code    16  fattester.o(.text)
    mf_getlabel                              0x080123a7   Thumb Code    58  fattester.o(.text)
    mf_setlabel                              0x080123e1   Thumb Code    34  fattester.o(.text)
    mf_gets                                  0x08012403   Thumb Code   698  fattester.o(.text)
    mf_putc                                  0x080126bd   Thumb Code    18  fattester.o(.text)
    mf_puts                                  0x080126cf   Thumb Code    18  fattester.o(.text)
    ff_convert                               0x08012701   Thumb Code   146  mycc936.o(.text)
    ff_wtoupper                              0x08012793   Thumb Code    46  mycc936.o(.text)
    fupd_prog                                0x080127cd   Thumb Code   148  fontupd.o(.text)
    updata_fontx                             0x08012861   Thumb Code   346  fontupd.o(.text)
    update_font                              0x080129bb   Thumb Code   884  fontupd.o(.text)
    font_init                                0x08012d2f   Thumb Code    64  fontupd.o(.text)
    Get_HzMat                                0x08012dad   Thumb Code   220  text.o(.text)
    Show_Font                                0x08012e89   Thumb Code   190  text.o(.text)
    Show_Str                                 0x08012f47   Thumb Code   192  text.o(.text)
    Show_Str_Mid                             0x08013007   Thumb Code   106  text.o(.text)
    ShowBagin                                0x08013081   Thumb Code    50  interface.o(.text)
    stdbmp_decode                            0x080130ed   Thumb Code   712  bmp.o(.text)
    minibmp_decode                           0x080133b5   Thumb Code   932  bmp.o(.text)
    bmp_encode                               0x08013759   Thumb Code   486  bmp.o(.text)
    piclib_draw_hline                        0x0801394d   Thumb Code    52  piclib.o(.text)
    piclib_fill_color                        0x08013981   Thumb Code    44  piclib.o(.text)
    piclib_init                              0x080139ad   Thumb Code    62  piclib.o(.text)
    piclib_alpha_blend                       0x080139eb   Thumb Code    42  piclib.o(.text)
    ai_draw_init                             0x08013a15   Thumb Code   216  piclib.o(.text)
    is_element_ok                            0x08013aed   Thumb Code    36  piclib.o(.text)
    ai_load_picfile                          0x08013b11   Thumb Code   140  piclib.o(.text)
    pic_memalloc                             0x08013b9d   Thumb Code    14  piclib.o(.text)
    pic_memfree                              0x08013bab   Thumb Code    14  piclib.o(.text)
    pic_get_tnum                             0x08013bd9   Thumb Code   108  readp.o(.text)
    ReadP_From_SD                            0x08013c45   Thumb Code   408  readp.o(.text)
    InitBackground                           0x08013e25   Thumb Code    64  mode.o(.text)
    GetNewBrick                              0x08013e65   Thumb Code   108  mode.o(.text)
    TeIsCanMove                              0x08013ed1   Thumb Code    76  mode.o(.text)
    IsCanRotate                              0x08013f1d   Thumb Code   164  mode.o(.text)
    Rotate                                   0x08013fc1   Thumb Code    84  mode.o(.text)
    CombineBgBrick                           0x08014015   Thumb Code    62  mode.o(.text)
    DetachBgBrick                            0x08014053   Thumb Code    64  mode.o(.text)
    RunTetris                                0x080140b1   Thumb Code   360  tetris.o(.text)
    TetrisBegin                              0x08014235   Thumb Code   282  view.o(.text)
    BrickCount                               0x0801434f   Thumb Code   124  view.o(.text)
    ShowBrick                                0x080143cb   Thumb Code    92  view.o(.text)
    TeShowGame                               0x08014427   Thumb Code    60  view.o(.text)
    OnLeft                                   0x08014463   Thumb Code    34  view.o(.text)
    OnRight                                  0x08014485   Thumb Code    34  view.o(.text)
    OnUp                                     0x080144a7   Thumb Code    18  view.o(.text)
    IsEnd                                    0x080144b9   Thumb Code   254  view.o(.text)
    ShowBackground                           0x080145b7   Thumb Code   374  view.o(.text)
    Remove                                   0x0801472d   Thumb Code   102  view.o(.text)
    OnDown                                   0x08014793   Thumb Code    90  view.o(.text)
    DeleteBrick                              0x080147ed   Thumb Code   102  view.o(.text)
    NewFood                                  0x0801486d   Thumb Code   148  food.o(.text)
    ShowFood                                 0x08014901   Thumb Code    56  food.o(.text)
    ShowScore                                0x08014959   Thumb Code   120  game.o(.text)
    SnShowGame                               0x080149d1   Thumb Code    80  game.o(.text)
    GameInit                                 0x08014a21   Thumb Code    52  game.o(.text)
    IsEatSelf                                0x08014a55   Thumb Code    60  game.o(.text)
    SnIsCanMove                              0x08014a91   Thumb Code    52  game.o(.text)
    IsEatFood                                0x08014ac5   Thumb Code    52  game.o(.text)
    SnIsEnd                                  0x08014af9   Thumb Code   230  game.o(.text)
    SnakeBegin                               0x08014bdf   Thumb Code   254  game.o(.text)
    Run                                      0x08014cdd   Thumb Code   444  game.o(.text)
    BodyFind                                 0x08014ea9   Thumb Code    82  snake.o(.text)
    AddNode                                  0x08014efb   Thumb Code   354  snake.o(.text)
    SnakeInit                                0x0801505d   Thumb Code   202  snake.o(.text)
    ShowSnake                                0x08015127   Thumb Code   116  snake.o(.text)
    ChangeDir                                0x0801519b   Thumb Code   106  snake.o(.text)
    MoveSnake                                0x08015205   Thumb Code   212  snake.o(.text)
    WallInit                                 0x080152d9   Thumb Code    74  wall.o(.text)
    RunSnake                                 0x0801532d   Thumb Code    34  csnake.o(.text)
    Show_Aligei                              0x08015355   Thumb Code   320  show_aoligei.o(.text)
    __aeabi_ldivmod                          0x080154d1   Thumb Code    98  ldiv.o(.text)
    rand                                     0x08015535   Thumb Code    20  rand.o(.text)
    srand                                    0x08015549   Thumb Code     6  rand.o(.text)
    __aeabi_memcpy                           0x08015559   Thumb Code    36  memcpya.o(.text)
    __aeabi_memcpy4                          0x08015559   Thumb Code     0  memcpya.o(.text)
    __aeabi_memcpy8                          0x08015559   Thumb Code     0  memcpya.o(.text)
    strcat                                   0x0801557d   Thumb Code    24  strcat.o(.text)
    strlen                                   0x08015595   Thumb Code    14  strlen.o(.text)
    strcmp                                   0x080155a3   Thumb Code    28  strcmp.o(.text)
    strcpy                                   0x080155bf   Thumb Code    18  strcpy.o(.text)
    __aeabi_dmul                             0x080155d1   Thumb Code   228  dmul.o(.text)
    __aeabi_ui2d                             0x080156b5   Thumb Code    26  dfltui.o(.text)
    __aeabi_d2uiz                            0x080156cf   Thumb Code    50  dfixui.o(.text)
    __aeabi_uldivmod                         0x08015701   Thumb Code    98  uldiv.o(.text)
    __aeabi_llsr                             0x08015763   Thumb Code    32  llushr.o(.text)
    _ll_ushift_r                             0x08015763   Thumb Code     0  llushr.o(.text)
    __I$use$fp                               0x08015783   Thumb Code     0  iusefp.o(.text)
    _double_round                            0x08015783   Thumb Code    30  depilogue.o(.text)
    _double_epilogue                         0x080157a1   Thumb Code   156  depilogue.o(.text)
    __scatterload                            0x0801583d   Thumb Code    28  init.o(.text)
    __scatterload_rt2                        0x0801583d   Thumb Code     0  init.o(.text)
    __aeabi_llsl                             0x08015861   Thumb Code    30  llshl.o(.text)
    _ll_shift_l                              0x08015861   Thumb Code     0  llshl.o(.text)
    __decompress                             0x0801587f   Thumb Code     0  __dczerorl2.o(.text)
    __decompress1                            0x0801587f   Thumb Code    86  __dczerorl2.o(.text)
    __0printf$8                              0x080158d5   Thumb Code    22  printf8.o(i.__0printf$8)
    __1printf$8                              0x080158d5   Thumb Code     0  printf8.o(i.__0printf$8)
    __2printf                                0x080158d5   Thumb Code     0  printf8.o(i.__0printf$8)
    __scatterload_copy                       0x080158f5   Thumb Code    14  handlers.o(i.__scatterload_copy)
    __scatterload_null                       0x08015903   Thumb Code     2  handlers.o(i.__scatterload_null)
    __scatterload_zeroinit                   0x08015905   Thumb Code    14  handlers.o(i.__scatterload_zeroinit)
    free                                     0x08015d79   Thumb Code    76  malloc.o(i.free)
    asc2_1206                                0x08015dc8   Data        1140  lcd.o(.constdata)
    asc2_1608                                0x0801623c   Data        1520  lcd.o(.constdata)
    asc2_2412                                0x0801682c   Data        3420  lcd.o(.constdata)
    FSMC_DefaultTimingStruct                 0x08017588   Data          28  stm32f4xx_fsmc.o(.constdata)
    memtblsize                               0x080175a4   Data          12  malloc.o(.constdata)
    memblksize                               0x080175b0   Data          12  malloc.o(.constdata)
    memsize                                  0x080175bc   Data          12  malloc.o(.constdata)
    GBK24_PATH                               0x080179c4   Data           4  fontupd.o(.constdata)
    GBK16_PATH                               0x080179c8   Data           4  fontupd.o(.constdata)
    GBK12_PATH                               0x080179cc   Data           4  fontupd.o(.constdata)
    UNIGBK_PATH                              0x080179d0   Data           4  fontupd.o(.constdata)
    Region$$Table$$Base                      0x08017d78   Number         0  anon$$obj.o(Region$$Table)
    Region$$Table$$Limit                     0x08017d98   Number         0  anon$$obj.o(Region$$Table)
    mem3base                                 0x10000000   Data       61440  malloc.o(.ARM.__AT_0x10000000)
    mem3mapbase                              0x1000f000   Data        3840  malloc.o(.ARM.__AT_0x1000F000)
    g_key                                    0x20000000   Data           2  main.o(.data)
    g_nData                                  0x20000002   Data           1  main.o(.data)
    SystemCoreClock                          0x20000004   Data           4  system_stm32f4xx.o(.data)
    AHBPrescTable                            0x20000008   Data          16  system_stm32f4xx.o(.data)
    POINT_COLOR                              0x20000018   Data           2  lcd.o(.data)
    BACK_COLOR                               0x2000001a   Data           2  lcd.o(.data)
    W25QXX_TYPE                              0x2000001e   Data           2  w25qxx.o(.data)
    TransferError                            0x2000002a   Data           1  sdio_sdcard.o(.data)
    TransferEnd                              0x2000002b   Data           1  sdio_sdcard.o(.data)
    tempbuff                                 0x2000002c   Data           4  sdio_sdcard.o(.data)
    g_nTime                                  0x20000030   Data           4  timer.o(.data)
    NVIC_InitStructure                       0x20000034   Data           4  rtc.o(.data)
    USART3_RX_STA                            0x20000038   Data           2  usart3.o(.data)
    USART2_RX_STA                            0x2000003a   Data           2  usart2.o(.data)
    __stdout                                 0x20000040   Data           4  usart.o(.data)
    USART_RX_STA                             0x20000044   Data           2  usart.o(.data)
    mallco_dev                               0x20000058   Data          36  malloc.o(.data)
    sys_cmd_tab                              0x2000007c   Data          28  usmart.o(.data)
    usmart_nametab                           0x20000098   Data         216  usmart_config.o(.data)
    usmart_dev                               0x20000170   Data         244  usmart_config.o(.data)
    FLASH_SECTOR_COUNT                       0x20000264   Data           2  diskio.o(.data)
    FILE_TYPE_TBL                            0x20000274   Data         312  exfuns.o(.data)
    fs                                       0x200003ac   Data           8  exfuns.o(.data)
    file                                     0x200003b4   Data           4  exfuns.o(.data)
    ftemp                                    0x200003b8   Data           4  exfuns.o(.data)
    br                                       0x200003bc   Data           4  exfuns.o(.data)
    bw                                       0x200003c0   Data           4  exfuns.o(.data)
    fatbuf                                   0x200003c4   Data           4  exfuns.o(.data)
    g_nShape                                 0x200003c8   Data           4  mode.o(.data)
    g_nRotate                                0x200003cc   Data           4  mode.o(.data)
    g_nRow                                   0x200003d0   Data           4  mode.o(.data)
    g_nCol                                   0x200003d4   Data           4  mode.o(.data)
    g_chBrickPool                            0x200003d8   Data         512  mode.o(.data)
    g_uFlag                                  0x200005d8   Data           1  tetris.o(.data)
    g_End                                    0x200005dc   Data           4  view.o(.data)
    g_BrickCount                             0x200005e0   Data           4  view.o(.data)
    g_pFoodPlace                             0x200005e4   Data           4  food.o(.data)
    g_pSHead                                 0x200005e8   Data           4  snake.o(.data)
    g_CountNode                              0x200005ec   Data           4  snake.o(.data)
    g_SDir                                   0x200005f0   Data           1  snake.o(.data)
    __microlib_freelist                      0x200005f8   Data           4  mvars.o(.data)
    lcddev                                   0x200005fc   Data          14  lcd.o(.bss)
    W25QXX_BUFFER                            0x2000060a   Data        4096  w25qxx.o(.bss)
    SDIO_InitStructure                       0x20001610   Data          24  sdio_sdcard.o(.bss)
    SDIO_CmdInitStructure                    0x20001628   Data          20  sdio_sdcard.o(.bss)
    SDIO_DataInitStructure                   0x2000163c   Data          24  sdio_sdcard.o(.bss)
    SDCardInfo                               0x20001678   Data          88  sdio_sdcard.o(.bss)
    SDIO_DATA_BUFFER                         0x200016d0   Data         512  sdio_sdcard.o(.bss)
    USART3_RX_BUF                            0x200018d0   Data         200  usart3.o(.bss)
    USART2_RX_BUF                            0x20001998   Data         200  usart2.o(.bss)
    USART_RX_BUF                             0x20001a60   Data         200  usart.o(.bss)
    mem1base                                 0x20001b40   Data       102400  malloc.o(.bss)
    mem1mapbase                              0x2001ab40   Data        6400  malloc.o(.bss)
    fileinfo                                 0x2001c440   Data          32  exfuns.o(.bss)
    dir                                      0x2001c460   Data          36  exfuns.o(.bss)
    ftinfo                                   0x2001c484   Data          33  fontupd.o(.bss)
    picinfo                                  0x2001c4a8   Data          40  piclib.o(.bss)
    pic_phy                                  0x2001c4d0   Data          20  piclib.o(.bss)
    g_chBackground                           0x2001c4e4   Data         300  mode.o(.bss)
    g_chBrick                                0x2001c610   Data          16  mode.o(.bss)
    __initial_sp                             0x2001ca20   Data           0  startup_stm32f40_41xxx.o(STACK)
    mem2base                                 0x68000000   Data       983040  malloc.o(.ARM.__AT_0x68000000)
    mem2mapbase                              0x680f0000   Data       61440  malloc.o(.ARM.__AT_0x680F0000)



==============================================================================

Memory Map of the image

  Image Entry point : 0x08000189

  Load Region LR_IROM1 (Base: 0x08000000, Size: 0x00018394, Max: 0x00100000, ABSOLUTE, COMPRESSED[0x00017f54])

    Execution Region ER_IROM1 (Base: 0x08000000, Size: 0x00017d98, Max: 0x00100000, ABSOLUTE)

    Base Addr    Size         Type   Attr      Idx    E Section Name        Object

    0x08000000   0x00000188   Data   RO          801    RESET               startup_stm32f40_41xxx.o
    0x08000188   0x00000000   Code   RO         1865  * .ARM.Collect$$$$00000000  mc_w.l(entry.o)
    0x08000188   0x00000004   Code   RO         2180    .ARM.Collect$$$$00000001  mc_w.l(entry2.o)
    0x0800018c   0x00000004   Code   RO         2183    .ARM.Collect$$$$00000004  mc_w.l(entry5.o)
    0x08000190   0x00000000   Code   RO         2185    .ARM.Collect$$$$00000008  mc_w.l(entry7b.o)
    0x08000190   0x00000000   Code   RO         2187    .ARM.Collect$$$$0000000A  mc_w.l(entry8b.o)
    0x08000190   0x00000008   Code   RO         2188    .ARM.Collect$$$$0000000B  mc_w.l(entry9a.o)
    0x08000198   0x00000000   Code   RO         2190    .ARM.Collect$$$$0000000D  mc_w.l(entry10a.o)
    0x08000198   0x00000000   Code   RO         2192    .ARM.Collect$$$$0000000F  mc_w.l(entry11a.o)
    0x08000198   0x00000004   Code   RO         2181    .ARM.Collect$$$$00002712  mc_w.l(entry2.o)
    0x0800019c   0x00000010   Code   RO          752    .emb_text           sys.o
    0x080001ac   0x000001d8   Code   RO            3    .text               main.o
    0x08000384   0x0000001a   Code   RO          269    .text               stm32f4xx_it.o
    0x0800039e   0x00000002   PAD
    0x080003a0   0x00000210   Code   RO          318    .text               system_stm32f4xx.o
    0x080005b0   0x0000004c   Code   RO          344    .text               led.o
    0x080005fc   0x00004c80   Code   RO          364    .text               lcd.o
    0x0800527c   0x00000104   Code   RO          402    .text               key.o
    0x08005380   0x00000118   Code   RO          423    .text               spi.o
    0x08005498   0x00000388   Code   RO          446    .text               w25qxx.o
    0x08005820   0x00001d60   Code   RO          473    .text               sdio_sdcard.o
    0x08007580   0x0000031c   Code   RO          507    .text               sram.o
    0x0800789c   0x000000a4   Code   RO          527    .text               timer.o
    0x08007940   0x00000188   Code   RO          553    .text               show_badapple.o
    0x08007ac8   0x0000010e   Code   RO          587    .text               exti.o
    0x08007bd6   0x00000002   PAD
    0x08007bd8   0x00000244   Code   RO          607    .text               rtc.o
    0x08007e1c   0x00001778   Code   RO          630    .text               voice.o
    0x08009594   0x00000138   Code   RO          654    .text               usart3.o
    0x080096cc   0x00000134   Code   RO          682    .text               usart2.o
    0x08009800   0x0000006c   Code   RO          710    .text               rng.o
    0x0800986c   0x00000104   Code   RO          730    .text               delay.o
    0x08009970   0x00000164   Code   RO          770    .text               usart.o
    0x08009ad4   0x00000024   Code   RO          802    .text               startup_stm32f40_41xxx.o
    0x08009af8   0x000000e0   Code   RO          808    .text               misc.o
    0x08009bd8   0x00000294   Code   RO          828    .text               stm32f4xx_gpio.o
    0x08009e6c   0x000005c8   Code   RO          848    .text               stm32f4xx_fsmc.o
    0x0800a434   0x0000065c   Code   RO          871    .text               stm32f4xx_rcc.o
    0x0800aa90   0x00000454   Code   RO          893    .text               stm32f4xx_usart.o
    0x0800aee4   0x00000ca2   Code   RO          913    .text               stm32f4xx_tim.o
    0x0800bb86   0x00000002   PAD
    0x0800bb88   0x00000094   Code   RO          933    .text               stm32f4xx_syscfg.o
    0x0800bc1c   0x00000480   Code   RO          953    .text               stm32f4xx_spi.o
    0x0800c09c   0x000001dc   Code   RO          973    .text               stm32f4xx_sdio.o
    0x0800c278   0x000003a8   Code   RO          993    .text               stm32f4xx_dma.o
    0x0800c620   0x00000110   Code   RO         1136    .text               stm32f4xx_exti.o
    0x0800c730   0x00000d68   Code   RO         1199    .text               stm32f4xx_rtc.o
    0x0800d498   0x0000016c   Code   RO         1219    .text               stm32f4xx_pwr.o
    0x0800d604   0x000000a0   Code   RO         1239    .text               stm32f4xx_rng.o
    0x0800d6a4   0x0000022c   Code   RO         1259    .text               malloc.o
    0x0800d8d0   0x00000c34   Code   RO         1291    .text               usmart.o
    0x0800e504   0x00000528   Code   RO         1339    .text               usmart_str.o
    0x0800ea2c   0x000001d0   Code   RO         1359    .text               diskio.o
    0x0800ebfc   0x00003296   Code   RO         1383    .text               ff.o
    0x08011e92   0x00000002   PAD
    0x08011e94   0x000001a4   Code   RO         1403    .text               exfuns.o
    0x08012038   0x000006c8   Code   RO         1431    .text               fattester.o
    0x08012700   0x000000cc   Code   RO         1455    .text               mycc936.o
    0x080127cc   0x000005e0   Code   RO         1476    .text               fontupd.o
    0x08012dac   0x000002d4   Code   RO         1505    .text               text.o
    0x08013080   0x0000006c   Code   RO         1525    .text               interface.o
    0x080130ec   0x00000860   Code   RO         1549    .text               bmp.o
    0x0801394c   0x0000028c   Code   RO         1569    .text               piclib.o
    0x08013bd8   0x0000024c   Code   RO         1595    .text               readp.o
    0x08013e24   0x0000028c   Code   RO         1619    .text               mode.o
    0x080140b0   0x00000184   Code   RO         1651    .text               tetris.o
    0x08014234   0x00000638   Code   RO         1682    .text               view.o
    0x0801486c   0x000000ec   Code   RO         1716    .text               food.o
    0x08014958   0x00000550   Code   RO         1753    .text               game.o
    0x08014ea8   0x00000430   Code   RO         1777    .text               snake.o
    0x080152d8   0x00000054   Code   RO         1803    .text               wall.o
    0x0801532c   0x00000028   Code   RO         1823    .text               csnake.o
    0x08015354   0x0000017c   Code   RO         1843    .text               show_aoligei.o
    0x080154d0   0x00000062   Code   RO         1868    .text               mc_w.l(ldiv.o)
    0x08015532   0x00000002   PAD
    0x08015534   0x00000024   Code   RO         1870    .text               mc_w.l(rand.o)
    0x08015558   0x00000024   Code   RO         1873    .text               mc_w.l(memcpya.o)
    0x0801557c   0x00000018   Code   RO         1875    .text               mc_w.l(strcat.o)
    0x08015594   0x0000000e   Code   RO         1877    .text               mc_w.l(strlen.o)
    0x080155a2   0x0000001c   Code   RO         1879    .text               mc_w.l(strcmp.o)
    0x080155be   0x00000012   Code   RO         1881    .text               mc_w.l(strcpy.o)
    0x080155d0   0x000000e4   Code   RO         2174    .text               mf_w.l(dmul.o)
    0x080156b4   0x0000001a   Code   RO         2176    .text               mf_w.l(dfltui.o)
    0x080156ce   0x00000032   Code   RO         2178    .text               mf_w.l(dfixui.o)
    0x08015700   0x00000062   Code   RO         2196    .text               mc_w.l(uldiv.o)
    0x08015762   0x00000020   Code   RO         2198    .text               mc_w.l(llushr.o)
    0x08015782   0x00000000   Code   RO         2202    .text               mc_w.l(iusefp.o)
    0x08015782   0x000000ba   Code   RO         2203    .text               mf_w.l(depilogue.o)
    0x0801583c   0x00000024   Code   RO         2213    .text               mc_w.l(init.o)
    0x08015860   0x0000001e   Code   RO         2215    .text               mc_w.l(llshl.o)
    0x0801587e   0x00000056   Code   RO         2227    .text               mc_w.l(__dczerorl2.o)
    0x080158d4   0x00000020   Code   RO         2092    i.__0printf$8       mc_w.l(printf8.o)
    0x080158f4   0x0000000e   Code   RO         2221    i.__scatterload_copy  mc_w.l(handlers.o)
    0x08015902   0x00000002   Code   RO         2222    i.__scatterload_null  mc_w.l(handlers.o)
    0x08015904   0x0000000e   Code   RO         2223    i.__scatterload_zeroinit  mc_w.l(handlers.o)
    0x08015912   0x00000002   PAD
    0x08015914   0x00000410   Code   RO         2099    i._printf_core      mc_w.l(printf8.o)
    0x08015d24   0x00000024   Code   RO         2100    i._printf_post_padding  mc_w.l(printf8.o)
    0x08015d48   0x0000002e   Code   RO         2101    i._printf_pre_padding  mc_w.l(printf8.o)
    0x08015d76   0x00000002   PAD
    0x08015d78   0x00000050   Code   RO         2146    i.free              mc_w.l(malloc.o)
    0x08015dc8   0x000017c0   Data   RO          366    .constdata          lcd.o
    0x08017588   0x0000001c   Data   RO          849    .constdata          stm32f4xx_fsmc.o
    0x080175a4   0x00000024   Data   RO         1265    .constdata          malloc.o
    0x080175c8   0x0000003a   Data   RO         1384    .constdata          ff.o
    0x08017602   0x000003c0   Data   RO         1456    .constdata          mycc936.o
    0x080179c2   0x00000002   PAD
    0x080179c4   0x00000010   Data   RO         1478    .constdata          fontupd.o
    0x080179d4   0x00000028   Data   RO         1292    .conststring        usmart.o
    0x080179fc   0x000002b9   Data   RO         1315    .conststring        usmart_config.o
    0x08017cb5   0x00000003   PAD
    0x08017cb8   0x00000060   Data   RO         1405    .conststring        exfuns.o
    0x08017d18   0x0000005f   Data   RO         1479    .conststring        fontupd.o
    0x08017d77   0x00000001   PAD
    0x08017d78   0x00000020   Data   RO         2219    Region$$Table       anon$$obj.o


    Execution Region RW_IRAM1 (Base: 0x20000000, Size: 0x0001ca20, Max: 0x00020000, ABSOLUTE, COMPRESSED[0x000001bc])

    Base Addr    Size         Type   Attr      Idx    E Section Name        Object

    0x20000000   0x00000003   Data   RW            4    .data               main.o
    0x20000003   0x00000001   PAD
    0x20000004   0x00000014   Data   RW          319    .data               system_stm32f4xx.o
    0x20000018   0x00000004   Data   RW          367    .data               lcd.o
    0x2000001c   0x00000001   Data   RW          403    .data               key.o
    0x2000001d   0x00000001   PAD
    0x2000001e   0x00000002   Data   RW          448    .data               w25qxx.o
    0x20000020   0x00000010   Data   RW          475    .data               sdio_sdcard.o
    0x20000030   0x00000004   Data   RW          528    .data               timer.o
    0x20000034   0x00000004   Data   RW          608    .data               rtc.o
    0x20000038   0x00000002   Data   RW          656    .data               usart3.o
    0x2000003a   0x00000002   Data   RW          684    .data               usart2.o
    0x2000003c   0x00000004   Data   RW          731    .data               delay.o
    0x20000040   0x00000006   Data   RW          772    .data               usart.o
    0x20000046   0x00000010   Data   RW          872    .data               stm32f4xx_rcc.o
    0x20000056   0x00000002   PAD
    0x20000058   0x00000024   Data   RW         1266    .data               malloc.o
    0x2000007c   0x0000001c   Data   RW         1293    .data               usmart.o
    0x20000098   0x000001cc   Data   RW         1316    .data               usmart_config.o
    0x20000264   0x00000002   Data   RW         1360    .data               diskio.o
    0x20000266   0x00000002   PAD
    0x20000268   0x0000000a   Data   RW         1385    .data               ff.o
    0x20000272   0x00000002   PAD
    0x20000274   0x00000154   Data   RW         1406    .data               exfuns.o
    0x200003c8   0x00000210   Data   RW         1621    .data               mode.o
    0x200005d8   0x00000001   Data   RW         1652    .data               tetris.o
    0x200005d9   0x00000003   PAD
    0x200005dc   0x00000008   Data   RW         1683    .data               view.o
    0x200005e4   0x00000004   Data   RW         1717    .data               food.o
    0x200005e8   0x00000009   Data   RW         1778    .data               snake.o
    0x200005f1   0x00000003   PAD
    0x200005f4   0x00000004   Data   RW         1871    .data               mc_w.l(rand.o)
    0x200005f8   0x00000004   Data   RW         2200    .data               mc_w.l(mvars.o)
    0x200005fc   0x0000000e   Zero   RW          365    .bss                lcd.o
    0x2000060a   0x00001000   Zero   RW          447    .bss                w25qxx.o
    0x2000160a   0x00000006   PAD
    0x20001610   0x000002c0   Zero   RW          474    .bss                sdio_sdcard.o
    0x200018d0   0x000000c8   Zero   RW          655    .bss                usart3.o
    0x20001998   0x000000c8   Zero   RW          683    .bss                usart2.o
    0x20001a60   0x000000c8   Zero   RW          771    .bss                usart.o
    0x20001b28   0x00000018   PAD
    0x20001b40   0x0001a900   Zero   RW         1264    .bss                malloc.o
    0x2001c440   0x00000044   Zero   RW         1404    .bss                exfuns.o
    0x2001c484   0x00000021   Zero   RW         1477    .bss                fontupd.o
    0x2001c4a5   0x00000003   PAD
    0x2001c4a8   0x0000003c   Zero   RW         1570    .bss                piclib.o
    0x2001c4e4   0x0000013c   Zero   RW         1620    .bss                mode.o
    0x2001c620   0x00000400   Zero   RW          799    STACK               startup_stm32f40_41xxx.o



  Load Region LR$$.ARM.__AT_0x10000000 (Base: 0x10000000, Size: 0x00000000, Max: 0x0000f000, ABSOLUTE)

    Execution Region ER$$.ARM.__AT_0x10000000 (Base: 0x10000000, Size: 0x0000f000, Max: 0x0000f000, ABSOLUTE, UNINIT)

    Base Addr    Size         Type   Attr      Idx    E Section Name        Object

    0x10000000   0x0000f000   Zero   RW         1260    .ARM.__AT_0x10000000  malloc.o



  Load Region LR$$.ARM.__AT_0x1000F000 (Base: 0x1000f000, Size: 0x00000000, Max: 0x00000f00, ABSOLUTE)

    Execution Region ER$$.ARM.__AT_0x1000F000 (Base: 0x1000f000, Size: 0x00000f00, Max: 0x00000f00, ABSOLUTE, UNINIT)

    Base Addr    Size         Type   Attr      Idx    E Section Name        Object

    0x1000f000   0x00000f00   Zero   RW         1261    .ARM.__AT_0x1000F000  malloc.o



  Load Region LR$$.ARM.__AT_0x68000000 (Base: 0x68000000, Size: 0x00000000, Max: 0x000f0000, ABSOLUTE)

    Execution Region ER$$.ARM.__AT_0x68000000 (Base: 0x68000000, Size: 0x000f0000, Max: 0x000f0000, ABSOLUTE, UNINIT)

    Base Addr    Size         Type   Attr      Idx    E Section Name        Object

    0x68000000   0x000f0000   Zero   RW         1262    .ARM.__AT_0x68000000  malloc.o



  Load Region LR$$.ARM.__AT_0x680F0000 (Base: 0x680f0000, Size: 0x00000000, Max: 0x0000f000, ABSOLUTE)

    Execution Region ER$$.ARM.__AT_0x680F0000 (Base: 0x680f0000, Size: 0x0000f000, Max: 0x0000f000, ABSOLUTE, UNINIT)

    Base Addr    Size         Type   Attr      Idx    E Section Name        Object

    0x680f0000   0x0000f000   Zero   RW         1263    .ARM.__AT_0x680F0000  malloc.o


==============================================================================

Image component sizes


      Code (inc. data)   RO Data    RW Data    ZI Data      Debug   Object Name

      2144         24          0          0          0       5250   bmp.o
        40          6          0          0          0        543   csnake.o
       260          8          0          4          0       1485   delay.o
       464          8          0          2          0       4370   diskio.o
       420         22         96        340         68       2716   exfuns.o
       270          0          0          0          0       1057   exti.o
      1736        690          0          0          0       5964   fattester.o
     12950        138         58         10          0      35702   ff.o
      1504        158        111          0         33       4296   fontupd.o
       236         32          0          4          0       2184   food.o
      1360        252          0          0          0       2607   game.o
       108         58          0          0          0        496   interface.o
       260         12          0          1          0        880   key.o
     19584        174       6080          4         14      22878   lcd.o
        76          6          0          0          0        541   led.o
       472         42          0          3          0     341504   main.o
       556         18         36         36    1218560       5001   malloc.o
       224         20          0          0          0       1821   misc.o
       652         30          0        528        316       3299   mode.o
       204         12        960          0          0       1681   mycc936.o
       652         32          0          0         60       4823   piclib.o
       588         72          0          0          0       2121   readp.o
       108          0          0          0          0       1013   rng.o
       580         22          0          4          0       2852   rtc.o
      7520        282          0         16        704      25269   sdio_sdcard.o
       380         60          0          0          0       1450   show_aoligei.o
       392         56          0          0          0       4053   show_badapple.o
      1072         76          0          9          0       3281   snake.o
       280          8          0          0          0       1081   spi.o
       796         20          0          0          0       2345   sram.o
        36          8        392          0       1024        832   startup_stm32f40_41xxx.o
       936         32          0          0          0       6397   stm32f4xx_dma.o
       272         10          0          0          0       2291   stm32f4xx_exti.o
      1480         18         28          0          0       5654   stm32f4xx_fsmc.o
       660         44          0          0          0       4161   stm32f4xx_gpio.o
        26          0          0          0          0       1226   stm32f4xx_it.o
       364         12          0          0          0       3795   stm32f4xx_pwr.o
      1628         52          0         16          0      13040   stm32f4xx_rcc.o
       160          4          0          0          0       1812   stm32f4xx_rng.o
      3432         44          0          0          0      15436   stm32f4xx_rtc.o
       476         16          0          0          0       7424   stm32f4xx_sdio.o
      1152         36          0          0          0       6913   stm32f4xx_spi.o
       148         12          0          0          0       1845   stm32f4xx_syscfg.o
      3234         60          0          0          0      23020   stm32f4xx_tim.o
      1108         34          0          0          0       7888   stm32f4xx_usart.o
        16          0          0          0          0        492   sys.o
       528         46          0         20          0       1783   system_stm32f4xx.o
       388         28          0          1          0       1050   tetris.o
       724         16          0          0          0       3140   text.o
       164         12          0          4          0       1062   timer.o
       356         20          0          6        200       3358   usart.o
       308         16          0          2        200       1562   usart2.o
       312         18          0          2        200       1562   usart3.o
      3124       1286         40         28          0       4426   usmart.o
         0          0        697        460          0       1604   usmart_config.o
      1320         12          0          0          0       5345   usmart_str.o
      1592        282          0          8          0       3386   view.o
      6008        110          0          0          0       4212   voice.o
       904         34          0          2       4096       4497   w25qxx.o
        84         10          0          0          0        547   wall.o

    ----------------------------------------------------------------------
     86836       4610       8536       1524    1225508     632323   Object Totals
         0          0         32          0          0          0   (incl. Generated)
         8          0          6         14         33          0   (incl. Padding)

    ----------------------------------------------------------------------

      Code (inc. data)   RO Data    RW Data    ZI Data      Debug   Library Member Name

        86          0          0          0          0          0   __dczerorl2.o
         0          0          0          0          0          0   entry.o
         0          0          0          0          0          0   entry10a.o
         0          0          0          0          0          0   entry11a.o
         8          4          0          0          0          0   entry2.o
         4          0          0          0          0          0   entry5.o
         0          0          0          0          0          0   entry7b.o
         0          0          0          0          0          0   entry8b.o
         8          4          0          0          0          0   entry9a.o
        30          0          0          0          0          0   handlers.o
        36          8          0          0          0         68   init.o
         0          0          0          0          0          0   iusefp.o
        98          0          0          0          0         84   ldiv.o
        30          0          0          0          0         68   llshl.o
        32          0          0          0          0         68   llushr.o
        80          4          0          0          0         76   malloc.o
        36          0          0          0          0         68   memcpya.o
         0          0          0          4          0          0   mvars.o
      1154         54          0          0          0        352   printf8.o
        36         10          0          4          0        136   rand.o
        24          0          0          0          0         68   strcat.o
        28          0          0          0          0         76   strcmp.o
        18          0          0          0          0         68   strcpy.o
        14          0          0          0          0         68   strlen.o
        98          0          0          0          0         92   uldiv.o
       186          0          0          0          0        176   depilogue.o
        50          0          0          0          0         76   dfixui.o
        26          0          0          0          0         76   dfltui.o
       228          0          0          0          0         96   dmul.o

    ----------------------------------------------------------------------
      2316         84          0          8          0       1716   Library Totals
         6          0          0          0          0          0   (incl. Padding)

    ----------------------------------------------------------------------

      Code (inc. data)   RO Data    RW Data    ZI Data      Debug   Library Name

      1820         84          0          8          0       1292   mc_w.l
       490          0          0          0          0        424   mf_w.l

    ----------------------------------------------------------------------
      2316         84          0          8          0       1716   Library Totals

    ----------------------------------------------------------------------

==============================================================================


      Code (inc. data)   RO Data    RW Data    ZI Data      Debug   

     89152       4694       8536       1532    1225508     621739   Grand Totals
     89152       4694       8536        444    1225508     621739   ELF Image Totals (compressed)
     89152       4694       8536        444          0          0   ROM Totals

==============================================================================

    Total RO  Size (Code + RO Data)                97688 (  95.40kB)
    Total RW  Size (RW Data + ZI Data)           1227040 (1198.28kB)
    Total ROM Size (Code + RO Data + RW Data)      98132 (  95.83kB)

==============================================================================

