Component: ARM Compiler 5.06 update 1 (build 61) Tool: armlink [4d35a8]

==============================================================================

Section Cross References

    main.o(.text) refers to misc.o(.text) for NVIC_PriorityGroupConfig
    main.o(.text) refers to delay.o(.text) for delay_init
    main.o(.text) refers to usart_1.o(.text) for uart_init
    main.o(.text) refers to usart3.o(.text) for USART3_Init
    main.o(.text) refers to usart2.o(.text) for USART2_Init
    main.o(.text) refers to led.o(.text) for To_Pi_Init
    main.o(.text) refers to lcd.o(.text) for LCD_Init
    main.o(.text) refers to key.o(.text) for KEY_Init
    main.o(.text) refers to w25qxx.o(.text) for W25QXX_Init
    main.o(.text) refers to voice.o(.text) for voice
    main.o(.text) refers to exti.o(.text) for EXTIX_Init
    main.o(.text) refers to timer.o(.text) for TIM3_Int_Init
    main.o(.text) refers to stm32f4xx_tim.o(.text) for TIM_Cmd
    main.o(.text) refers to sram.o(.text) for FSMC_SRAM_Init
    main.o(.text) refers to malloc.o(.text) for my_mem_init
    main.o(.text) refers to exfuns.o(.text) for exfuns_init
    main.o(.text) refers to piclib.o(.text) for piclib_init
    main.o(.text) refers to rng.o(.text) for RNG_Init
    main.o(.text) refers to ff.o(.text) for f_mount
    main.o(.text) refers to fontupd.o(.text) for font_init
    main.o(.text) refers to sdio_sdcard.o(.text) for SD_Init
    main.o(.text) refers to interface.o(.text) for ShowBagin
    main.o(.text) refers to stm32f4xx_usart.o(.text) for USART_ReceiveData
    main.o(.text) refers to tetris.o(.text) for RunTetris
    main.o(.text) refers to stm32f4xx_gpio.o(.text) for GPIO_SetBits
    main.o(.text) refers to show_badapple.o(.text) for Show_Bad_Apple
    main.o(.text) refers to text.o(.text) for Show_Str
    main.o(.text) refers to view.o(.text) for BrickCount
    main.o(.text) refers to usmart_config.o(.data) for usmart_dev
    main.o(.text) refers to exfuns.o(.data) for fs
    main.o(.text) refers to main.o(.data) for g_key
    main.o(.text) refers to lcd.o(.data) for POINT_COLOR
    system_stm32f4xx.o(.text) refers to system_stm32f4xx.o(.data) for SystemCoreClock
    led.o(.text) refers to stm32f4xx_rcc.o(.text) for RCC_AHB1PeriphClockCmd
    led.o(.text) refers to stm32f4xx_gpio.o(.text) for GPIO_Init
    lcd.o(.text) refers to _printf_percent.o(.ARM.Collect$$_printf_percent$$00000000) for _printf_percent
    lcd.o(.text) refers to _printf_x.o(.ARM.Collect$$_printf_percent$$0000000C) for _printf_x
    lcd.o(.text) refers to _printf_hex_int.o(.text) for _printf_longlong_hex
    lcd.o(.text) refers to delay.o(.text) for delay_us
    lcd.o(.text) refers to lcd.o(.bss) for lcddev
    lcd.o(.text) refers to lcd.o(.data) for POINT_COLOR
    lcd.o(.text) refers to dflt_clz.o(x$fpl$dfltu) for __aeabi_ui2d
    lcd.o(.text) refers to dmul.o(x$fpl$dmul) for __aeabi_dmul
    lcd.o(.text) refers to dfixu.o(x$fpl$dfixu) for __aeabi_d2uiz
    lcd.o(.text) refers to stm32f4xx_rcc.o(.text) for RCC_AHB1PeriphClockCmd
    lcd.o(.text) refers to stm32f4xx_gpio.o(.text) for GPIO_Init
    lcd.o(.text) refers to stm32f4xx_fsmc.o(.text) for FSMC_NORSRAMInit
    lcd.o(.text) refers to noretval__2printf.o(.text) for __2printf
    lcd.o(.text) refers to lcd.o(.constdata) for asc2_1206
    key.o(.text) refers to stm32f4xx_rcc.o(.text) for RCC_AHB1PeriphClockCmd
    key.o(.text) refers to stm32f4xx_gpio.o(.text) for GPIO_Init
    key.o(.text) refers to delay.o(.text) for delay_ms
    key.o(.text) refers to key.o(.data) for key_up
    spi.o(.text) refers to stm32f4xx_spi.o(.text) for SPI_I2S_GetFlagStatus
    spi.o(.text) refers to stm32f4xx_rcc.o(.text) for RCC_AHB1PeriphClockCmd
    spi.o(.text) refers to stm32f4xx_gpio.o(.text) for GPIO_Init
    w25qxx.o(.text) refers to _printf_percent.o(.ARM.Collect$$_printf_percent$$00000000) for _printf_percent
    w25qxx.o(.text) refers to _printf_x.o(.ARM.Collect$$_printf_percent$$0000000C) for _printf_x
    w25qxx.o(.text) refers to _printf_hex_int.o(.text) for _printf_longlong_hex
    w25qxx.o(.text) refers to spi.o(.text) for SPI1_ReadWriteByte
    w25qxx.o(.text) refers to stm32f4xx_rcc.o(.text) for RCC_AHB1PeriphClockCmd
    w25qxx.o(.text) refers to stm32f4xx_gpio.o(.text) for GPIO_Init
    w25qxx.o(.text) refers to noretval__2printf.o(.text) for __2printf
    w25qxx.o(.text) refers to delay.o(.text) for delay_us
    w25qxx.o(.text) refers to w25qxx.o(.data) for W25QXX_TYPE
    w25qxx.o(.text) refers to w25qxx.o(.bss) for W25QXX_BUFFER
    sdio_sdcard.o(.text) refers to stm32f4xx_sdio.o(.text) for SDIO_GetFlagStatus
    sdio_sdcard.o(.text) refers to sdio_sdcard.o(.data) for DeviceMode
    sdio_sdcard.o(.text) refers to sdio_sdcard.o(.bss) for SDIO_CmdInitStructure
    sdio_sdcard.o(.text) refers to stm32f4xx_rcc.o(.text) for RCC_AHB1PeriphClockCmd
    sdio_sdcard.o(.text) refers to stm32f4xx_gpio.o(.text) for GPIO_Init
    sdio_sdcard.o(.text) refers to misc.o(.text) for NVIC_Init
[...]
    TIM5_IRQHandler                          0x08009cb3   Thumb Code     0  startup_stm32f40_41xxx.o(.text)
    TIM6_DAC_IRQHandler                      0x08009cb3   Thumb Code     0  startup_stm32f40_41xxx.o(.text)
    TIM7_IRQHandler                          0x08009cb3   Thumb Code     0  startup_stm32f40_41xxx.o(.text)
    TIM8_BRK_TIM12_IRQHandler                0x08009cb3   Thumb Code     0  startup_stm32f40_41xxx.o(.text)
    TIM8_CC_IRQHandler                       0x08009cb3   Thumb Code     0  startup_stm32f40_41xxx.o(.text)
    TIM8_TRG_COM_TIM14_IRQHandler            0x08009cb3   Thumb Code     0  startup_stm32f40_41xxx.o(.text)
    TIM8_UP_TIM13_IRQHandler                 0x08009cb3   Thumb Code     0  startup_stm32f40_41xxx.o(.text)
    UART4_IRQHandler                         0x08009cb3   Thumb Code     0  startup_stm32f40_41xxx.o(.text)
    UART5_IRQHandler                         0x08009cb3   Thumb Code     0  startup_stm32f40_41xxx.o(.text)
    USART6_IRQHandler                        0x08009cb3   Thumb Code     0  startup_stm32f40_41xxx.o(.text)
    WWDG_IRQHandler                          0x08009cb3   Thumb Code     0  startup_stm32f40_41xxx.o(.text)
    __user_initial_stackheap                 0x08009cb5   Thumb Code     0  startup_stm32f40_41xxx.o(.text)
    NVIC_PriorityGroupConfig                 0x08009cd9   Thumb Code    10  misc.o(.text)
    NVIC_Init                                0x08009ce3   Thumb Code   106  misc.o(.text)
    NVIC_SetVectorTable                      0x08009d4d   Thumb Code    14  misc.o(.text)
    NVIC_SystemLPConfig                      0x08009d5b   Thumb Code    34  misc.o(.text)
    SysTick_CLKSourceConfig                  0x08009d7d   Thumb Code    40  misc.o(.text)
    GPIO_DeInit                              0x08009db9   Thumb Code   268  stm32f4xx_gpio.o(.text)
    GPIO_Init                                0x08009ec5   Thumb Code   144  stm32f4xx_gpio.o(.text)
    GPIO_StructInit                          0x08009f55   Thumb Code    18  stm32f4xx_gpio.o(.text)
    GPIO_PinLockConfig                       0x08009f67   Thumb Code    34  stm32f4xx_gpio.o(.text)
    GPIO_ReadInputDataBit                    0x08009f89   Thumb Code    18  stm32f4xx_gpio.o(.text)
    GPIO_ReadInputData                       0x08009f9b   Thumb Code     8  stm32f4xx_gpio.o(.text)
    GPIO_ReadOutputDataBit                   0x08009fa3   Thumb Code    18  stm32f4xx_gpio.o(.text)
    GPIO_ReadOutputData                      0x08009fb5   Thumb Code     8  stm32f4xx_gpio.o(.text)
    GPIO_SetBits                             0x08009fbd   Thumb Code     4  stm32f4xx_gpio.o(.text)
    GPIO_ResetBits                           0x08009fc1   Thumb Code     4  stm32f4xx_gpio.o(.text)
    GPIO_WriteBit                            0x08009fc5   Thumb Code    10  stm32f4xx_gpio.o(.text)
    GPIO_Write                               0x08009fcf   Thumb Code     4  stm32f4xx_gpio.o(.text)
    GPIO_ToggleBits                          0x08009fd3   Thumb Code     8  stm32f4xx_gpio.o(.text)
    GPIO_PinAFConfig                         0x08009fdb   Thumb Code    70  stm32f4xx_gpio.o(.text)
    FSMC_NORSRAMDeInit                       0x0800a04d   Thumb Code    54  stm32f4xx_fsmc.o(.text)
    FSMC_NORSRAMInit                         0x0800a083   Thumb Code   230  stm32f4xx_fsmc.o(.text)
    FSMC_NORSRAMStructInit                   0x0800a169   Thumb Code    48  stm32f4xx_fsmc.o(.text)
    FSMC_NORSRAMCmd                          0x0800a199   Thumb Code    46  stm32f4xx_fsmc.o(.text)
    FSMC_NANDDeInit                          0x0800a1c7   Thumb Code    62  stm32f4xx_fsmc.o(.text)
    FSMC_NANDInit                            0x0800a205   Thumb Code   132  stm32f4xx_fsmc.o(.text)
    FSMC_NANDStructInit                      0x0800a289   Thumb Code    54  stm32f4xx_fsmc.o(.text)
    FSMC_NANDCmd                             0x0800a2bf   Thumb Code    86  stm32f4xx_fsmc.o(.text)
    FSMC_NANDECCCmd                          0x0800a315   Thumb Code    86  stm32f4xx_fsmc.o(.text)
    FSMC_GetECC                              0x0800a36b   Thumb Code    24  stm32f4xx_fsmc.o(.text)
    FSMC_PCCARDDeInit                        0x0800a383   Thumb Code    36  stm32f4xx_fsmc.o(.text)
    FSMC_PCCARDInit                          0x0800a3a7   Thumb Code   130  stm32f4xx_fsmc.o(.text)
    FSMC_PCCARDStructInit                    0x0800a429   Thumb Code    60  stm32f4xx_fsmc.o(.text)
    FSMC_PCCARDCmd                           0x0800a465   Thumb Code    44  stm32f4xx_fsmc.o(.text)
    FSMC_ITConfig                            0x0800a491   Thumb Code   128  stm32f4xx_fsmc.o(.text)
    FSMC_GetFlagStatus                       0x0800a511   Thumb Code    54  stm32f4xx_fsmc.o(.text)
    FSMC_ClearFlag                           0x0800a547   Thumb Code    74  stm32f4xx_fsmc.o(.text)
    FSMC_GetITStatus                         0x0800a591   Thumb Code    62  stm32f4xx_fsmc.o(.text)
    FSMC_ClearITPendingBit                   0x0800a5cf   Thumb Code    66  stm32f4xx_fsmc.o(.text)
    RCC_DeInit                               0x0800a615   Thumb Code    82  stm32f4xx_rcc.o(.text)
    RCC_HSEConfig                            0x0800a667   Thumb Code    14  stm32f4xx_rcc.o(.text)
    RCC_GetFlagStatus                        0x0800a675   Thumb Code    60  stm32f4xx_rcc.o(.text)
    RCC_WaitForHSEStartUp                    0x0800a6b1   Thumb Code    56  stm32f4xx_rcc.o(.text)
    RCC_AdjustHSICalibrationValue            0x0800a6e9   Thumb Code    20  stm32f4xx_rcc.o(.text)
    RCC_HSICmd                               0x0800a6fd   Thumb Code     6  stm32f4xx_rcc.o(.text)
    RCC_LSEConfig                            0x0800a703   Thumb Code    46  stm32f4xx_rcc.o(.text)
    RCC_LSICmd                               0x0800a731   Thumb Code     6  stm32f4xx_rcc.o(.text)
    RCC_PLLConfig                            0x0800a737   Thumb Code    32  stm32f4xx_rcc.o(.text)
    RCC_PLLCmd                               0x0800a757   Thumb Code     6  stm32f4xx_rcc.o(.text)
    RCC_PLLI2SConfig                         0x0800a75d   Thumb Code    14  stm32f4xx_rcc.o(.text)
    RCC_PLLI2SCmd                            0x0800a76b   Thumb Code     6  stm32f4xx_rcc.o(.text)
    RCC_PLLSAIConfig                         0x0800a771   Thumb Code    20  stm32f4xx_rcc.o(.text)
    RCC_PLLSAICmd                            0x0800a785   Thumb Code     6  stm32f4xx_rcc.o(.text)
    RCC_ClockSecuritySystemCmd               0x0800a78b   Thumb Code     6  stm32f4xx_rcc.o(.text)
    RCC_MCO1Config                           0x0800a791   Thumb Code    28  stm32f4xx_rcc.o(.text)
    RCC_MCO2Config                           0x0800a7ad   Thumb Code    28  stm32f4xx_rcc.o(.text)
    RCC_SYSCLKConfig                         0x0800a7c9   Thumb Code    20  stm32f4xx_rcc.o(.text)
    RCC_GetSYSCLKSource                      0x0800a7dd   Thumb Code    12  stm32f4xx_rcc.o(.text)
    RCC_HCLKConfig                           0x0800a7e9   Thumb Code    20  stm32f4xx_rcc.o(.text)
    RCC_PCLK1Config                          0x0800a7fd   Thumb Code    20  stm32f4xx_rcc.o(.text)
    RCC_PCLK2Config                          0x0800a811   Thumb Code    22  stm32f4xx_rcc.o(.text)
    RCC_GetClocksFreq                        0x0800a827   Thumb Code   222  stm32f4xx_rcc.o(.text)
    RCC_RTCCLKConfig                         0x0800a905   Thumb Code    54  stm32f4xx_rcc.o(.text)
    RCC_RTCCLKCmd                            0x0800a93b   Thumb Code     8  stm32f4xx_rcc.o(.text)
    RCC_BackupResetCmd                       0x0800a943   Thumb Code     8  stm32f4xx_rcc.o(.text)
    RCC_I2SCLKConfig                         0x0800a94b   Thumb Code     6  stm32f4xx_rcc.o(.text)
    RCC_SAIPLLI2SClkDivConfig                0x0800a951   Thumb Code    26  stm32f4xx_rcc.o(.text)
    RCC_SAIPLLSAIClkDivConfig                0x0800a96b   Thumb Code    28  stm32f4xx_rcc.o(.text)
    RCC_SAIBlockACLKConfig                   0x0800a987   Thumb Code    20  stm32f4xx_rcc.o(.text)
    RCC_SAIBlockBCLKConfig                   0x0800a99b   Thumb Code    20  stm32f4xx_rcc.o(.text)
    RCC_LTDCCLKDivConfig                     0x0800a9af   Thumb Code    20  stm32f4xx_rcc.o(.text)
    RCC_TIMCLKPresConfig                     0x0800a9c3   Thumb Code     6  stm32f4xx_rcc.o(.text)
    RCC_AHB1PeriphClockCmd                   0x0800a9c9   Thumb Code    34  stm32f4xx_rcc.o(.text)
    RCC_AHB2PeriphClockCmd                   0x0800a9eb   Thumb Code    78  stm32f4xx_rcc.o(.text)
    RCC_AHB3PeriphClockCmd                   0x0800aa39   Thumb Code    34  stm32f4xx_rcc.o(.text)
    RCC_APB1PeriphClockCmd                   0x0800aa5b   Thumb Code    34  stm32f4xx_rcc.o(.text)
    RCC_APB2PeriphClockCmd                   0x0800aa7d   Thumb Code    34  stm32f4xx_rcc.o(.text)
    RCC_AHB1PeriphResetCmd                   0x0800aa9f   Thumb Code    34  stm32f4xx_rcc.o(.text)
    RCC_AHB2PeriphResetCmd                   0x0800aac1   Thumb Code    34  stm32f4xx_rcc.o(.text)
    RCC_AHB3PeriphResetCmd                   0x0800aae3   Thumb Code    34  stm32f4xx_rcc.o(.text)
    RCC_APB1PeriphResetCmd                   0x0800ab05   Thumb Code    34  stm32f4xx_rcc.o(.text)
    RCC_APB2PeriphResetCmd                   0x0800ab27   Thumb Code    34  stm32f4xx_rcc.o(.text)
    RCC_AHB1PeriphClockLPModeCmd             0x0800ab49   Thumb Code    34  stm32f4xx_rcc.o(.text)
    RCC_AHB2PeriphClockLPModeCmd             0x0800ab6b   Thumb Code    34  stm32f4xx_rcc.o(.text)
    RCC_AHB3PeriphClockLPModeCmd             0x0800ab8d   Thumb Code    34  stm32f4xx_rcc.o(.text)
    RCC_APB1PeriphClockLPModeCmd             0x0800abaf   Thumb Code    34  stm32f4xx_rcc.o(.text)
    RCC_APB2PeriphClockLPModeCmd             0x0800abd1   Thumb Code    34  stm32f4xx_rcc.o(.text)
    RCC_LSEModeConfig                        0x0800abf3   Thumb Code    40  stm32f4xx_rcc.o(.text)
    RCC_ITConfig                             0x0800ac1b   Thumb Code    34  stm32f4xx_rcc.o(.text)
    RCC_ClearFlag                            0x0800ac3d   Thumb Code    18  stm32f4xx_rcc.o(.text)
    RCC_GetITStatus                          0x0800ac4f   Thumb Code    22  stm32f4xx_rcc.o(.text)
    RCC_ClearITPendingBit                    0x0800ac65   Thumb Code     8  stm32f4xx_rcc.o(.text)
    USART_DeInit                             0x0800ac71   Thumb Code   206  stm32f4xx_usart.o(.text)
    USART_Init                               0x0800ad3f   Thumb Code   204  stm32f4xx_usart.o(.text)
    USART_StructInit                         0x0800ae0b   Thumb Code    24  stm32f4xx_usart.o(.text)
    USART_ClockInit                          0x0800ae23   Thumb Code    32  stm32f4xx_usart.o(.text)
    USART_ClockStructInit                    0x0800ae43   Thumb Code    12  stm32f4xx_usart.o(.text)
    USART_Cmd                                0x0800ae4f   Thumb Code    24  stm32f4xx_usart.o(.text)
    USART_SetPrescaler                       0x0800ae67   Thumb Code    16  stm32f4xx_usart.o(.text)
    USART_OverSampling8Cmd                   0x0800ae77   Thumb Code    22  stm32f4xx_usart.o(.text)
    USART_OneBitMethodCmd                    0x0800ae8d   Thumb Code    24  stm32f4xx_usart.o(.text)
    USART_SendData                           0x0800aea5   Thumb Code     8  stm32f4xx_usart.o(.text)
    USART_ReceiveData                        0x0800aead   Thumb Code    10  stm32f4xx_usart.o(.text)
    USART_SetAddress                         0x0800aeb7   Thumb Code    18  stm32f4xx_usart.o(.text)
    USART_ReceiverWakeUpCmd                  0x0800aec9   Thumb Code    24  stm32f4xx_usart.o(.text)
    USART_WakeUpConfig                       0x0800aee1   Thumb Code    18  stm32f4xx_usart.o(.text)
    USART_LINBreakDetectLengthConfig         0x0800aef3   Thumb Code    18  stm32f4xx_usart.o(.text)
    USART_LINCmd                             0x0800af05   Thumb Code    24  stm32f4xx_usart.o(.text)
    USART_SendBreak                          0x0800af1d   Thumb Code    10  stm32f4xx_usart.o(.text)
    USART_HalfDuplexCmd                      0x0800af27   Thumb Code    24  stm32f4xx_usart.o(.text)
    USART_SetGuardTime                       0x0800af3f   Thumb Code    16  stm32f4xx_usart.o(.text)
    USART_SmartCardCmd                       0x0800af4f   Thumb Code    24  stm32f4xx_usart.o(.text)
    USART_SmartCardNACKCmd                   0x0800af67   Thumb Code    24  stm32f4xx_usart.o(.text)
    USART_IrDAConfig                         0x0800af7f   Thumb Code    18  stm32f4xx_usart.o(.text)
    USART_IrDACmd                            0x0800af91   Thumb Code    24  stm32f4xx_usart.o(.text)
    USART_DMACmd                             0x0800afa9   Thumb Code    18  stm32f4xx_usart.o(.text)
    USART_ITConfig                           0x0800afbb   Thumb Code    74  stm32f4xx_usart.o(.text)
    USART_GetFlagStatus                      0x0800b005   Thumb Code    26  stm32f4xx_usart.o(.text)
    USART_ClearFlag                          0x0800b01f   Thumb Code    18  stm32f4xx_usart.o(.text)
    USART_GetITStatus                        0x0800b031   Thumb Code   118  stm32f4xx_usart.o(.text)
    USART_ClearITPendingBit                  0x0800b0a7   Thumb Code    30  stm32f4xx_usart.o(.text)
    TIM_DeInit                               0x0800b0c5   Thumb Code   346  stm32f4xx_tim.o(.text)
    TIM_TimeBaseInit                         0x0800b21f   Thumb Code   104  stm32f4xx_tim.o(.text)
    TIM_TimeBaseStructInit                   0x0800b287   Thumb Code    18  stm32f4xx_tim.o(.text)
    TIM_PrescalerConfig                      0x0800b299   Thumb Code     6  stm32f4xx_tim.o(.text)
    TIM_CounterModeConfig                    0x0800b29f   Thumb Code    18  stm32f4xx_tim.o(.text)
    TIM_SetCounter                           0x0800b2b1   Thumb Code     4  stm32f4xx_tim.o(.text)
    TIM_SetAutoreload                        0x0800b2b5   Thumb Code     4  stm32f4xx_tim.o(.text)
    TIM_GetCounter                           0x0800b2b9   Thumb Code     6  stm32f4xx_tim.o(.text)
    TIM_GetPrescaler                         0x0800b2bf   Thumb Code     6  stm32f4xx_tim.o(.text)
    TIM_UpdateDisableConfig                  0x0800b2c5   Thumb Code    24  stm32f4xx_tim.o(.text)
    TIM_UpdateRequestConfig                  0x0800b2dd   Thumb Code    24  stm32f4xx_tim.o(.text)
    TIM_ARRPreloadConfig                     0x0800b2f5   Thumb Code    24  stm32f4xx_tim.o(.text)
    TIM_SelectOnePulseMode                   0x0800b30d   Thumb Code    18  stm32f4xx_tim.o(.text)
    TIM_SetClockDivision                     0x0800b31f   Thumb Code    18  stm32f4xx_tim.o(.text)
    TIM_Cmd                                  0x0800b331   Thumb Code    24  stm32f4xx_tim.o(.text)
    TIM_OC1Init                              0x0800b349   Thumb Code   114  stm32f4xx_tim.o(.text)
    TIM_OC2Init                              0x0800b3bb   Thumb Code   154  stm32f4xx_tim.o(.text)
    TIM_OC3Init                              0x0800b455   Thumb Code   204  stm32f4xx_tim.o(.text)
    TIM_OC4Init                              0x0800b521   Thumb Code   112  stm32f4xx_tim.o(.text)
    TIM_OCStructInit                         0x0800b591   Thumb Code    20  stm32f4xx_tim.o(.text)
    TIM_SelectOCxM                           0x0800b5a5   Thumb Code    86  stm32f4xx_tim.o(.text)
    TIM_SetCompare1                          0x0800b5fb   Thumb Code     4  stm32f4xx_tim.o(.text)
    TIM_SetCompare2                          0x0800b5ff   Thumb Code     4  stm32f4xx_tim.o(.text)
    TIM_SetCompare3                          0x0800b603   Thumb Code     4  stm32f4xx_tim.o(.text)
    TIM_SetCompare4                          0x0800b607   Thumb Code     4  stm32f4xx_tim.o(.text)
    TIM_ForcedOC1Config                      0x0800b60b   Thumb Code    18  stm32f4xx_tim.o(.text)
    TIM_ForcedOC2Config                      0x0800b61d   Thumb Code    26  stm32f4xx_tim.o(.text)
    TIM_ForcedOC3Config                      0x0800b637   Thumb Code    18  stm32f4xx_tim.o(.text)
    TIM_ForcedOC4Config                      0x0800b649   Thumb Code    26  stm32f4xx_tim.o(.text)
    TIM_OC1PreloadConfig                     0x0800b663   Thumb Code    18  stm32f4xx_tim.o(.text)
    TIM_OC2PreloadConfig                     0x0800b675   Thumb Code    26  stm32f4xx_tim.o(.text)
    TIM_OC3PreloadConfig                     0x0800b68f   Thumb Code    18  stm32f4xx_tim.o(.text)
    TIM_OC4PreloadConfig                     0x0800b6a1   Thumb Code    26  stm32f4xx_tim.o(.text)
    TIM_OC1FastConfig                        0x0800b6bb   Thumb Code    18  stm32f4xx_tim.o(.text)
    TIM_OC2FastConfig                        0x0800b6cd   Thumb Code    26  stm32f4xx_tim.o(.text)
    TIM_OC3FastConfig                        0x0800b6e7   Thumb Code    18  stm32f4xx_tim.o(.text)
    TIM_OC4FastConfig                        0x0800b6f9   Thumb Code    26  stm32f4xx_tim.o(.text)
    TIM_ClearOC1Ref                          0x0800b713   Thumb Code    18  stm32f4xx_tim.o(.text)
    TIM_ClearOC2Ref                          0x0800b725   Thumb Code    24  stm32f4xx_tim.o(.text)
    TIM_ClearOC3Ref                          0x0800b73d   Thumb Code    18  stm32f4xx_tim.o(.text)
    TIM_ClearOC4Ref                          0x0800b74f   Thumb Code    24  stm32f4xx_tim.o(.text)
    TIM_OC1PolarityConfig                    0x0800b767   Thumb Code    18  stm32f4xx_tim.o(.text)
    TIM_OC1NPolarityConfig                   0x0800b779   Thumb Code    18  stm32f4xx_tim.o(.text)
    TIM_OC2PolarityConfig                    0x0800b78b   Thumb Code    26  stm32f4xx_tim.o(.text)
    TIM_OC2NPolarityConfig                   0x0800b7a5   Thumb Code    26  stm32f4xx_tim.o(.text)
    TIM_OC3PolarityConfig                    0x0800b7bf   Thumb Code    26  stm32f4xx_tim.o(.text)
    TIM_OC3NPolarityConfig                   0x0800b7d9   Thumb Code    26  stm32f4xx_tim.o(.text)
    TIM_OC4PolarityConfig                    0x0800b7f3   Thumb Code    26  stm32f4xx_tim.o(.text)
    TIM_CCxCmd                               0x0800b80d   Thumb Code    30  stm32f4xx_tim.o(.text)
    TIM_CCxNCmd                              0x0800b82b   Thumb Code    30  stm32f4xx_tim.o(.text)
    TIM_SetIC4Prescaler                      0x0800b849   Thumb Code    26  stm32f4xx_tim.o(.text)
    TIM_SetIC3Prescaler                      0x0800b8b3   Thumb Code    18  stm32f4xx_tim.o(.text)
    TIM_SetIC2Prescaler                      0x0800b90d   Thumb Code    26  stm32f4xx_tim.o(.text)
    TIM_SetIC1Prescaler                      0x0800b981   Thumb Code    18  stm32f4xx_tim.o(.text)
    TIM_ICInit                               0x0800b9cd   Thumb Code   110  stm32f4xx_tim.o(.text)
    TIM_ICStructInit                         0x0800ba3b   Thumb Code    18  stm32f4xx_tim.o(.text)
    TIM_PWMIConfig                           0x0800ba4d   Thumb Code   124  stm32f4xx_tim.o(.text)
    TIM_GetCapture1                          0x0800bac9   Thumb Code     6  stm32f4xx_tim.o(.text)
    TIM_GetCapture2                          0x0800bacf   Thumb Code     6  stm32f4xx_tim.o(.text)
    TIM_GetCapture3                          0x0800bad5   Thumb Code     6  stm32f4xx_tim.o(.text)
    TIM_GetCapture4                          0x0800badb   Thumb Code     6  stm32f4xx_tim.o(.text)
    TIM_BDTRConfig                           0x0800bae1   Thumb Code    32  stm32f4xx_tim.o(.text)
    TIM_BDTRStructInit                       0x0800bb01   Thumb Code    18  stm32f4xx_tim.o(.text)
    TIM_CtrlPWMOutputs                       0x0800bb13   Thumb Code    30  stm32f4xx_tim.o(.text)
    TIM_SelectCOM                            0x0800bb31   Thumb Code    24  stm32f4xx_tim.o(.text)
    TIM_CCPreloadControl                     0x0800bb49   Thumb Code    24  stm32f4xx_tim.o(.text)
    TIM_ITConfig                             0x0800bb61   Thumb Code    18  stm32f4xx_tim.o(.text)
    TIM_GenerateEvent                        0x0800bb73   Thumb Code     4  stm32f4xx_tim.o(.text)
    TIM_GetFlagStatus                        0x0800bb77   Thumb Code    18  stm32f4xx_tim.o(.text)
    TIM_ClearFlag                            0x0800bb89   Thumb Code     6  stm32f4xx_tim.o(.text)
    TIM_GetITStatus                          0x0800bb8f   Thumb Code    34  stm32f4xx_tim.o(.text)
    TIM_ClearITPendingBit                    0x0800bbb1   Thumb Code     6  stm32f4xx_tim.o(.text)
    TIM_DMAConfig                            0x0800bbb7   Thumb Code    10  stm32f4xx_tim.o(.text)
    TIM_DMACmd                               0x0800bbc1   Thumb Code    18  stm32f4xx_tim.o(.text)
    TIM_SelectCCDMA                          0x0800bbd3   Thumb Code    24  stm32f4xx_tim.o(.text)
    TIM_InternalClockConfig                  0x0800bbeb   Thumb Code    12  stm32f4xx_tim.o(.text)
    TIM_SelectInputTrigger                   0x0800bbf7   Thumb Code    18  stm32f4xx_tim.o(.text)
    TIM_ITRxExternalClockConfig              0x0800bc09   Thumb Code    24  stm32f4xx_tim.o(.text)
    TIM_TIxExternalClockConfig               0x0800bc21   Thumb Code    62  stm32f4xx_tim.o(.text)
    TIM_ETRConfig                            0x0800bc5f   Thumb Code    28  stm32f4xx_tim.o(.text)
    TIM_ETRClockMode1Config                  0x0800bc7b   Thumb Code    54  stm32f4xx_tim.o(.text)
    TIM_ETRClockMode2Config                  0x0800bcb1   Thumb Code    32  stm32f4xx_tim.o(.text)
    TIM_SelectOutputTrigger                  0x0800bcd1   Thumb Code    18  stm32f4xx_tim.o(.text)
    TIM_SelectSlaveMode                      0x0800bce3   Thumb Code    18  stm32f4xx_tim.o(.text)
    TIM_SelectMasterSlaveMode                0x0800bcf5   Thumb Code    18  stm32f4xx_tim.o(.text)
    TIM_EncoderInterfaceConfig               0x0800bd07   Thumb Code    66  stm32f4xx_tim.o(.text)
    TIM_SelectHallSensor                     0x0800bd49   Thumb Code    24  stm32f4xx_tim.o(.text)
    TIM_RemapConfig                          0x0800bd61   Thumb Code     6  stm32f4xx_tim.o(.text)
    SYSCFG_DeInit                            0x0800bd69   Thumb Code    22  stm32f4xx_syscfg.o(.text)
    SYSCFG_MemoryRemapConfig                 0x0800bd7f   Thumb Code     6  stm32f4xx_syscfg.o(.text)
    SYSCFG_MemorySwappingBank                0x0800bd85   Thumb Code     6  stm32f4xx_syscfg.o(.text)
    SYSCFG_EXTILineConfig                    0x0800bd8b   Thumb Code    66  stm32f4xx_syscfg.o(.text)
    SYSCFG_ETH_MediaInterfaceConfig          0x0800bdcd   Thumb Code     8  stm32f4xx_syscfg.o(.text)
    SYSCFG_CompensationCellCmd               0x0800bdd5   Thumb Code     6  stm32f4xx_syscfg.o(.text)
    SYSCFG_GetCompensationCellStatus         0x0800bddb   Thumb Code    22  stm32f4xx_syscfg.o(.text)
    SPI_I2S_DeInit                           0x0800bdfd   Thumb Code   152  stm32f4xx_spi.o(.text)
    SPI_Init                                 0x0800be95   Thumb Code    60  stm32f4xx_spi.o(.text)
    I2S_Init                                 0x0800bed1   Thumb Code   396  stm32f4xx_spi.o(.text)
    SPI_StructInit                           0x0800c05d   Thumb Code    24  stm32f4xx_spi.o(.text)
    I2S_StructInit                           0x0800c075   Thumb Code    20  stm32f4xx_spi.o(.text)
    SPI_Cmd                                  0x0800c089   Thumb Code    24  stm32f4xx_spi.o(.text)
    I2S_Cmd                                  0x0800c0a1   Thumb Code    24  stm32f4xx_spi.o(.text)
    SPI_DataSizeConfig                       0x0800c0b9   Thumb Code    18  stm32f4xx_spi.o(.text)
    SPI_BiDirectionalLineConfig              0x0800c0cb   Thumb Code    28  stm32f4xx_spi.o(.text)
    SPI_NSSInternalSoftwareConfig            0x0800c0e7   Thumb Code    30  stm32f4xx_spi.o(.text)
    SPI_SSOutputCmd                          0x0800c105   Thumb Code    24  stm32f4xx_spi.o(.text)
    SPI_TIModeCmd                            0x0800c11d   Thumb Code    24  stm32f4xx_spi.o(.text)
    I2S_FullDuplexConfig                     0x0800c135   Thumb Code    80  stm32f4xx_spi.o(.text)
    SPI_I2S_ReceiveData                      0x0800c185   Thumb Code     6  stm32f4xx_spi.o(.text)
    SPI_I2S_SendData                         0x0800c18b   Thumb Code     4  stm32f4xx_spi.o(.text)
    SPI_CalculateCRC                         0x0800c18f   Thumb Code    24  stm32f4xx_spi.o(.text)
    SPI_TransmitCRC                          0x0800c1a7   Thumb Code    10  stm32f4xx_spi.o(.text)
    SPI_GetCRC                               0x0800c1b1   Thumb Code    16  stm32f4xx_spi.o(.text)
    SPI_GetCRCPolynomial                     0x0800c1c1   Thumb Code     6  stm32f4xx_spi.o(.text)
    SPI_I2S_DMACmd                           0x0800c1c7   Thumb Code    18  stm32f4xx_spi.o(.text)
    SPI_I2S_ITConfig                         0x0800c1d9   Thumb Code    68  stm32f4xx_spi.o(.text)
    SPI_I2S_GetFlagStatus                    0x0800c21d   Thumb Code    18  stm32f4xx_spi.o(.text)
    SPI_I2S_ClearFlag                        0x0800c22f   Thumb Code     6  stm32f4xx_spi.o(.text)
    SPI_I2S_GetITStatus                      0x0800c235   Thumb Code    52  stm32f4xx_spi.o(.text)
    SPI_I2S_ClearITPendingBit                0x0800c269   Thumb Code    20  stm32f4xx_spi.o(.text)
    SDIO_DeInit                              0x0800c27d   Thumb Code    22  stm32f4xx_sdio.o(.text)
    SDIO_Init                                0x0800c293   Thumb Code    42  stm32f4xx_sdio.o(.text)
    SDIO_StructInit                          0x0800c2bd   Thumb Code    16  stm32f4xx_sdio.o(.text)
    SDIO_ClockCmd                            0x0800c2cd   Thumb Code     6  stm32f4xx_sdio.o(.text)
    SDIO_SetPowerState                       0x0800c2d3   Thumb Code     8  stm32f4xx_sdio.o(.text)
    SDIO_GetPowerState                       0x0800c2db   Thumb Code    12  stm32f4xx_sdio.o(.text)
    SDIO_SendCommand                         0x0800c2e7   Thumb Code    42  stm32f4xx_sdio.o(.text)
    SDIO_CmdStructInit                       0x0800c311   Thumb Code    14  stm32f4xx_sdio.o(.text)
    SDIO_GetCommandResponse                  0x0800c31f   Thumb Code    10  stm32f4xx_sdio.o(.text)
    SDIO_GetResponse                         0x0800c329   Thumb Code    22  stm32f4xx_sdio.o(.text)
    SDIO_DataConfig                          0x0800c33f   Thumb Code    48  stm32f4xx_sdio.o(.text)
    SDIO_DataStructInit                      0x0800c36f   Thumb Code    20  stm32f4xx_sdio.o(.text)
    SDIO_GetDataCounter                      0x0800c383   Thumb Code     8  stm32f4xx_sdio.o(.text)
    SDIO_ReadData                            0x0800c38b   Thumb Code     8  stm32f4xx_sdio.o(.text)
    SDIO_WriteData                           0x0800c393   Thumb Code     8  stm32f4xx_sdio.o(.text)
    SDIO_GetFIFOCount                        0x0800c39b   Thumb Code     8  stm32f4xx_sdio.o(.text)
    SDIO_StartSDIOReadWait                   0x0800c3a3   Thumb Code     6  stm32f4xx_sdio.o(.text)
    SDIO_StopSDIOReadWait                    0x0800c3a9   Thumb Code     8  stm32f4xx_sdio.o(.text)
    SDIO_SetSDIOReadWaitMode                 0x0800c3b1   Thumb Code     8  stm32f4xx_sdio.o(.text)
    SDIO_SetSDIOOperation                    0x0800c3b9   Thumb Code     8  stm32f4xx_sdio.o(.text)
    SDIO_SendSDIOSuspendCmd                  0x0800c3c1   Thumb Code     6  stm32f4xx_sdio.o(.text)
    SDIO_CommandCompletionCmd                0x0800c3c7   Thumb Code     8  stm32f4xx_sdio.o(.text)
    SDIO_CEATAITCmd                          0x0800c3cf   Thumb Code    12  stm32f4xx_sdio.o(.text)
    SDIO_SendCEATACmd                        0x0800c3db   Thumb Code     8  stm32f4xx_sdio.o(.text)
    SDIO_DMACmd                              0x0800c3e3   Thumb Code     8  stm32f4xx_sdio.o(.text)
    SDIO_ITConfig                            0x0800c3eb   Thumb Code    34  stm32f4xx_sdio.o(.text)
    SDIO_GetFlagStatus                       0x0800c40d   Thumb Code    22  stm32f4xx_sdio.o(.text)
    SDIO_ClearFlag                           0x0800c423   Thumb Code     8  stm32f4xx_sdio.o(.text)
    SDIO_GetITStatus                         0x0800c42b   Thumb Code    22  stm32f4xx_sdio.o(.text)
    SDIO_ClearITPendingBit                   0x0800c441   Thumb Code     8  stm32f4xx_sdio.o(.text)
    DMA_DeInit                               0x0800c459   Thumb Code   324  stm32f4xx_dma.o(.text)
    DMA_Init                                 0x0800c59d   Thumb Code    82  stm32f4xx_dma.o(.text)
    DMA_StructInit                           0x0800c5ef   Thumb Code    34  stm32f4xx_dma.o(.text)
    DMA_Cmd                                  0x0800c611   Thumb Code    22  stm32f4xx_dma.o(.text)
    DMA_PeriphIncOffsetSizeConfig            0x0800c627   Thumb Code    22  stm32f4xx_dma.o(.text)
    DMA_FlowControllerConfig                 0x0800c63d   Thumb Code    22  stm32f4xx_dma.o(.text)
    DMA_SetCurrDataCounter                   0x0800c653   Thumb Code     4  stm32f4xx_dma.o(.text)
    DMA_GetCurrDataCounter                   0x0800c657   Thumb Code     8  stm32f4xx_dma.o(.text)
    DMA_DoubleBufferModeConfig               0x0800c65f   Thumb Code    24  stm32f4xx_dma.o(.text)
    DMA_DoubleBufferModeCmd                  0x0800c677   Thumb Code    22  stm32f4xx_dma.o(.text)
    DMA_MemoryTargetConfig                   0x0800c68d   Thumb Code    10  stm32f4xx_dma.o(.text)
    DMA_GetCurrentMemoryTarget               0x0800c697   Thumb Code    20  stm32f4xx_dma.o(.text)
    DMA_GetCmdStatus                         0x0800c6ab   Thumb Code    20  stm32f4xx_dma.o(.text)
    DMA_GetFIFOStatus                        0x0800c6bf   Thumb Code    12  stm32f4xx_dma.o(.text)
    DMA_GetFlagStatus                        0x0800c6cb   Thumb Code    56  stm32f4xx_dma.o(.text)
    DMA_ClearFlag                            0x0800c703   Thumb Code    40  stm32f4xx_dma.o(.text)
    DMA_ITConfig                             0x0800c72b   Thumb Code    58  stm32f4xx_dma.o(.text)
    DMA_GetITStatus                          0x0800c765   Thumb Code    84  stm32f4xx_dma.o(.text)
    DMA_ClearITPendingBit                    0x0800c7b9   Thumb Code    40  stm32f4xx_dma.o(.text)
    EXTI_DeInit                              0x0800c801   Thumb Code    28  stm32f4xx_exti.o(.text)
    EXTI_Init                                0x0800c81d   Thumb Code   142  stm32f4xx_exti.o(.text)
    EXTI_StructInit                          0x0800c8ab   Thumb Code    16  stm32f4xx_exti.o(.text)
    EXTI_GenerateSWInterrupt                 0x0800c8bb   Thumb Code    16  stm32f4xx_exti.o(.text)
    EXTI_GetFlagStatus                       0x0800c8cb   Thumb Code    22  stm32f4xx_exti.o(.text)
    EXTI_ClearFlag                           0x0800c8e1   Thumb Code     8  stm32f4xx_exti.o(.text)
    EXTI_GetITStatus                         0x0800c8e9   Thumb Code    22  stm32f4xx_exti.o(.text)
    EXTI_ClearITPendingBit                   0x0800c8ff   Thumb Code     8  stm32f4xx_exti.o(.text)
    RTC_WaitForSynchro                       0x0800c911   Thumb Code    92  stm32f4xx_rtc.o(.text)
    RTC_EnterInitMode                        0x0800c96d   Thumb Code    84  stm32f4xx_rtc.o(.text)
    RTC_DeInit                               0x0800c9c1   Thumb Code   204  stm32f4xx_rtc.o(.text)
    RTC_ExitInitMode                         0x0800ca8d   Thumb Code    18  stm32f4xx_rtc.o(.text)
    RTC_Init                                 0x0800ca9f   Thumb Code    94  stm32f4xx_rtc.o(.text)
    RTC_StructInit                           0x0800cafd   Thumb Code    14  stm32f4xx_rtc.o(.text)
    RTC_WriteProtectionCmd                   0x0800cb0b   Thumb Code    22  stm32f4xx_rtc.o(.text)
    RTC_RefClockCmd                          0x0800cb21   Thumb Code    76  stm32f4xx_rtc.o(.text)
    RTC_BypassShadowCmd                      0x0800cb6d   Thumb Code    54  stm32f4xx_rtc.o(.text)
    RTC_SetTime                              0x0800cbd5   Thumb Code   200  stm32f4xx_rtc.o(.text)
    RTC_TimeStructInit                       0x0800cc9d   Thumb Code    12  stm32f4xx_rtc.o(.text)
    RTC_GetTime                              0x0800cca9   Thumb Code    74  stm32f4xx_rtc.o(.text)
    RTC_GetSubSecond                         0x0800ccf3   Thumb Code    30  stm32f4xx_rtc.o(.text)
    RTC_SetDate                              0x0800cd11   Thumb Code   190  stm32f4xx_rtc.o(.text)
    RTC_DateStructInit                       0x0800cdcf   Thumb Code    14  stm32f4xx_rtc.o(.text)
    RTC_GetDate                              0x0800cddd   Thumb Code    70  stm32f4xx_rtc.o(.text)
    RTC_SetAlarm                             0x0800ce23   Thumb Code   230  stm32f4xx_rtc.o(.text)
    RTC_AlarmStructInit                      0x0800cf09   Thumb Code    22  stm32f4xx_rtc.o(.text)
    RTC_GetAlarm                             0x0800cf1f   Thumb Code   114  stm32f4xx_rtc.o(.text)
    RTC_AlarmCmd                             0x0800cf91   Thumb Code   112  stm32f4xx_rtc.o(.text)
    RTC_AlarmSubSecondConfig                 0x0800d001   Thumb Code    46  stm32f4xx_rtc.o(.text)
    RTC_GetAlarmSubSecond                    0x0800d02f   Thumb Code    34  stm32f4xx_rtc.o(.text)
    RTC_WakeUpClockConfig                    0x0800d051   Thumb Code    42  stm32f4xx_rtc.o(.text)
    RTC_SetWakeUpCounter                     0x0800d07b   Thumb Code    22  stm32f4xx_rtc.o(.text)
    RTC_GetWakeUpCounter                     0x0800d091   Thumb Code    10  stm32f4xx_rtc.o(.text)
    RTC_WakeUpCmd                            0x0800d09b   Thumb Code   116  stm32f4xx_rtc.o(.text)
    RTC_DayLightSavingConfig                 0x0800d10f   Thumb Code    50  stm32f4xx_rtc.o(.text)
    RTC_GetStoreOperation                    0x0800d141   Thumb Code    12  stm32f4xx_rtc.o(.text)
    RTC_OutputConfig                         0x0800d14d   Thumb Code    60  stm32f4xx_rtc.o(.text)
    RTC_CoarseCalibConfig                    0x0800d189   Thumb Code    52  stm32f4xx_rtc.o(.text)
    RTC_CoarseCalibCmd                       0x0800d1bd   Thumb Code    76  stm32f4xx_rtc.o(.text)
    RTC_CalibOutputCmd                       0x0800d209   Thumb Code    54  stm32f4xx_rtc.o(.text)
    RTC_CalibOutputConfig                    0x0800d23f   Thumb Code    42  stm32f4xx_rtc.o(.text)
    RTC_SmoothCalibConfig                    0x0800d269   Thumb Code    90  stm32f4xx_rtc.o(.text)
    RTC_TimeStampCmd                         0x0800d2c3   Thumb Code    54  stm32f4xx_rtc.o(.text)
    RTC_GetTimeStamp                         0x0800d2f9   Thumb Code   144  stm32f4xx_rtc.o(.text)
    RTC_GetTimeStampSubSecond                0x0800d389   Thumb Code     8  stm32f4xx_rtc.o(.text)
    RTC_TamperTriggerConfig                  0x0800d391   Thumb Code    38  stm32f4xx_rtc.o(.text)
    RTC_TamperCmd                            0x0800d3b7   Thumb Code    34  stm32f4xx_rtc.o(.text)
    RTC_TamperFilterConfig                   0x0800d3d9   Thumb Code    26  stm32f4xx_rtc.o(.text)
    RTC_TamperSamplingFreqConfig             0x0800d3f3   Thumb Code    26  stm32f4xx_rtc.o(.text)
    RTC_TamperPinsPrechargeDuration          0x0800d40d   Thumb Code    26  stm32f4xx_rtc.o(.text)
    RTC_TimeStampOnTamperDetectionCmd        0x0800d427   Thumb Code    38  stm32f4xx_rtc.o(.text)
    RTC_TamperPullUpCmd                      0x0800d44d   Thumb Code    38  stm32f4xx_rtc.o(.text)
    RTC_WriteBackupRegister                  0x0800d473   Thumb Code    26  stm32f4xx_rtc.o(.text)
    RTC_ReadBackupRegister                   0x0800d48d   Thumb Code    28  stm32f4xx_rtc.o(.text)
    RTC_TamperPinSelection                   0x0800d4a9   Thumb Code    26  stm32f4xx_rtc.o(.text)
    RTC_TimeStampPinSelection                0x0800d4c3   Thumb Code    26  stm32f4xx_rtc.o(.text)
    RTC_OutputTypeConfig                     0x0800d4dd   Thumb Code    26  stm32f4xx_rtc.o(.text)
    RTC_SynchroShiftConfig                   0x0800d4f7   Thumb Code   130  stm32f4xx_rtc.o(.text)
    RTC_ITConfig                             0x0800d579   Thumb Code    94  stm32f4xx_rtc.o(.text)
    RTC_GetFlagStatus                        0x0800d5d7   Thumb Code    34  stm32f4xx_rtc.o(.text)
    RTC_ClearFlag                            0x0800d5f9   Thumb Code    28  stm32f4xx_rtc.o(.text)
    RTC_GetITStatus                          0x0800d615   Thumb Code    60  stm32f4xx_rtc.o(.text)
    RTC_ClearITPendingBit                    0x0800d651   Thumb Code    32  stm32f4xx_rtc.o(.text)
    PWR_DeInit                               0x0800d679   Thumb Code    22  stm32f4xx_pwr.o(.text)
    PWR_BackupAccessCmd                      0x0800d68f   Thumb Code     6  stm32f4xx_pwr.o(.text)
    PWR_PVDLevelConfig                       0x0800d695   Thumb Code    18  stm32f4xx_pwr.o(.text)
    PWR_PVDCmd                               0x0800d6a7   Thumb Code     6  stm32f4xx_pwr.o(.text)
    PWR_WakeUpPinCmd                         0x0800d6ad   Thumb Code     8  stm32f4xx_pwr.o(.text)
    PWR_BackupRegulatorCmd                   0x0800d6b5   Thumb Code     8  stm32f4xx_pwr.o(.text)
    PWR_MainRegulatorModeConfig              0x0800d6bd   Thumb Code    18  stm32f4xx_pwr.o(.text)
    PWR_OverDriveCmd                         0x0800d6cf   Thumb Code     6  stm32f4xx_pwr.o(.text)
    PWR_OverDriveSWCmd                       0x0800d6d5   Thumb Code     6  stm32f4xx_pwr.o(.text)
    PWR_UnderDriveCmd                        0x0800d6db   Thumb Code    30  stm32f4xx_pwr.o(.text)
    PWR_MainRegulatorLowVoltageCmd           0x0800d6f9   Thumb Code    18  stm32f4xx_pwr.o(.text)
    PWR_LowRegulatorLowVoltageCmd            0x0800d70b   Thumb Code    18  stm32f4xx_pwr.o(.text)
    PWR_FlashPowerDownCmd                    0x0800d71d   Thumb Code     6  stm32f4xx_pwr.o(.text)
    PWR_EnterSTOPMode                        0x0800d723   Thumb Code    58  stm32f4xx_pwr.o(.text)
    PWR_EnterUnderDriveSTOPMode              0x0800d75d   Thumb Code    58  stm32f4xx_pwr.o(.text)
    PWR_EnterSTANDBYMode                     0x0800d797   Thumb Code    32  stm32f4xx_pwr.o(.text)
    PWR_GetFlagStatus                        0x0800d7b7   Thumb Code    20  stm32f4xx_pwr.o(.text)
    PWR_ClearFlag                            0x0800d7cb   Thumb Code    14  stm32f4xx_pwr.o(.text)
    RNG_DeInit                               0x0800d7e5   Thumb Code    20  stm32f4xx_rng.o(.text)
    RNG_Cmd                                  0x0800d7f9   Thumb Code    30  stm32f4xx_rng.o(.text)
    RNG_GetRandomNumber                      0x0800d817   Thumb Code     8  stm32f4xx_rng.o(.text)
    RNG_ITConfig                             0x0800d81f   Thumb Code    30  stm32f4xx_rng.o(.text)
    RNG_GetFlagStatus                        0x0800d83d   Thumb Code    22  stm32f4xx_rng.o(.text)
    RNG_ClearFlag                            0x0800d853   Thumb Code    12  stm32f4xx_rng.o(.text)
    RNG_GetITStatus                          0x0800d85f   Thumb Code    22  stm32f4xx_rng.o(.text)
    RNG_ClearITPendingBit                    0x0800d875   Thumb Code    12  stm32f4xx_rng.o(.text)
    mymemcpy                                 0x0800d885   Thumb Code    26  malloc.o(.text)
    mymemset                                 0x0800d89f   Thumb Code    20  malloc.o(.text)
    my_mem_init                              0x0800d8b3   Thumb Code    54  malloc.o(.text)
    my_mem_perused                           0x0800d8e9   Thumb Code    54  malloc.o(.text)
    my_mem_malloc                            0x0800d91f   Thumb Code   154  malloc.o(.text)
    my_mem_free                              0x0800d9b9   Thumb Code    94  malloc.o(.text)
    myfree                                   0x0800da17   Thumb Code    32  malloc.o(.text)
    mymalloc                                 0x0800da37   Thumb Code    36  malloc.o(.text)
    myrealloc                                0x0800da5b   Thumb Code    68  malloc.o(.text)
    usmart_sys_cmd_exe                       0x0800dab1   Thumb Code  1554  usmart.o(.text)
    usmart_reset_runtime                     0x0800e0c3   Thumb Code    38  usmart.o(.text)
    usmart_get_runtime                       0x0800e0e9   Thumb Code    60  usmart.o(.text)
    TIM4_IRQHandler                          0x0800e125   Thumb Code    46  usmart.o(.text)
    Timer4_Init                              0x0800e153   Thumb Code    86  usmart.o(.text)
    usmart_init                              0x0800e1a9   Thumb Code    36  usmart.o(.text)
    usmart_cmd_rec                           0x0800e1cd   Thumb Code   170  usmart.o(.text)
    usmart_exe                               0x0800e277   Thumb Code   868  usmart.o(.text)
    usmart_scan                              0x0800e5db   Thumb Code   120  usmart.o(.text)
    read_addr                                0x0800e653   Thumb Code     6  usmart.o(.text)
    write_addr                               0x0800e659   Thumb Code     4  usmart.o(.text)
    usmart_strcmp                            0x0800e6e5   Thumb Code    34  usmart_str.o(.text)
    usmart_strcopy                           0x0800e707   Thumb Code    22  usmart_str.o(.text)
    usmart_strlen                            0x0800e71d   Thumb Code    24  usmart_str.o(.text)
    usmart_pow                               0x0800e735   Thumb Code    22  usmart_str.o(.text)
    usmart_str2num                           0x0800e74b   Thumb Code   202  usmart_str.o(.text)
    usmart_get_cmdname                       0x0800e815   Thumb Code    54  usmart_str.o(.text)
    usmart_search_nextc                      0x0800e84b   Thumb Code    22  usmart_str.o(.text)
    usmart_get_fname                         0x0800e861   Thumb Code   440  usmart_str.o(.text)
    usmart_get_aparm                         0x0800ea19   Thumb Code   200  usmart_str.o(.text)
    usmart_get_parmpos                       0x0800eae1   Thumb Code    26  usmart_str.o(.text)
    usmart_get_fparam                        0x0800eafb   Thumb Code   262  usmart_str.o(.text)
    disk_initialize                          0x0800ec0d   Thumb Code    52  diskio.o(.text)
    disk_status                              0x0800ec41   Thumb Code     6  diskio.o(.text)
    disk_read                                0x0800ec47   Thumb Code    98  diskio.o(.text)
    disk_write                               0x0800eca9   Thumb Code    98  diskio.o(.text)
    disk_ioctl                               0x0800ed0b   Thumb Code   170  diskio.o(.text)
    get_fattime                              0x0800edb5   Thumb Code     4  diskio.o(.text)
    ff_memalloc                              0x0800edb9   Thumb Code    14  diskio.o(.text)
    ff_memfree                               0x0800edc7   Thumb Code    14  diskio.o(.text)
    clust2sect                               0x0800ef8b   Thumb Code    26  ff.o(.text)
    get_fat                                  0x0800efa5   Thumb Code   232  ff.o(.text)
    put_fat                                  0x0800f08d   Thumb Code   310  ff.o(.text)
    f_mount                                  0x0801039f   Thumb Code    86  ff.o(.text)
    f_open                                   0x080103f5   Thumb Code   384  ff.o(.text)
    f_read                                   0x08010575   Thumb Code   450  ff.o(.text)
    f_write                                  0x08010737   Thumb Code   498  ff.o(.text)
    f_sync                                   0x08010929   Thumb Code   176  ff.o(.text)
    f_close                                  0x080109d9   Thumb Code    32  ff.o(.text)
    f_lseek                                  0x080109f9   Thumb Code   654  ff.o(.text)
    f_opendir                                0x08010c87   Thumb Code   136  ff.o(.text)
    f_closedir                               0x08010d0f   Thumb Code    22  ff.o(.text)
    f_readdir                                0x08010d25   Thumb Code   114  ff.o(.text)
    f_stat                                   0x08010d97   Thumb Code    84  ff.o(.text)
    f_getfree                                0x08010deb   Thumb Code   258  ff.o(.text)
    f_truncate                               0x08010eed   Thumb Code   184  ff.o(.text)
    f_unlink                                 0x08010fa5   Thumb Code   194  ff.o(.text)
    f_mkdir                                  0x08011067   Thumb Code   380  ff.o(.text)
    f_chmod                                  0x080111e3   Thumb Code   112  ff.o(.text)
    f_utime                                  0x08011253   Thumb Code   110  ff.o(.text)
    f_rename                                 0x080112c1   Thumb Code   314  ff.o(.text)
    f_getlabel                               0x080113fb   Thumb Code   190  ff.o(.text)
    f_setlabel                               0x080114b9   Thumb Code   470  ff.o(.text)
    f_mkfs                                   0x0801168f   Thumb Code  1570  ff.o(.text)
    f_gets                                   0x08011cb1   Thumb Code    82  ff.o(.text)
    f_putc                                   0x08011d47   Thumb Code    64  ff.o(.text)
    f_puts                                   0x08011d87   Thumb Code    74  ff.o(.text)
    f_printf                                 0x08011dd1   Thumb Code   674  ff.o(.text)
    exfuns_init                              0x08012075   Thumb Code   110  exfuns.o(.text)
    char_upper                               0x080120e3   Thumb Code    26  exfuns.o(.text)
    f_typetell                               0x080120fd   Thumb Code   188  exfuns.o(.text)
    exf_getfree                              0x080121b9   Thumb Code    74  exfuns.o(.text)
    mf_mount                                 0x08012219   Thumb Code    20  fattester.o(.text)
    mf_open                                  0x0801222d   Thumb Code    24  fattester.o(.text)
    mf_close                                 0x08012245   Thumb Code    14  fattester.o(.text)
    mf_read                                  0x08012253   Thumb Code   224  fattester.o(.text)
    mf_write                                 0x08012333   Thumb Code    68  fattester.o(.text)
    mf_opendir                               0x08012377   Thumb Code    14  fattester.o(.text)
    mf_closedir                              0x08012385   Thumb Code    10  fattester.o(.text)
    mf_readdir                               0x0801238f   Thumb Code   204  fattester.o(.text)
    mf_scan_files                            0x0801245b   Thumb Code   120  fattester.o(.text)
    mf_showfree                              0x080124d3   Thumb Code    88  fattester.o(.text)
    mf_lseek                                 0x0801252b   Thumb Code    16  fattester.o(.text)
    mf_tell                                  0x0801253b   Thumb Code     8  fattester.o(.text)
    mf_size                                  0x08012543   Thumb Code     8  fattester.o(.text)
    mf_mkdir                                 0x0801254b   Thumb Code    12  fattester.o(.text)
    mf_fmkfs                                 0x08012557   Thumb Code    20  fattester.o(.text)
    mf_unlink                                0x0801256b   Thumb Code    12  fattester.o(.text)
    mf_rename                                0x08012577   Thumb Code    16  fattester.o(.text)
    mf_getlabel                              0x08012587   Thumb Code    58  fattester.o(.text)
    mf_setlabel                              0x080125c1   Thumb Code    34  fattester.o(.text)
    mf_gets                                  0x080125e3   Thumb Code   698  fattester.o(.text)
    mf_putc                                  0x0801289d   Thumb Code    18  fattester.o(.text)
    mf_puts                                  0x080128af   Thumb Code    18  fattester.o(.text)
    ff_convert                               0x080128e1   Thumb Code   146  mycc936.o(.text)
    ff_wtoupper                              0x08012973   Thumb Code    46  mycc936.o(.text)
    fupd_prog                                0x080129ad   Thumb Code   148  fontupd.o(.text)
    updata_fontx                             0x08012a41   Thumb Code   346  fontupd.o(.text)
    update_font                              0x08012b9b   Thumb Code   884  fontupd.o(.text)
    font_init                                0x08012f0f   Thumb Code    64  fontupd.o(.text)
    Get_HzMat                                0x08012f8d   Thumb Code   220  text.o(.text)
    Show_Font                                0x08013069   Thumb Code   190  text.o(.text)
    Show_Str                                 0x08013127   Thumb Code   192  text.o(.text)
    Show_Str_Mid                             0x080131e7   Thumb Code   106  text.o(.text)
    ShowBagin                                0x08013261   Thumb Code    44  interface.o(.text)
    stdbmp_decode                            0x080132c5   Thumb Code   712  bmp.o(.text)
    minibmp_decode                           0x0801358d   Thumb Code   932  bmp.o(.text)
    bmp_encode                               0x08013931   Thumb Code   486  bmp.o(.text)
    piclib_draw_hline                        0x08013b25   Thumb Code    52  piclib.o(.text)
    piclib_fill_color                        0x08013b59   Thumb Code    44  piclib.o(.text)
    piclib_init                              0x08013b85   Thumb Code    62  piclib.o(.text)
    piclib_alpha_blend                       0x08013bc3   Thumb Code    42  piclib.o(.text)
    ai_draw_init                             0x08013bed   Thumb Code   216  piclib.o(.text)
    is_element_ok                            0x08013cc5   Thumb Code    36  piclib.o(.text)
    ai_load_picfile                          0x08013ce9   Thumb Code   140  piclib.o(.text)
    pic_memalloc                             0x08013d75   Thumb Code    14  piclib.o(.text)
    pic_memfree                              0x08013d83   Thumb Code    14  piclib.o(.text)
    pic_get_tnum                             0x08013db1   Thumb Code   108  readp.o(.text)
    ReadP_From_SD                            0x08013e1d   Thumb Code   408  readp.o(.text)
    InitBackground                           0x08013ffd   Thumb Code    64  mode.o(.text)
    GetNewBrick                              0x0801403d   Thumb Code   108  mode.o(.text)
    IsCanMove                                0x080140a9   Thumb Code    76  mode.o(.text)
    IsCanRotate                              0x080140f5   Thumb Code   164  mode.o(.text)
    Rotate                                   0x08014199   Thumb Code    84  mode.o(.text)
    CombineBgBrick                           0x080141ed   Thumb Code    62  mode.o(.text)
    DetachBgBrick                            0x0801422b   Thumb Code    64  mode.o(.text)
    RunTetris                                0x08014289   Thumb Code   352  tetris.o(.text)
    BrickCount                               0x08014431   Thumb Code   124  view.o(.text)
    ShowBrick                                0x080144ad   Thumb Code   144  view.o(.text)
    ShowGame                                 0x0801453d   Thumb Code     8  view.o(.text)
    OnLeft                                   0x08014545   Thumb Code    34  view.o(.text)
    OnRight                                  0x08014567   Thumb Code    34  view.o(.text)
    OnUp                                     0x08014589   Thumb Code    18  view.o(.text)
    IsEnd                                    0x0801459b   Thumb Code   242  view.o(.text)
    ShowBackground                           0x0801468d   Thumb Code   114  view.o(.text)
    Remove                                   0x080146ff   Thumb Code   102  view.o(.text)
    OnDown                                   0x08014765   Thumb Code    90  view.o(.text)
    DeleteBrick                              0x080147bf   Thumb Code    98  view.o(.text)
    __use_no_semihosting                     0x080148a9   Thumb Code     2  use_no_semi_2.o(.text)
    __aeabi_ldivmod                          0x080148ab   Thumb Code     0  llsdiv.o(.text)
    _ll_sdiv                                 0x080148ab   Thumb Code    72  llsdiv.o(.text)
    __2printf                                0x080148f5   Thumb Code    20  noretval__2printf.o(.text)
    _printf_pre_padding                      0x0801490d   Thumb Code    44  _printf_pad.o(.text)
    _printf_post_padding                     0x08014939   Thumb Code    34  _printf_pad.o(.text)
    _printf_str                              0x0801495b   Thumb Code    82  _printf_str.o(.text)
    _printf_int_dec                          0x080149ad   Thumb Code   104  _printf_dec.o(.text)
    _printf_int_hex                          0x08014a25   Thumb Code    84  _printf_hex_int.o(.text)
    _printf_longlong_hex                     0x08014a25   Thumb Code     0  _printf_hex_int.o(.text)
    __printf                                 0x08014a7d   Thumb Code   388  __printf_flags_ss_wp.o(.text)
    strcpy                                   0x08014c05   Thumb Code    72  strcpy.o(.text)
    strlen                                   0x08014c4d   Thumb Code    62  strlen.o(.text)
    strcat                                   0x08014c8b   Thumb Code    24  strcat.o(.text)
    __aeabi_memcpy                           0x08014ca3   Thumb Code     0  rt_memcpy_v6.o(.text)
    __rt_memcpy                              0x08014ca3   Thumb Code   138  rt_memcpy_v6.o(.text)
    _memcpy_lastbytes                        0x08014d09   Thumb Code     0  rt_memcpy_v6.o(.text)
    strcmp                                   0x08014d2d   Thumb Code   128  strcmpv7m.o(.text)
    __use_two_region_memory                  0x08014dad   Thumb Code     2  heapauxi.o(.text)
    __rt_heap_escrow$2region                 0x08014daf   Thumb Code     2  heapauxi.o(.text)
    __rt_heap_expand$2region                 0x08014db1   Thumb Code     2  heapauxi.o(.text)
    __I$use$semihosting                      0x08014db3   Thumb Code     0  use_no_semi.o(.text)
    __use_no_semihosting_swi                 0x08014db3   Thumb Code     2  use_no_semi.o(.text)
    __aeabi_uldivmod                         0x08014db5   Thumb Code     0  lludivv7m.o(.text)
    _ll_udiv                                 0x08014db5   Thumb Code   238  lludivv7m.o(.text)
    _printf_int_common                       0x08014ea3   Thumb Code   178  _printf_intcommon.o(.text)
    _printf_cs_common                        0x08014f55   Thumb Code    20  _printf_char.o(.text)
    _printf_char                             0x08014f69   Thumb Code    16  _printf_char.o(.text)
    _printf_string                           0x08014f79   Thumb Code     8  _printf_char.o(.text)
    _printf_char_file                        0x08014f81   Thumb Code    32  _printf_char_file.o(.text)
    __aeabi_memcpy4                          0x08014fa5   Thumb Code     0  rt_memcpy_w.o(.text)
    __aeabi_memcpy8                          0x08014fa5   Thumb Code     0  rt_memcpy_w.o(.text)
    __rt_memcpy_w                            0x08014fa5   Thumb Code   100  rt_memcpy_w.o(.text)
    _memcpy_lastbytes_aligned                0x08014fed   Thumb Code     0  rt_memcpy_w.o(.text)
    _printf_char_common                      0x08015013   Thumb Code    32  _printf_char_common.o(.text)
    ferror                                   0x08015039   Thumb Code     8  ferror.o(.text)
    __user_setup_stackheap                   0x08015041   Thumb Code    74  sys_stackheap_outer.o(.text)
    exit                                     0x0801508b   Thumb Code    18  exit.o(.text)
    __user_libspace                          0x0801509d   Thumb Code     8  libspace.o(.text)
    __user_perproc_libspace                  0x0801509d   Thumb Code     0  libspace.o(.text)
    __user_perthread_libspace                0x0801509d   Thumb Code     0  libspace.o(.text)
    _is_digit                                0x080150a5   Thumb Code    14  __printf_wp.o(i._is_digit)
    __aeabi_d2uiz                            0x080150b5   Thumb Code     0  dfixu.o(x$fpl$dfixu)
    _dfixu                                   0x080150b5   Thumb Code    90  dfixu.o(x$fpl$dfixu)
    __aeabi_ui2d                             0x0801510f   Thumb Code     0  dflt_clz.o(x$fpl$dfltu)
    _dfltu                                   0x0801510f   Thumb Code    38  dflt_clz.o(x$fpl$dfltu)
    __aeabi_dmul                             0x08015135   Thumb Code     0  dmul.o(x$fpl$dmul)
    _dmul                                    0x08015135   Thumb Code   332  dmul.o(x$fpl$dmul)
    __fpl_dnaninf                            0x08015289   Thumb Code   156  dnaninf.o(x$fpl$dnaninf)
    __fpl_dretinf                            0x08015325   Thumb Code    12  dretinf.o(x$fpl$dretinf)
    _fp_init                                 0x08015331   Thumb Code    10  fpinit.o(x$fpl$fpinit)
    __fplib_config_fpu_vfp                   0x08015339   Thumb Code     0  fpinit.o(x$fpl$fpinit)
    __fplib_config_pureend_doubles           0x08015339   Thumb Code     0  fpinit.o(x$fpl$fpinit)
    __I$use$fp                               0x0801533a   Number         0  usenofp.o(x$fpl$usenofp)
    asc2_1206                                0x0801533a   Data        1140  lcd.o(.constdata)
    asc2_1608                                0x080157ae   Data        1520  lcd.o(.constdata)
    asc2_2412                                0x08015d9e   Data        3420  lcd.o(.constdata)
    FSMC_DefaultTimingStruct                 0x08016afc   Data          28  stm32f4xx_fsmc.o(.constdata)
    memtblsize                               0x08016b18   Data          12  malloc.o(.constdata)
    memblksize                               0x08016b24   Data          12  malloc.o(.constdata)
    memsize                                  0x08016b30   Data          12  malloc.o(.constdata)
    GBK24_PATH                               0x08016f38   Data           4  fontupd.o(.constdata)
    GBK16_PATH                               0x08016f3c   Data           4  fontupd.o(.constdata)
    GBK12_PATH                               0x08016f40   Data           4  fontupd.o(.constdata)
    UNIGBK_PATH                              0x08016f44   Data           4  fontupd.o(.constdata)
    Region$$Table$$Base                      0x08017328   Number         0  anon$$obj.o(Region$$Table)
    Region$$Table$$Limit                     0x08017348   Number         0  anon$$obj.o(Region$$Table)
    mem3base                                 0x10000000   Data       61440  malloc.o(.ARM.__AT_0x10000000)
    mem3mapbase                              0x1000f000   Data        3840  malloc.o(.ARM.__AT_0x1000F000)
    g_key                                    0x20000000   Data           2  main.o(.data)
    g_nData                                  0x20000002   Data           1  main.o(.data)
    SystemCoreClock                          0x20000004   Data           4  system_stm32f4xx.o(.data)
    AHBPrescTable                            0x20000008   Data          16  system_stm32f4xx.o(.data)
    POINT_COLOR                              0x20000018   Data           2  lcd.o(.data)
    BACK_COLOR                               0x2000001a   Data           2  lcd.o(.data)
    W25QXX_TYPE                              0x2000001e   Data           2  w25qxx.o(.data)
    TransferError                            0x2000002a   Data           1  sdio_sdcard.o(.data)
    TransferEnd                              0x2000002b   Data           1  sdio_sdcard.o(.data)
    tempbuff                                 0x2000002c   Data           4  sdio_sdcard.o(.data)
    NVIC_InitStructure                       0x20000030   Data           4  rtc.o(.data)
    USART3_RX_STA                            0x20000034   Data           2  usart3.o(.data)
    USART2_RX_STA                            0x20000038   Data           2  usart2.o(.data)
    __stdout                                 0x20000040   Data           4  usart_1.o(.data)
    USART_RX_STA                             0x20000044   Data           2  usart_1.o(.data)
    mallco_dev                               0x20000058   Data          36  malloc.o(.data)
    sys_cmd_tab                              0x2000007c   Data          28  usmart.o(.data)
    usmart_nametab                           0x20000098   Data         216  usmart_config.o(.data)
    usmart_dev                               0x20000170   Data         244  usmart_config.o(.data)
    FLASH_SECTOR_COUNT                       0x20000264   Data           2  diskio.o(.data)
    FILE_TYPE_TBL                            0x20000274   Data         312  exfuns.o(.data)
    fs                                       0x200003ac   Data           8  exfuns.o(.data)
    file                                     0x200003b4   Data           4  exfuns.o(.data)
    ftemp                                    0x200003b8   Data           4  exfuns.o(.data)
    br                                       0x200003bc   Data           4  exfuns.o(.data)
    bw                                       0x200003c0   Data           4  exfuns.o(.data)
    fatbuf                                   0x200003c4   Data           4  exfuns.o(.data)
    g_nShape                                 0x200003c8   Data           4  mode.o(.data)
    g_nRotate                                0x200003cc   Data           4  mode.o(.data)
    g_nRow                                   0x200003d0   Data           4  mode.o(.data)
    g_nCol                                   0x200003d4   Data           4  mode.o(.data)
    g_chBrickPool                            0x200003d8   Data         512  mode.o(.data)
    g_End                                    0x200005d8   Data           4  view.o(.data)
    g_BrickCount                             0x200005dc   Data           4  view.o(.data)
    lcddev                                   0x200005e0   Data          14  lcd.o(.bss)
    W25QXX_BUFFER                            0x200005ee   Data        4096  w25qxx.o(.bss)
    SDIO_InitStructure                       0x200015f0   Data          24  sdio_sdcard.o(.bss)
    SDIO_CmdInitStructure                    0x20001608   Data          20  sdio_sdcard.o(.bss)
    SDIO_DataInitStructure                   0x2000161c   Data          24  sdio_sdcard.o(.bss)
    SDCardInfo                               0x20001658   Data          88  sdio_sdcard.o(.bss)
    SDIO_DATA_BUFFER                         0x200016b0   Data         512  sdio_sdcard.o(.bss)
    USART3_RX_BUF                            0x200018b0   Data         200  usart3.o(.bss)
    USART2_RX_BUF                            0x20001978   Data         200  usart2.o(.bss)
    USART_RX_BUF                             0x20001a40   Data         200  usart_1.o(.bss)
    mem1base                                 0x20001b20   Data       102400  malloc.o(.bss)
    mem1mapbase                              0x2001ab20   Data        6400  malloc.o(.bss)
    fileinfo                                 0x2001c420   Data          32  exfuns.o(.bss)
    dir                                      0x2001c440   Data          36  exfuns.o(.bss)
    ftinfo                                   0x2001c464   Data          33  fontupd.o(.bss)
    picinfo                                  0x2001c488   Data          40  piclib.o(.bss)
    pic_phy                                  0x2001c4b0   Data          20  piclib.o(.bss)
    g_chBackground                           0x2001c4c4   Data         300  mode.o(.bss)
    g_chBrick                                0x2001c5f0   Data          16  mode.o(.bss)
    __libspace_start                         0x2001c600   Data          96  libspace.o(.bss)
    __temporary_stack_top$libspace           0x2001c660   Data           0  libspace.o(.bss)
    mem2base                                 0x68000000   Data       983040  malloc.o(.ARM.__AT_0x68000000)
    mem2mapbase                              0x680f0000   Data       61440  malloc.o(.ARM.__AT_0x680F0000)



==============================================================================

Memory Map of the image

  Image Entry point : 0x08000189

  Load Region LR_IROM1 (Base: 0x08000000, Size: 0x00017928, Max: 0x00100000, ABSOLUTE, COMPRESSED[0x000174fc])

    Execution Region ER_IROM1 (Base: 0x08000000, Size: 0x00017348, Max: 0x00100000, ABSOLUTE)

    Base Addr    Size         Type   Attr      Idx    E Section Name        Object

    0x08000000   0x00000188   Data   RO          795    RESET               startup_stm32f40_41xxx.o
    0x08000188   0x00000008   Code   RO         1770  * !!!main             c_w.l(__main.o)
    0x08000190   0x00000034   Code   RO         1973    !!!scatter          c_w.l(__scatter.o)
    0x080001c4   0x0000005a   Code   RO         1971    !!dczerorl2         c_w.l(__dczerorl2.o)
    0x0800021e   0x00000002   PAD
    0x08000220   0x0000001c   Code   RO         1975    !!handler_zi        c_w.l(__scatter_zi.o)
    0x0800023c   0x00000000   Code   RO         1757    .ARM.Collect$$_printf_percent$$00000000  c_w.l(_printf_percent.o)
    0x0800023c   0x00000006   Code   RO         1755    .ARM.Collect$$_printf_percent$$00000009  c_w.l(_printf_d.o)
    0x08000242   0x00000006   Code   RO         1756    .ARM.Collect$$_printf_percent$$0000000A  c_w.l(_printf_u.o)
    0x08000248   0x00000006   Code   RO         1754    .ARM.Collect$$_printf_percent$$0000000C  c_w.l(_printf_x.o)
    0x0800024e   0x00000006   Code   RO         1752    .ARM.Collect$$_printf_percent$$00000013  c_w.l(_printf_c.o)
    0x08000254   0x00000006   Code   RO         1753    .ARM.Collect$$_printf_percent$$00000014  c_w.l(_printf_s.o)
    0x0800025a   0x00000004   Code   RO         1795    .ARM.Collect$$_printf_percent$$00000017  c_w.l(_printf_percent_end.o)
    0x0800025e   0x00000002   Code   RO         1841    .ARM.Collect$$libinit$$00000000  c_w.l(libinit.o)
    0x08000260   0x00000004   Code   RO         1851    .ARM.Collect$$libinit$$00000001  c_w.l(libinit2.o)
    0x08000264   0x00000000   Code   RO         1854    .ARM.Collect$$libinit$$00000004  c_w.l(libinit2.o)
    0x08000264   0x00000000   Code   RO         1857    .ARM.Collect$$libinit$$0000000A  c_w.l(libinit2.o)
    0x08000264   0x00000000   Code   RO         1859    .ARM.Collect$$libinit$$0000000C  c_w.l(libinit2.o)
    0x08000264   0x00000000   Code   RO         1861    .ARM.Collect$$libinit$$0000000E  c_w.l(libinit2.o)
    0x08000264   0x00000000   Code   RO         1864    .ARM.Collect$$libinit$$00000011  c_w.l(libinit2.o)
    0x08000264   0x00000000   Code   RO         1866    .ARM.Collect$$libinit$$00000013  c_w.l(libinit2.o)
    0x08000264   0x00000000   Code   RO         1868    .ARM.Collect$$libinit$$00000015  c_w.l(libinit2.o)
    0x08000264   0x00000000   Code   RO         1870    .ARM.Collect$$libinit$$00000017  c_w.l(libinit2.o)
    0x08000264   0x00000000   Code   RO         1872    .ARM.Collect$$libinit$$00000019  c_w.l(libinit2.o)
    0x08000264   0x00000000   Code   RO         1874    .ARM.Collect$$libinit$$0000001B  c_w.l(libinit2.o)
    0x08000264   0x00000000   Code   RO         1876    .ARM.Collect$$libinit$$0000001D  c_w.l(libinit2.o)
    0x08000264   0x00000000   Code   RO         1878    .ARM.Collect$$libinit$$0000001F  c_w.l(libinit2.o)
    0x08000264   0x00000000   Code   RO         1880    .ARM.Collect$$libinit$$00000021  c_w.l(libinit2.o)
    0x08000264   0x00000000   Code   RO         1882    .ARM.Collect$$libinit$$00000023  c_w.l(libinit2.o)
    0x08000264   0x00000000   Code   RO         1884    .ARM.Collect$$libinit$$00000025  c_w.l(libinit2.o)
    0x08000264   0x00000000   Code   RO         1888    .ARM.Collect$$libinit$$0000002C  c_w.l(libinit2.o)
    0x08000264   0x00000000   Code   RO         1890    .ARM.Collect$$libinit$$0000002E  c_w.l(libinit2.o)
    0x08000264   0x00000000   Code   RO         1892    .ARM.Collect$$libinit$$00000030  c_w.l(libinit2.o)
    0x08000264   0x00000000   Code   RO         1894    .ARM.Collect$$libinit$$00000032  c_w.l(libinit2.o)
    0x08000264   0x00000002   Code   RO         1895    .ARM.Collect$$libinit$$00000033  c_w.l(libinit2.o)
    0x08000266   0x00000002   Code   RO         1923    .ARM.Collect$$libshutdown$$00000000  c_w.l(libshutdown.o)
    0x08000268   0x00000000   Code   RO         1937    .ARM.Collect$$libshutdown$$00000002  c_w.l(libshutdown2.o)
    0x08000268   0x00000000   Code   RO         1939    .ARM.Collect$$libshutdown$$00000004  c_w.l(libshutdown2.o)
    0x08000268   0x00000000   Code   RO         1942    .ARM.Collect$$libshutdown$$00000007  c_w.l(libshutdown2.o)
    0x08000268   0x00000000   Code   RO         1945    .ARM.Collect$$libshutdown$$0000000A  c_w.l(libshutdown2.o)
    0x08000268   0x00000000   Code   RO         1947    .ARM.Collect$$libshutdown$$0000000C  c_w.l(libshutdown2.o)
    0x08000268   0x00000000   Code   RO         1950    .ARM.Collect$$libshutdown$$0000000F  c_w.l(libshutdown2.o)
    0x08000268   0x00000002   Code   RO         1951    .ARM.Collect$$libshutdown$$00000010  c_w.l(libshutdown2.o)
    0x0800026a   0x00000000   Code   RO         1786    .ARM.Collect$$rtentry$$00000000  c_w.l(__rtentry.o)
    0x0800026a   0x00000000   Code   RO         1804    .ARM.Collect$$rtentry$$00000002  c_w.l(__rtentry2.o)
    0x0800026a   0x00000006   Code   RO         1816    .ARM.Collect$$rtentry$$00000004  c_w.l(__rtentry4.o)
    0x08000270   0x00000000   Code   RO         1806    .ARM.Collect$$rtentry$$00000009  c_w.l(__rtentry2.o)
    0x08000270   0x00000004   Code   RO         1807    .ARM.Collect$$rtentry$$0000000A  c_w.l(__rtentry2.o)
    0x08000274   0x00000000   Code   RO         1809    .ARM.Collect$$rtentry$$0000000C  c_w.l(__rtentry2.o)
    0x08000274   0x00000008   Code   RO         1810    .ARM.Collect$$rtentry$$0000000D  c_w.l(__rtentry2.o)
    0x0800027c   0x00000002   Code   RO         1845    .ARM.Collect$$rtexit$$00000000  c_w.l(rtexit.o)
    0x0800027e   0x00000000   Code   RO         1897    .ARM.Collect$$rtexit$$00000002  c_w.l(rtexit2.o)
    0x0800027e   0x00000004   Code   RO         1898    .ARM.Collect$$rtexit$$00000003  c_w.l(rtexit2.o)
    0x08000282   0x00000006   Code   RO         1899    .ARM.Collect$$rtexit$$00000004  c_w.l(rtexit2.o)
    0x08000288   0x00000010   Code   RO          746    .emb_text           sys.o
    0x08000298   0x0000026c   Code   RO            3    .text               main.o
    0x08000504   0x0000001a   Code   RO          266    .text               stm32f4xx_it.o
    0x0800051e   0x00000002   PAD
    0x08000520   0x00000210   Code   RO          315    .text               system_stm32f4xx.o
    0x08000730   0x0000004c   Code   RO          341    .text               led.o
    0x0800077c   0x00004c80   Code   RO          361    .text               lcd.o
    0x080053fc   0x00000104   Code   RO          399    .text               key.o
    0x08005500   0x00000118   Code   RO          420    .text               spi.o
    0x08005618   0x00000388   Code   RO          443    .text               w25qxx.o
    0x080059a0   0x00001d60   Code   RO          470    .text               sdio_sdcard.o
    0x08007700   0x0000031c   Code   RO          504    .text               sram.o
    0x08007a1c   0x00000088   Code   RO          524    .text               timer.o
    0x08007aa4   0x00000198   Code   RO          544    .text               show_badapple.o
    0x08007c3c   0x0000010e   Code   RO          578    .text               exti.o
    0x08007d4a   0x00000002   PAD
    0x08007d4c   0x00000244   Code   RO          598    .text               rtc.o
    0x08007f90   0x000017a4   Code   RO          624    .text               voice.o
    0x08009734   0x0000015c   Code   RO          648    .text               usart3.o
    0x08009890   0x00000134   Code   RO          676    .text               usart2.o
    0x080099c4   0x0000006c   Code   RO          704    .text               rng.o
    0x08009a30   0x00000104   Code   RO          724    .text               delay.o
    0x08009b34   0x00000164   Code   RO          764    .text               usart_1.o
    0x08009c98   0x00000040   Code   RO          796    .text               startup_stm32f40_41xxx.o
    0x08009cd8   0x000000e0   Code   RO          802    .text               misc.o
    0x08009db8   0x00000294   Code   RO          822    .text               stm32f4xx_gpio.o
    0x0800a04c   0x000005c8   Code   RO          842    .text               stm32f4xx_fsmc.o
    0x0800a614   0x0000065c   Code   RO          865    .text               stm32f4xx_rcc.o
    0x0800ac70   0x00000454   Code   RO          887    .text               stm32f4xx_usart.o
    0x0800b0c4   0x00000ca2   Code   RO          907    .text               stm32f4xx_tim.o
    0x0800bd66   0x00000002   PAD
    0x0800bd68   0x00000094   Code   RO          927    .text               stm32f4xx_syscfg.o
    0x0800bdfc   0x00000480   Code   RO          947    .text               stm32f4xx_spi.o
    0x0800c27c   0x000001dc   Code   RO          967    .text               stm32f4xx_sdio.o
    0x0800c458   0x000003a8   Code   RO          987    .text               stm32f4xx_dma.o
    0x0800c800   0x00000110   Code   RO         1130    .text               stm32f4xx_exti.o
    0x0800c910   0x00000d68   Code   RO         1193    .text               stm32f4xx_rtc.o
    0x0800d678   0x0000016c   Code   RO         1213    .text               stm32f4xx_pwr.o
    0x0800d7e4   0x000000a0   Code   RO         1233    .text               stm32f4xx_rng.o
    0x0800d884   0x0000022c   Code   RO         1253    .text               malloc.o
    0x0800dab0   0x00000c34   Code   RO         1285    .text               usmart.o
    0x0800e6e4   0x00000528   Code   RO         1333    .text               usmart_str.o
    0x0800ec0c   0x000001d0   Code   RO         1353    .text               diskio.o
    0x0800eddc   0x00003296   Code   RO         1377    .text               ff.o
    0x08012072   0x00000002   PAD
    0x08012074   0x000001a4   Code   RO         1397    .text               exfuns.o
    0x08012218   0x000006c8   Code   RO         1425    .text               fattester.o
    0x080128e0   0x000000cc   Code   RO         1449    .text               mycc936.o
    0x080129ac   0x000005e0   Code   RO         1470    .text               fontupd.o
    0x08012f8c   0x000002d4   Code   RO         1499    .text               text.o
    0x08013260   0x00000064   Code   RO         1519    .text               interface.o
    0x080132c4   0x00000860   Code   RO         1543    .text               bmp.o
    0x08013b24   0x0000028c   Code   RO         1563    .text               piclib.o
    0x08013db0   0x0000024c   Code   RO         1589    .text               readp.o
    0x08013ffc   0x0000028c   Code   RO         1613    .text               mode.o
    0x08014288   0x000001a8   Code   RO         1641    .text               tetris.o
    0x08014430   0x00000478   Code   RO         1665    .text               view.o
    0x080148a8   0x00000002   Code   RO         1695    .text               c_w.l(use_no_semi_2.o)
    0x080148aa   0x00000048   Code   RO         1697    .text               c_w.l(llsdiv.o)
    0x080148f2   0x00000002   PAD
    0x080148f4   0x00000018   Code   RO         1701    .text               c_w.l(noretval__2printf.o)
    0x0801490c   0x0000004e   Code   RO         1705    .text               c_w.l(_printf_pad.o)
    0x0801495a   0x00000052   Code   RO         1707    .text               c_w.l(_printf_str.o)
    0x080149ac   0x00000078   Code   RO         1709    .text               c_w.l(_printf_dec.o)
    0x08014a24   0x00000058   Code   RO         1714    .text               c_w.l(_printf_hex_int.o)
    0x08014a7c   0x00000188   Code   RO         1749    .text               c_w.l(__printf_flags_ss_wp.o)
    0x08014c04   0x00000048   Code   RO         1758    .text               c_w.l(strcpy.o)
    0x08014c4c   0x0000003e   Code   RO         1760    .text               c_w.l(strlen.o)
    0x08014c8a   0x00000018   Code   RO         1762    .text               c_w.l(strcat.o)
    0x08014ca2   0x0000008a   Code   RO         1764    .text               c_w.l(rt_memcpy_v6.o)
    0x08014d2c   0x00000080   Code   RO         1766    .text               c_w.l(strcmpv7m.o)
    0x08014dac   0x00000006   Code   RO         1768    .text               c_w.l(heapauxi.o)
    0x08014db2   0x00000002   Code   RO         1784    .text               c_w.l(use_no_semi.o)
    0x08014db4   0x000000ee   Code   RO         1787    .text               c_w.l(lludivv7m.o)
    0x08014ea2   0x000000b2   Code   RO         1789    .text               c_w.l(_printf_intcommon.o)
    0x08014f54   0x0000002c   Code   RO         1791    .text               c_w.l(_printf_char.o)
    0x08014f80   0x00000024   Code   RO         1793    .text               c_w.l(_printf_char_file.o)
    0x08014fa4   0x00000064   Code   RO         1796    .text               c_w.l(rt_memcpy_w.o)
    0x08015008   0x00000030   Code   RO         1822    .text               c_w.l(_printf_char_common.o)
    0x08015038   0x00000008   Code   RO         1824    .text               c_w.l(ferror.o)
    0x08015040   0x0000004a   Code   RO         1828    .text               c_w.l(sys_stackheap_outer.o)
    0x0801508a   0x00000012   Code   RO         1834    .text               c_w.l(exit.o)
    0x0801509c   0x00000008   Code   RO         1842    .text               c_w.l(libspace.o)
    0x080150a4   0x0000000e   Code   RO         1742    i._is_digit         c_w.l(__printf_wp.o)
    0x080150b2   0x00000002   PAD
    0x080150b4   0x0000005a   Code   RO         1772    x$fpl$dfixu         fz_wm.l(dfixu.o)
    0x0801510e   0x00000026   Code   RO         1776    x$fpl$dfltu         fz_wm.l(dflt_clz.o)
    0x08015134   0x00000154   Code   RO         1782    x$fpl$dmul          fz_wm.l(dmul.o)
    0x08015288   0x0000009c   Code   RO         1798    x$fpl$dnaninf       fz_wm.l(dnaninf.o)
    0x08015324   0x0000000c   Code   RO         1800    x$fpl$dretinf       fz_wm.l(dretinf.o)
    0x08015330   0x0000000a   Code   RO         1911    x$fpl$fpinit        fz_wm.l(fpinit.o)
    0x0801533a   0x00000000   Code   RO         1802    x$fpl$usenofp       fz_wm.l(usenofp.o)
    0x0801533a   0x000017c0   Data   RO          363    .constdata          lcd.o
    0x08016afa   0x00000002   PAD
    0x08016afc   0x0000001c   Data   RO          843    .constdata          stm32f4xx_fsmc.o
    0x08016b18   0x00000024   Data   RO         1259    .constdata          malloc.o
    0x08016b3c   0x0000003a   Data   RO         1378    .constdata          ff.o
    0x08016b76   0x000003c0   Data   RO         1450    .constdata          mycc936.o
    0x08016f36   0x00000002   PAD
    0x08016f38   0x00000010   Data   RO         1472    .constdata          fontupd.o
    0x08016f48   0x00000028   Data   RO         1715    .constdata          c_w.l(_printf_hex_int.o)
    0x08016f70   0x00000011   Data   RO         1750    .constdata          c_w.l(__printf_flags_ss_wp.o)
    0x08016f81   0x00000003   PAD
    0x08016f84   0x00000028   Data   RO         1286    .conststring        usmart.o
    0x08016fac   0x000002b9   Data   RO         1309    .conststring        usmart_config.o
    0x08017265   0x00000003   PAD
    0x08017268   0x00000060   Data   RO         1399    .conststring        exfuns.o
    0x080172c8   0x0000005f   Data   RO         1473    .conststring        fontupd.o
    0x08017327   0x00000001   PAD
    0x08017328   0x00000020   Data   RO         1969    Region$$Table       anon$$obj.o


    Execution Region RW_IRAM1 (Base: 0x20000000, Size: 0x0001cc60, Max: 0x00020000, ABSOLUTE, COMPRESSED[0x000001b4])

    Base Addr    Size         Type   Attr      Idx    E Section Name        Object

    0x20000000   0x00000003   Data   RW            4    .data               main.o
    0x20000003   0x00000001   PAD
    0x20000004   0x00000014   Data   RW          316    .data               system_stm32f4xx.o
    0x20000018   0x00000004   Data   RW          364    .data               lcd.o
    0x2000001c   0x00000001   Data   RW          400    .data               key.o
    0x2000001d   0x00000001   PAD
    0x2000001e   0x00000002   Data   RW          445    .data               w25qxx.o
    0x20000020   0x00000010   Data   RW          472    .data               sdio_sdcard.o
    0x20000030   0x00000004   Data   RW          599    .data               rtc.o
    0x20000034   0x00000003   Data   RW          650    .data               usart3.o
    0x20000037   0x00000001   PAD
    0x20000038   0x00000002   Data   RW          678    .data               usart2.o
    0x2000003a   0x00000004   Data   RW          725    .data               delay.o
    0x2000003e   0x00000002   PAD
    0x20000040   0x00000006   Data   RW          766    .data               usart_1.o
    0x20000046   0x00000010   Data   RW          866    .data               stm32f4xx_rcc.o
    0x20000056   0x00000002   PAD
    0x20000058   0x00000024   Data   RW         1260    .data               malloc.o
    0x2000007c   0x0000001c   Data   RW         1287    .data               usmart.o
    0x20000098   0x000001cc   Data   RW         1310    .data               usmart_config.o
    0x20000264   0x00000002   Data   RW         1354    .data               diskio.o
    0x20000266   0x00000002   PAD
    0x20000268   0x0000000a   Data   RW         1379    .data               ff.o
    0x20000272   0x00000002   PAD
    0x20000274   0x00000154   Data   RW         1400    .data               exfuns.o
    0x200003c8   0x00000210   Data   RW         1615    .data               mode.o
    0x200005d8   0x00000008   Data   RW         1666    .data               view.o
    0x200005e0   0x0000000e   Zero   RW          362    .bss                lcd.o
    0x200005ee   0x00001000   Zero   RW          444    .bss                w25qxx.o
    0x200015ee   0x00000002   PAD
    0x200015f0   0x000002c0   Zero   RW          471    .bss                sdio_sdcard.o
    0x200018b0   0x000000c8   Zero   RW          649    .bss                usart3.o
    0x20001978   0x000000c8   Zero   RW          677    .bss                usart2.o
    0x20001a40   0x000000c8   Zero   RW          765    .bss                usart_1.o
    0x20001b08   0x00000018   PAD
    0x20001b20   0x0001a900   Zero   RW         1258    .bss                malloc.o
    0x2001c420   0x00000044   Zero   RW         1398    .bss                exfuns.o
    0x2001c464   0x00000021   Zero   RW         1471    .bss                fontupd.o
    0x2001c485   0x00000003   PAD
    0x2001c488   0x0000003c   Zero   RW         1564    .bss                piclib.o
    0x2001c4c4   0x0000013c   Zero   RW         1614    .bss                mode.o
    0x2001c600   0x00000060   Zero   RW         1843    .bss                c_w.l(libspace.o)
    0x2001c660   0x00000200   Zero   RW          794    HEAP                startup_stm32f40_41xxx.o
    0x2001c860   0x00000400   Zero   RW          793    STACK               startup_stm32f40_41xxx.o



  Load Region LR$$.ARM.__AT_0x10000000 (Base: 0x10000000, Size: 0x00000000, Max: 0x0000f000, ABSOLUTE)

    Execution Region ER$$.ARM.__AT_0x10000000 (Base: 0x10000000, Size: 0x0000f000, Max: 0x0000f000, ABSOLUTE, UNINIT)

    Base Addr    Size         Type   Attr      Idx    E Section Name        Object

    0x10000000   0x0000f000   Zero   RW         1254    .ARM.__AT_0x10000000  malloc.o



  Load Region LR$$.ARM.__AT_0x1000F000 (Base: 0x1000f000, Size: 0x00000000, Max: 0x00000f00, ABSOLUTE)

    Execution Region ER$$.ARM.__AT_0x1000F000 (Base: 0x1000f000, Size: 0x00000f00, Max: 0x00000f00, ABSOLUTE, UNINIT)

    Base Addr    Size         Type   Attr      Idx    E Section Name        Object

    0x1000f000   0x00000f00   Zero   RW         1255    .ARM.__AT_0x1000F000  malloc.o



  Load Region LR$$.ARM.__AT_0x68000000 (Base: 0x68000000, Size: 0x00000000, Max: 0x000f0000, ABSOLUTE)

    Execution Region ER$$.ARM.__AT_0x68000000 (Base: 0x68000000, Size: 0x000f0000, Max: 0x000f0000, ABSOLUTE, UNINIT)

    Base Addr    Size         Type   Attr      Idx    E Section Name        Object

    0x68000000   0x000f0000   Zero   RW         1256    .ARM.__AT_0x68000000  malloc.o



  Load Region LR$$.ARM.__AT_0x680F0000 (Base: 0x680f0000, Size: 0x00000000, Max: 0x0000f000, ABSOLUTE)

    Execution Region ER$$.ARM.__AT_0x680F0000 (Base: 0x680f0000, Size: 0x0000f000, Max: 0x0000f000, ABSOLUTE, UNINIT)

    Base Addr    Size         Type   Attr      Idx    E Section Name        Object

    0x680f0000   0x0000f000   Zero   RW         1257    .ARM.__AT_0x680F0000  malloc.o


==============================================================================

Image component sizes


      Code (inc. data)   RO Data    RW Data    ZI Data      Debug   Object Name

      2144         24          0          0          0       5242   bmp.o
       260          8          0          4          0       1477   delay.o
       464          8          0          2          0       4354   diskio.o
       420         22         96        340         68       2704   exfuns.o
       270          0          0          0          0       1053   exti.o
      1736        690          0          0          0       5956   fattester.o
     12950        138         58         10          0      35690   ff.o
      1504        158        111          0         33       4280   fontupd.o
       100         56          0          0          0        488   interface.o
       260         12          0          1          0        876   key.o
     19584        174       6080          4         14      22858   lcd.o
        76          6          0          0          0        537   led.o
       620        134          0          3          0     341538   main.o
       556         18         36         36    1218560       4985   malloc.o
       224         20          0          0          0       1813   misc.o
       652         30          0        528        316       4045   mode.o
       204         12        960          0          0       1673   mycc936.o
       652         32          0          0         60       4807   piclib.o
       588         72          0          0          0       2113   readp.o
       108          0          0          0          0       1009   rng.o
       580         22          0          4          0       2844   rtc.o
      7520        282          0         16        704      25253   sdio_sdcard.o
       408         56          0          0          0       4061   show_badapple.o
       280          8          0          0          0       1077   spi.o
       796         20          0          0          0       2337   sram.o
        64         26        392          0       1536        836   startup_stm32f40_41xxx.o
       936         32          0          0          0       6389   stm32f4xx_dma.o
       272         10          0          0          0       2283   stm32f4xx_exti.o
      1480         18         28          0          0       5642   stm32f4xx_fsmc.o
       660         44          0          0          0       4153   stm32f4xx_gpio.o
        26          0          0          0          0       1222   stm32f4xx_it.o
       364         12          0          0          0       3791   stm32f4xx_pwr.o
      1628         52          0         16          0      13028   stm32f4xx_rcc.o
       160          4          0          0          0       1808   stm32f4xx_rng.o
      3432         44          0          0          0      15428   stm32f4xx_rtc.o
       476         16          0          0          0       7416   stm32f4xx_sdio.o
      1152         36          0          0          0       6905   stm32f4xx_spi.o
       148         12          0          0          0       1841   stm32f4xx_syscfg.o
      3234         60          0          0          0      23012   stm32f4xx_tim.o
      1108         34          0          0          0       7880   stm32f4xx_usart.o
        16          0          0          0          0        488   sys.o
       528         46          0         20          0       1771   system_stm32f4xx.o
       424         72          0          0          0        728   tetris.o
       724         16          0          0          0       3132   text.o
       136         10          0          0          0        824   timer.o
       308         16          0          2        200       1550   usart2.o
       348         24          0          3        200       1582   usart3.o
       356         20          0          6        200       3346   usart_1.o
      3124       1286         40         28          0       4414   usmart.o
         0          0        697        460          0       1592   usmart_config.o
      1320         12          0          0          0       5337   usmart_str.o
      1144        136          0          8          0       2992   view.o
      6052        110          0          0          0       4236   voice.o
       904         34          0          2       4096       4485   w25qxx.o

    ----------------------------------------------------------------------
     83488       4184       8538       1504    1226016     621181   Object Totals
         0          0         32          0          0          0   (incl. Generated)
         8          0          8         11         29          0   (incl. Padding)

    ----------------------------------------------------------------------

      Code (inc. data)   RO Data    RW Data    ZI Data      Debug   Library Member Name

        90          0          0          0          0          0   __dczerorl2.o
         8          0          0          0          0         68   __main.o
       392          4         17          0          0         92   __printf_flags_ss_wp.o
        14          0          0          0          0         68   __printf_wp.o
         0          0          0          0          0          0   __rtentry.o
        12          0          0          0          0          0   __rtentry2.o
         6          0          0          0          0          0   __rtentry4.o
        52          8          0          0          0          0   __scatter.o
        28          0          0          0          0          0   __scatter_zi.o
         6          0          0          0          0          0   _printf_c.o
        44          0          0          0          0        108   _printf_char.o
        48          6          0          0          0         96   _printf_char_common.o
        36          4          0          0          0         80   _printf_char_file.o
         6          0          0          0          0          0   _printf_d.o
       120         16          0          0          0         92   _printf_dec.o
        88          4         40          0          0         88   _printf_hex_int.o
       178          0          0          0          0         88   _printf_intcommon.o
        78          0          0          0          0        108   _printf_pad.o
         0          0          0          0          0          0   _printf_percent.o
         4          0          0          0          0          0   _printf_percent_end.o
         6          0          0          0          0          0   _printf_s.o
        82          0          0          0          0         80   _printf_str.o
         6          0          0          0          0          0   _printf_u.o
         6          0          0          0          0          0   _printf_x.o
        18          0          0          0          0         80   exit.o
         8          0          0          0          0         68   ferror.o
         6          0          0          0          0        152   heapauxi.o
         2          0          0          0          0          0   libinit.o
         6          0          0          0          0          0   libinit2.o
         2          0          0          0          0          0   libshutdown.o
         2          0          0          0          0          0   libshutdown2.o
         8          4          0          0         96         68   libspace.o
        72          0          0          0          0         76   llsdiv.o
       238          0          0          0          0        100   lludivv7m.o
        24          4          0          0          0         84   noretval__2printf.o
       138          0          0          0          0         68   rt_memcpy_v6.o
       100          0          0          0          0         80   rt_memcpy_w.o
         2          0          0          0          0          0   rtexit.o
        10          0          0          0          0          0   rtexit2.o
        24          0          0          0          0         68   strcat.o
       128          0          0          0          0         68   strcmpv7m.o
        72          0          0          0          0         80   strcpy.o
        62          0          0          0          0         76   strlen.o
        74          0          0          0          0         80   sys_stackheap_outer.o
         2          0          0          0          0         68   use_no_semi.o
         2          0          0          0          0         68   use_no_semi_2.o
        90          4          0          0          0        140   dfixu.o
        38          0          0          0          0        116   dflt_clz.o
       340         12          0          0          0        152   dmul.o
       156          4          0          0          0        140   dnaninf.o
        12          0          0          0          0        116   dretinf.o
        10          0          0          0          0        116   fpinit.o
         0          0          0          0          0          0   usenofp.o

    ----------------------------------------------------------------------
      2962         70         60          0         96       3032   Library Totals
         6          0          3          0          0          0   (incl. Padding)

    ----------------------------------------------------------------------

      Code (inc. data)   RO Data    RW Data    ZI Data      Debug   Library Name

      2310         50         57          0         96       2252   c_w.l
       646         20          0          0          0        780   fz_wm.l

    ----------------------------------------------------------------------
      2962         70         60          0         96       3032   Library Totals

    ----------------------------------------------------------------------

==============================================================================


      Code (inc. data)   RO Data    RW Data    ZI Data      Debug   

     86450       4254       8598       1504    1226112     611517   Grand Totals
     86450       4254       8598        436    1226112     611517   ELF Image Totals (compressed)
     86450       4254       8598        436          0          0   ROM Totals

==============================================================================

    Total RO  Size (Code + RO Data)                95048 (  92.82kB)
    Total RW  Size (RW Data + ZI Data)           1227616 (1198.84kB)
    Total ROM Size (Code + RO Data + RW Data)      95484 (  93.25kB)

==============================================================================

